Archive member included to satisfy reference by file (symbol)

D:/development tools/MCUdevelopment/STMcubemxIDE/STM32CubeIDE_1.13.1/STM32CubeIDE/plugins/com.st.stm32cube.ide.mcu.externaltools.gnu-tools-for-stm32.13.3.rel1.win32_1.0.0.202411081344/tools/bin/../lib/gcc/arm-none-eabi/13.3.1/../../../../arm-none-eabi/lib/thumb/v7e-m+fp/hard\libc_nano.a(libc_a-exit.o)
                              D:/development tools/MCUdevelopment/STMcubemxIDE/STM32CubeIDE_1.13.1/STM32CubeIDE/plugins/com.st.stm32cube.ide.mcu.externaltools.gnu-tools-for-stm32.13.3.rel1.win32_1.0.0.202411081344/tools/bin/../lib/gcc/arm-none-eabi/13.3.1/../../../../arm-none-eabi/lib/thumb/v7e-m+fp/hard/crt0.o (exit)
D:/development tools/MCUdevelopment/STMcubemxIDE/STM32CubeIDE_1.13.1/STM32CubeIDE/plugins/com.st.stm32cube.ide.mcu.externaltools.gnu-tools-for-stm32.13.3.rel1.win32_1.0.0.202411081344/tools/bin/../lib/gcc/arm-none-eabi/13.3.1/../../../../arm-none-eabi/lib/thumb/v7e-m+fp/hard\libc_nano.a(libc_a-findfp.o)
                              D:/development tools/MCUdevelopment/STMcubemxIDE/STM32CubeIDE_1.13.1/STM32CubeIDE/plugins/com.st.stm32cube.ide.mcu.externaltools.gnu-tools-for-stm32.13.3.rel1.win32_1.0.0.202411081344/tools/bin/../lib/gcc/arm-none-eabi/13.3.1/../../../../arm-none-eabi/lib/thumb/v7e-m+fp/hard\libc_nano.a(libc_a-exit.o) (__stdio_exit_handler)
D:/development tools/MCUdevelopment/STMcubemxIDE/STM32CubeIDE_1.13.1/STM32CubeIDE/plugins/com.st.stm32cube.ide.mcu.externaltools.gnu-tools-for-stm32.13.3.rel1.win32_1.0.0.202411081344/tools/bin/../lib/gcc/arm-none-eabi/13.3.1/../../../../arm-none-eabi/lib/thumb/v7e-m+fp/hard\libc_nano.a(libc_a-fwalk.o)
                              D:/development tools/MCUdevelopment/STMcubemxIDE/STM32CubeIDE_1.13.1/STM32CubeIDE/plugins/com.st.stm32cube.ide.mcu.externaltools.gnu-tools-for-stm32.13.3.rel1.win32_1.0.0.202411081344/tools/bin/../lib/gcc/arm-none-eabi/13.3.1/../../../../arm-none-eabi/lib/thumb/v7e-m+fp/hard\libc_nano.a(libc_a-findfp.o) (_fwalk_sglue)
D:/development tools/MCUdevelopment/STMcubemxIDE/STM32CubeIDE_1.13.1/STM32CubeIDE/plugins/com.st.stm32cube.ide.mcu.externaltools.gnu-tools-for-stm32.13.3.rel1.win32_1.0.0.202411081344/tools/bin/../lib/gcc/arm-none-eabi/13.3.1/../../../../arm-none-eabi/lib/thumb/v7e-m+fp/hard\libc_nano.a(libc_a-stdio.o)
                              D:/development tools/MCUdevelopment/STMcubemxIDE/STM32CubeIDE_1.13.1/STM32CubeIDE/plugins/com.st.stm32cube.ide.mcu.externaltools.gnu-tools-for-stm32.13.3.rel1.win32_1.0.0.202411081344/tools/bin/../lib/gcc/arm-none-eabi/13.3.1/../../../../arm-none-eabi/lib/thumb/v7e-m+fp/hard\libc_nano.a(libc_a-findfp.o) (__sread)
D:/development tools/MCUdevelopment/STMcubemxIDE/STM32CubeIDE_1.13.1/STM32CubeIDE/plugins/com.st.stm32cube.ide.mcu.externaltools.gnu-tools-for-stm32.13.3.rel1.win32_1.0.0.202411081344/tools/bin/../lib/gcc/arm-none-eabi/13.3.1/../../../../arm-none-eabi/lib/thumb/v7e-m+fp/hard\libc_nano.a(libc_a-vsprintf.o)
                              ./UserLibs/Bsp/Src/OLED.o (vsprintf)
D:/development tools/MCUdevelopment/STMcubemxIDE/STM32CubeIDE_1.13.1/STM32CubeIDE/plugins/com.st.stm32cube.ide.mcu.externaltools.gnu-tools-for-stm32.13.3.rel1.win32_1.0.0.202411081344/tools/bin/../lib/gcc/arm-none-eabi/13.3.1/../../../../arm-none-eabi/lib/thumb/v7e-m+fp/hard\libc_nano.a(libc_a-memcmp.o)
                              ./UserLibs/Bsp/Src/inv_mpu.o (memcmp)
D:/development tools/MCUdevelopment/STMcubemxIDE/STM32CubeIDE_1.13.1/STM32CubeIDE/plugins/com.st.stm32cube.ide.mcu.externaltools.gnu-tools-for-stm32.13.3.rel1.win32_1.0.0.202411081344/tools/bin/../lib/gcc/arm-none-eabi/13.3.1/../../../../arm-none-eabi/lib/thumb/v7e-m+fp/hard\libc_nano.a(libc_a-memset.o)
                              D:/development tools/MCUdevelopment/STMcubemxIDE/STM32CubeIDE_1.13.1/STM32CubeIDE/plugins/com.st.stm32cube.ide.mcu.externaltools.gnu-tools-for-stm32.13.3.rel1.win32_1.0.0.202411081344/tools/bin/../lib/gcc/arm-none-eabi/13.3.1/../../../../arm-none-eabi/lib/thumb/v7e-m+fp/hard/crt0.o (memset)
D:/development tools/MCUdevelopment/STMcubemxIDE/STM32CubeIDE_1.13.1/STM32CubeIDE/plugins/com.st.stm32cube.ide.mcu.externaltools.gnu-tools-for-stm32.13.3.rel1.win32_1.0.0.202411081344/tools/bin/../lib/gcc/arm-none-eabi/13.3.1/../../../../arm-none-eabi/lib/thumb/v7e-m+fp/hard\libc_nano.a(libc_a-closer.o)
                              D:/development tools/MCUdevelopment/STMcubemxIDE/STM32CubeIDE_1.13.1/STM32CubeIDE/plugins/com.st.stm32cube.ide.mcu.externaltools.gnu-tools-for-stm32.13.3.rel1.win32_1.0.0.202411081344/tools/bin/../lib/gcc/arm-none-eabi/13.3.1/../../../../arm-none-eabi/lib/thumb/v7e-m+fp/hard\libc_nano.a(libc_a-stdio.o) (_close_r)
D:/development tools/MCUdevelopment/STMcubemxIDE/STM32CubeIDE_1.13.1/STM32CubeIDE/plugins/com.st.stm32cube.ide.mcu.externaltools.gnu-tools-for-stm32.13.3.rel1.win32_1.0.0.202411081344/tools/bin/../lib/gcc/arm-none-eabi/13.3.1/../../../../arm-none-eabi/lib/thumb/v7e-m+fp/hard\libc_nano.a(libc_a-reent.o)
[...]
Memory Configuration

Name             Origin             Length             Attributes
RAM              0x20000000         0x00018000         xrw
FLASH            0x08000000         0x00080000         xr
*default*        0x00000000         0xffffffff

Linker script and memory map

LOAD D:/development tools/MCUdevelopment/STMcubemxIDE/STM32CubeIDE_1.13.1/STM32CubeIDE/plugins/com.st.stm32cube.ide.mcu.externaltools.gnu-tools-for-stm32.13.3.rel1.win32_1.0.0.202411081344/tools/bin/../lib/gcc/arm-none-eabi/13.3.1/thumb/v7e-m+fp/hard/crti.o
LOAD D:/development tools/MCUdevelopment/STMcubemxIDE/STM32CubeIDE_1.13.1/STM32CubeIDE/plugins/com.st.stm32cube.ide.mcu.externaltools.gnu-tools-for-stm32.13.3.rel1.win32_1.0.0.202411081344/tools/bin/../lib/gcc/arm-none-eabi/13.3.1/thumb/v7e-m+fp/hard/crtbegin.o
LOAD D:/development tools/MCUdevelopment/STMcubemxIDE/STM32CubeIDE_1.13.1/STM32CubeIDE/plugins/com.st.stm32cube.ide.mcu.externaltools.gnu-tools-for-stm32.13.3.rel1.win32_1.0.0.202411081344/tools/bin/../lib/gcc/arm-none-eabi/13.3.1/../../../../arm-none-eabi/lib/thumb/v7e-m+fp/hard/crt0.o
LOAD ./Core/Src/adc.o
LOAD ./Core/Src/dma.o
LOAD ./Core/Src/freertos.o
LOAD ./Core/Src/gpio.o
LOAD ./Core/Src/i2c.o
LOAD ./Core/Src/main.o
LOAD ./Core/Src/stm32f4xx_hal_msp.o
LOAD ./Core/Src/stm32f4xx_hal_timebase_tim.o
LOAD ./Core/Src/stm32f4xx_it.o
LOAD ./Core/Src/syscalls.o
LOAD ./Core/Src/sysmem.o
LOAD ./Core/Src/system_stm32f4xx.o
LOAD ./Core/Src/tim.o
LOAD ./Core/Src/usart.o
LOAD ./Core/Startup/startup_stm32f401retx.o
LOAD ./Drivers/STM32F4xx_HAL_Driver/stm32f4xx_hal.o
LOAD ./Drivers/STM32F4xx_HAL_Driver/stm32f4xx_hal_adc.o
LOAD ./Drivers/STM32F4xx_HAL_Driver/stm32f4xx_hal_adc_ex.o
LOAD ./Drivers/STM32F4xx_HAL_Driver/stm32f4xx_hal_cortex.o
LOAD ./Drivers/STM32F4xx_HAL_Driver/stm32f4xx_hal_dma.o
LOAD ./Drivers/STM32F4xx_HAL_Driver/stm32f4xx_hal_dma_ex.o
LOAD ./Drivers/STM32F4xx_HAL_Driver/stm32f4xx_hal_exti.o
LOAD ./Drivers/STM32F4xx_HAL_Driver/stm32f4xx_hal_flash.o
LOAD ./Drivers/STM32F4xx_HAL_Driver/stm32f4xx_hal_flash_ex.o
LOAD ./Drivers/STM32F4xx_HAL_Driver/stm32f4xx_hal_flash_ramfunc.o
LOAD ./Drivers/STM32F4xx_HAL_Driver/stm32f4xx_hal_gpio.o
LOAD ./Drivers/STM32F4xx_HAL_Driver/stm32f4xx_hal_i2c.o
LOAD ./Drivers/STM32F4xx_HAL_Driver/stm32f4xx_hal_i2c_ex.o
LOAD ./Drivers/STM32F4xx_HAL_Driver/stm32f4xx_hal_pwr.o
LOAD ./Drivers/STM32F4xx_HAL_Driver/stm32f4xx_hal_pwr_ex.o
LOAD ./Drivers/STM32F4xx_HAL_Driver/stm32f4xx_hal_rcc.o
LOAD ./Drivers/STM32F4xx_HAL_Driver/stm32f4xx_hal_rcc_ex.o
LOAD ./Drivers/STM32F4xx_HAL_Driver/stm32f4xx_hal_tim.o
LOAD ./Drivers/STM32F4xx_HAL_Driver/stm32f4xx_hal_tim_ex.o
LOAD ./Drivers/STM32F4xx_HAL_Driver/stm32f4xx_hal_uart.o
LOAD ./Drivers/STM32F4xx_HAL_Driver/stm32f4xx_ll_adc.o
LOAD ./Middlewares/FreeRTOS/cmsis_os.o
LOAD ./Middlewares/FreeRTOS/croutine.o
LOAD ./Middlewares/FreeRTOS/event_groups.o
LOAD ./Middlewares/FreeRTOS/heap_4.o
LOAD ./Middlewares/FreeRTOS/list.o
LOAD ./Middlewares/FreeRTOS/port.o
LOAD ./Middlewares/FreeRTOS/queue.o
LOAD ./Middlewares/FreeRTOS/stream_buffer.o
LOAD ./Middlewares/FreeRTOS/tasks.o
LOAD ./Middlewares/FreeRTOS/timers.o
LOAD ./UserLibs/Algorithm/Src/calibrate_angle.o
LOAD ./UserLibs/Algorithm/Src/filter.o
LOAD ./UserLibs/Bsp/Src/MPU6500.o
LOAD ./UserLibs/Bsp/Src/OLED.o
LOAD ./UserLibs/Bsp/Src/OLED_Data.o
LOAD ./UserLibs/Bsp/Src/inv_mpu.o
LOAD ./UserLibs/Bsp/Src/inv_mpu_dmp_motion_driver.o
LOAD ./UserLibs/Controller/Src/pid.o
LOAD ./UserLibs/Devices/Src/car.o
LOAD ./UserLibs/Devices/Src/encoder.o
LOAD ./UserLibs/Devices/Src/exti_devices.o
LOAD ./UserLibs/Devices/Src/imu.o
LOAD ./UserLibs/Devices/Src/motor.o
LOAD ./UserLibs/Devices/Src/potentiometers.o
LOAD ./UserLibs/Support/Src/communication.o
LOAD ./UserLibs/Support/Src/delay.o
LOAD ./UserLibs/Tasks/Src/carTask.o
LOAD ./UserLibs/Tasks/Src/multiTask.o
LOAD ./UserLibs/Tasks/Src/oledTask.o
START GROUP
LOAD D:/development tools/MCUdevelopment/STMcubemxIDE/STM32CubeIDE_1.13.1/STM32CubeIDE/plugins/com.st.stm32cube.ide.mcu.externaltools.gnu-tools-for-stm32.13.3.rel1.win32_1.0.0.202411081344/tools/bin/../lib/gcc/arm-none-eabi/13.3.1/../../../../arm-none-eabi/lib/thumb/v7e-m+fp/hard\libc_nano.a
LOAD D:/development tools/MCUdevelopment/STMcubemxIDE/STM32CubeIDE_1.13.1/STM32CubeIDE/plugins/com.st.stm32cube.ide.mcu.externaltools.gnu-tools-for-stm32.13.3.rel1.win32_1.0.0.202411081344/tools/bin/../lib/gcc/arm-none-eabi/13.3.1/../../../../arm-none-eabi/lib/thumb/v7e-m+fp/hard\libm.a
END GROUP
START GROUP
LOAD D:/development tools/MCUdevelopment/STMcubemxIDE/STM32CubeIDE_1.13.1/STM32CubeIDE/plugins/com.st.stm32cube.ide.mcu.externaltools.gnu-tools-for-stm32.13.3.rel1.win32_1.0.0.202411081344/tools/bin/../lib/gcc/arm-none-eabi/13.3.1/thumb/v7e-m+fp/hard\libgcc.a
LOAD D:/development tools/MCUdevelopment/STMcubemxIDE/STM32CubeIDE_1.13.1/STM32CubeIDE/plugins/com.st.stm32cube.ide.mcu.externaltools.gnu-tools-for-stm32.13.3.rel1.win32_1.0.0.202411081344/tools/bin/../lib/gcc/arm-none-eabi/13.3.1/../../../../arm-none-eabi/lib/thumb/v7e-m+fp/hard\libc_nano.a
END GROUP
START GROUP
LOAD D:/development tools/MCUdevelopment/STMcubemxIDE/STM32CubeIDE_1.13.1/STM32CubeIDE/plugins/com.st.stm32cube.ide.mcu.externaltools.gnu-tools-for-stm32.13.3.rel1.win32_1.0.0.202411081344/tools/bin/../lib/gcc/arm-none-eabi/13.3.1/thumb/v7e-m+fp/hard\libgcc.a
LOAD D:/development tools/MCUdevelopment/STMcubemxIDE/STM32CubeIDE_1.13.1/STM32CubeIDE/plugins/com.st.stm32cube.ide.mcu.externaltools.gnu-tools-for-stm32.13.3.rel1.win32_1.0.0.202411081344/tools/bin/../lib/gcc/arm-none-eabi/13.3.1/../../../../arm-none-eabi/lib/thumb/v7e-m+fp/hard\libc_nano.a
LOAD D:/development tools/MCUdevelopment/STMcubemxIDE/STM32CubeIDE_1.13.1/STM32CubeIDE/plugins/com.st.stm32cube.ide.mcu.externaltools.gnu-tools-for-stm32.13.3.rel1.win32_1.0.0.202411081344/tools/bin/../lib/gcc/arm-none-eabi/13.3.1/../../../../arm-none-eabi/lib/thumb/v7e-m+fp/hard\libnosys.a
END GROUP
START GROUP
LOAD D:/development tools/MCUdevelopment/STMcubemxIDE/STM32CubeIDE_1.13.1/STM32CubeIDE/plugins/com.st.stm32cube.ide.mcu.externaltools.gnu-tools-for-stm32.13.3.rel1.win32_1.0.0.202411081344/tools/bin/../lib/gcc/arm-none-eabi/13.3.1/thumb/v7e-m+fp/hard\libgcc.a
LOAD D:/development tools/MCUdevelopment/STMcubemxIDE/STM32CubeIDE_1.13.1/STM32CubeIDE/plugins/com.st.stm32cube.ide.mcu.externaltools.gnu-tools-for-stm32.13.3.rel1.win32_1.0.0.202411081344/tools/bin/../lib/gcc/arm-none-eabi/13.3.1/../../../../arm-none-eabi/lib/thumb/v7e-m+fp/hard\libc_nano.a
LOAD D:/development tools/MCUdevelopment/STMcubemxIDE/STM32CubeIDE_1.13.1/STM32CubeIDE/plugins/com.st.stm32cube.ide.mcu.externaltools.gnu-tools-for-stm32.13.3.rel1.win32_1.0.0.202411081344/tools/bin/../lib/gcc/arm-none-eabi/13.3.1/../../../../arm-none-eabi/lib/thumb/v7e-m+fp/hard\libnosys.a
END GROUP
LOAD D:/development tools/MCUdevelopment/STMcubemxIDE/STM32CubeIDE_1.13.1/STM32CubeIDE/plugins/com.st.stm32cube.ide.mcu.externaltools.gnu-tools-for-stm32.13.3.rel1.win32_1.0.0.202411081344/tools/bin/../lib/gcc/arm-none-eabi/13.3.1/thumb/v7e-m+fp/hard/crtend.o
LOAD D:/development tools/MCUdevelopment/STMcubemxIDE/STM32CubeIDE_1.13.1/STM32CubeIDE/plugins/com.st.stm32cube.ide.mcu.externaltools.gnu-tools-for-stm32.13.3.rel1.win32_1.0.0.202411081344/tools/bin/../lib/gcc/arm-none-eabi/13.3.1/thumb/v7e-m+fp/hard/crtn.o
                0x20018000                        _estack = (ORIGIN (RAM) + LENGTH (RAM))
                0x00000200                        _Min_Heap_Size = 0x200
                0x00000400                        _Min_Stack_Size = 0x400

.isr_vector     0x08000000      0x194
                0x08000000                        . = ALIGN (0x4)
 *(.isr_vector)
 .isr_vector    0x08000000      0x194 ./Core/Startup/startup_stm32f401retx.o
                0x08000000                g_pfnVectors
                0x08000194                        . = ALIGN (0x4)

.text           0x080001a0     0xfadc
                0x080001a0                        . = ALIGN (0x4)
 *(.text)
 .text          0x080001a0       0x40 D:/development tools/MCUdevelopment/STMcubemxIDE/STM32CubeIDE_1.13.1/STM32CubeIDE/plugins/com.st.stm32cube.ide.mcu.externaltools.gnu-tools-for-stm32.13.3.rel1.win32_1.0.0.202411081344/tools/bin/../lib/gcc/arm-none-eabi/13.3.1/thumb/v7e-m+fp/hard/crtbegin.o
 .text          0x080001e0       0xa0 D:/development tools/MCUdevelopment/STMcubemxIDE/STM32CubeIDE_1.13.1/STM32CubeIDE/plugins/com.st.stm32cube.ide.mcu.externaltools.gnu-tools-for-stm32.13.3.rel1.win32_1.0.0.202411081344/tools/bin/../lib/gcc/arm-none-eabi/13.3.1/../../../../arm-none-eabi/lib/thumb/v7e-m+fp/hard\libc_nano.a(libc_a-memchr.o)
                0x080001e0                memchr
 .text          0x08000280      0x378 D:/development tools/MCUdevelopment/STMcubemxIDE/STM32CubeIDE_1.13.1/STM32CubeIDE/plugins/com.st.stm32cube.ide.mcu.externaltools.gnu-tools-for-stm32.13.3.rel1.win32_1.0.0.202411081344/tools/bin/../lib/gcc/arm-none-eabi/13.3.1/thumb/v7e-m+fp/hard\libgcc.a(_arm_addsubdf3.o)
                0x08000280                __aeabi_drsub
                0x08000288                __aeabi_dsub
                0x08000288                __subdf3
                0x0800028c                __aeabi_dadd
                0x0800028c                __adddf3
                0x08000504                __floatunsidf
                0x08000504                __aeabi_ui2d
                0x08000524                __floatsidf
                0x08000524                __aeabi_i2d
                0x08000548                __aeabi_f2d
                0x08000548                __extendsfdf2
                0x0800058c                __floatundidf
                0x0800058c                __aeabi_ul2d
                0x0800059c                __floatdidf
                0x0800059c                __aeabi_l2d
 .text          0x080005f8      0x424 D:/development tools/MCUdevelopment/STMcubemxIDE/STM32CubeIDE_1.13.1/STM32CubeIDE/plugins/com.st.stm32cube.ide.mcu.externaltools.gnu-tools-for-stm32.13.3.rel1.win32_1.0.0.202411081344/tools/bin/../lib/gcc/arm-none-eabi/13.3.1/thumb/v7e-m+fp/hard\libgcc.a(_arm_muldivdf3.o)
                0x080005f8                __aeabi_dmul
                0x080005f8                __muldf3
                0x0800084c                __divdf3
                0x0800084c                __aeabi_ddiv
 .text          0x08000a1c      0x110 D:/development tools/MCUdevelopment/STMcubemxIDE/STM32CubeIDE_1.13.1/STM32CubeIDE/plugins/com.st.stm32cube.ide.mcu.externaltools.gnu-tools-for-stm32.13.3.rel1.win32_1.0.0.202411081344/tools/bin/../lib/gcc/arm-none-eabi/13.3.1/thumb/v7e-m+fp/hard\libgcc.a(_arm_cmpdf2.o)
                0x08000a1c                __gtdf2
                0x08000a1c                __gedf2
                0x08000a24                __ltdf2
                0x08000a24                __ledf2
                0x08000a2c                __nedf2
                0x08000a2c                __eqdf2
                0x08000a2c                __cmpdf2
                0x08000aa8                __aeabi_cdrcmple
                0x08000ab8                __aeabi_cdcmpeq
                0x08000ab8                __aeabi_cdcmple
                0x08000ac8                __aeabi_dcmpeq
                0x08000adc                __aeabi_dcmplt
                0x08000af0                __aeabi_dcmple
                0x08000b04                __aeabi_dcmpge
                0x08000b18                __aeabi_dcmpgt
 .text          0x08000b2c       0x2c D:/development tools/MCUdevelopment/STMcubemxIDE/STM32CubeIDE_1.13.1/STM32CubeIDE/plugins/com.st.stm32cube.ide.mcu.externaltools.gnu-tools-for-stm32.13.3.rel1.win32_1.0.0.202411081344/tools/bin/../lib/gcc/arm-none-eabi/13.3.1/thumb/v7e-m+fp/hard\libgcc.a(_arm_unorddf2.o)
                0x08000b2c                __unorddf2
                0x08000b2c                __aeabi_dcmpun
 .text          0x08000b58       0xa0 D:/development tools/MCUdevelopment/STMcubemxIDE/STM32CubeIDE_1.13.1/STM32CubeIDE/plugins/com.st.stm32cube.ide.mcu.externaltools.gnu-tools-for-stm32.13.3.rel1.win32_1.0.0.202411081344/tools/bin/../lib/gcc/arm-none-eabi/13.3.1/thumb/v7e-m+fp/hard\libgcc.a(_arm_truncdfsf2.o)
                0x08000b58                __truncdfsf2
                0x08000b58                __aeabi_d2f
 .text          0x08000bf8       0x30 D:/development tools/MCUdevelopment/STMcubemxIDE/STM32CubeIDE_1.13.1/STM32CubeIDE/plugins/com.st.stm32cube.ide.mcu.externaltools.gnu-tools-for-stm32.13.3.rel1.win32_1.0.0.202411081344/tools/bin/../lib/gcc/arm-none-eabi/13.3.1/thumb/v7e-m+fp/hard\libgcc.a(_aeabi_uldivmod.o)
                0x08000bf8                __aeabi_uldivmod
 .text          0x08000c28      0x2f8 D:/development tools/MCUdevelopment/STMcubemxIDE/STM32CubeIDE_1.13.1/STM32CubeIDE/plugins/com.st.stm32cube.ide.mcu.externaltools.gnu-tools-for-stm32.13.3.rel1.win32_1.0.0.202411081344/tools/bin/../lib/gcc/arm-none-eabi/13.3.1/thumb/v7e-m+fp/hard\libgcc.a(_udivmoddi4.o)
                0x08000c28                __udivmoddi4
 .text          0x08000f20        0x4 D:/development tools/MCUdevelopment/STMcubemxIDE/STM32CubeIDE_1.13.1/STM32CubeIDE/plugins/com.st.stm32cube.ide.mcu.externaltools.gnu-tools-for-stm32.13.3.rel1.win32_1.0.0.202411081344/tools/bin/../lib/gcc/arm-none-eabi/13.3.1/thumb/v7e-m+fp/hard\libgcc.a(_dvmd_tls.o)
                0x08000f20                __aeabi_idiv0
                0x08000f20                __aeabi_ldiv0
 *(.text*)
 .text.MX_ADC1_Init
                0x08000f24       0xe0 ./Core/Src/adc.o
                0x08000f24                MX_ADC1_Init
 .text.HAL_ADC_MspInit
                0x08001004      0x124 ./Core/Src/adc.o
                0x08001004                HAL_ADC_MspInit
 .text.MX_DMA_Init
                0x08001128       0xbc ./Core/Src/dma.o
                0x08001128                MX_DMA_Init
 .text.vApplicationGetIdleTaskMemory
                0x080011e4       0x34 ./Core/Src/freertos.o
                0x080011e4                vApplicationGetIdleTaskMemory
 .text.MX_FREERTOS_Init
                0x08001218       0xc4 ./Core/Src/freertos.o
                0x08001218                MX_FREERTOS_Init
 .text.StartDefaultTask
                0x080012dc       0x10 ./Core/Src/freertos.o
                0x080012dc                StartDefaultTask
 .text.MX_GPIO_Init
                0x080012ec      0x208 ./Core/Src/gpio.o
                0x080012ec                MX_GPIO_Init
 .text.MX_I2C1_Init
                0x080014f4       0x5c ./Core/Src/i2c.o
                0x080014f4                MX_I2C1_Init
 .text.HAL_I2C_MspInit
                0x08001550      0x170 ./Core/Src/i2c.o
                0x08001550                HAL_I2C_MspInit
 .text.main     0x080016c0       0xc8 ./Core/Src/main.o
                0x080016c0                main
 .text.SystemClock_Config
                0x08001788       0xd8 ./Core/Src/main.o
                0x08001788                SystemClock_Config
 .text.HAL_TIM_PeriodElapsedCallback
                0x08001860       0x70 ./Core/Src/main.o
                0x08001860                HAL_TIM_PeriodElapsedCallback
 .text.Error_Handler
                0x080018d0        0xc ./Core/Src/main.o
                0x080018d0                Error_Handler
 .text.HAL_MspInit
                0x080018dc       0x58 ./Core/Src/stm32f4xx_hal_msp.o
                0x080018dc                HAL_MspInit
 .text.HAL_InitTick
                0x08001934       0xf8 ./Core/Src/stm32f4xx_hal_timebase_tim.o
                0x08001934                HAL_InitTick
 .text.NMI_Handler
                0x08001a2c        0x8 ./Core/Src/stm32f4xx_it.o
                0x08001a2c                NMI_Handler
 .text.HardFault_Handler
                0x08001a34        0x8 ./Core/Src/stm32f4xx_it.o
                0x08001a34                HardFault_Handler
 .text.MemManage_Handler
                0x08001a3c        0x8 ./Core/Src/stm32f4xx_it.o
                0x08001a3c                MemManage_Handler
 .text.BusFault_Handler
                0x08001a44        0x8 ./Core/Src/stm32f4xx_it.o
                0x08001a44                BusFault_Handler
 .text.UsageFault_Handler
                0x08001a4c        0x8 ./Core/Src/stm32f4xx_it.o
                0x08001a4c                UsageFault_Handler
 .text.DebugMon_Handler
                0x08001a54        0xe ./Core/Src/stm32f4xx_it.o
                0x08001a54                DebugMon_Handler
 .text.EXTI2_IRQHandler
                0x08001a62        0xe ./Core/Src/stm32f4xx_it.o
                0x08001a62                EXTI2_IRQHandler
 .text.EXTI4_IRQHandler
                0x08001a70        0xe ./Core/Src/stm32f4xx_it.o
                0x08001a70                EXTI4_IRQHandler
 *fill*         0x08001a7e        0x2 
 .text.DMA1_Stream0_IRQHandler
                0x08001a80       0x14 ./Core/Src/stm32f4xx_it.o
                0x08001a80                DMA1_Stream0_IRQHandler
 .text.DMA1_Stream5_IRQHandler
                0x08001a94       0x14 ./Core/Src/stm32f4xx_it.o
                0x08001a94                DMA1_Stream5_IRQHandler
 .text.DMA1_Stream6_IRQHandler
                0x08001aa8       0x14 ./Core/Src/stm32f4xx_it.o
                0x08001aa8                DMA1_Stream6_IRQHandler
 .text.EXTI9_5_IRQHandler
                0x08001abc       0x16 ./Core/Src/stm32f4xx_it.o
                0x08001abc                EXTI9_5_IRQHandler
 *fill*         0x08001ad2        0x2 
 .text.TIM1_BRK_TIM9_IRQHandler
                0x08001ad4       0x1c ./Core/Src/stm32f4xx_it.o
                0x08001ad4                TIM1_BRK_TIM9_IRQHandler
 .text.TIM1_UP_TIM10_IRQHandler
                0x08001af0       0x1c ./Core/Src/stm32f4xx_it.o
                0x08001af0                TIM1_UP_TIM10_IRQHandler
 .text.TIM1_TRG_COM_TIM11_IRQHandler
                0x08001b0c       0x1c ./Core/Src/stm32f4xx_it.o
                0x08001b0c                TIM1_TRG_COM_TIM11_IRQHandler
 .text.TIM2_IRQHandler
                0x08001b28       0x14 ./Core/Src/stm32f4xx_it.o
                0x08001b28                TIM2_IRQHandler
 .text.TIM3_IRQHandler
                0x08001b3c       0x14 ./Core/Src/stm32f4xx_it.o
                0x08001b3c                TIM3_IRQHandler
 .text.I2C1_EV_IRQHandler
                0x08001b50       0x14 ./Core/Src/stm32f4xx_it.o
                0x08001b50                I2C1_EV_IRQHandler
 .text.EXTI15_10_IRQHandler
                0x08001b64       0x20 ./Core/Src/stm32f4xx_it.o
                0x08001b64                EXTI15_10_IRQHandler
 .text.DMA1_Stream7_IRQHandler
                0x08001b84       0x14 ./Core/Src/stm32f4xx_it.o
                0x08001b84                DMA1_Stream7_IRQHandler
 .text.TIM5_IRQHandler
                0x08001b98       0x14 ./Core/Src/stm32f4xx_it.o
                0x08001b98                TIM5_IRQHandler
 .text.DMA2_Stream0_IRQHandler
                0x08001bac       0x14 ./Core/Src/stm32f4xx_it.o
                0x08001bac                DMA2_Stream0_IRQHandler
 .text.DMA2_Stream1_IRQHandler
                0x08001bc0       0x14 ./Core/Src/stm32f4xx_it.o
                0x08001bc0                DMA2_Stream1_IRQHandler
 .text.DMA2_Stream6_IRQHandler
                0x08001bd4       0x14 ./Core/Src/stm32f4xx_it.o
                0x08001bd4                DMA2_Stream6_IRQHandler
 .text._sbrk    0x08001be8       0x6c ./Core/Src/sysmem.o
                0x08001be8                _sbrk
 .text.SystemInit
                0x08001c54       0x24 ./Core/Src/system_stm32f4xx.o
                0x08001c54                SystemInit
 .text.MX_TIM1_Init
                0x08001c78       0xb0 ./Core/Src/tim.o
                0x08001c78                MX_TIM1_Init
 .text.MX_TIM2_Init
                0x08001d28      0x100 ./Core/Src/tim.o
                0x08001d28                MX_TIM2_Init
 .text.MX_TIM3_Init
                0x08001e28       0xa8 ./Core/Src/tim.o
                0x08001e28                MX_TIM3_Init
 .text.MX_TIM9_Init
                0x08001ed0       0x74 ./Core/Src/tim.o
                0x08001ed0                MX_TIM9_Init
 .text.MX_TIM10_Init
                0x08001f44       0x48 ./Core/Src/tim.o
                0x08001f44                MX_TIM10_Init
 .text.MX_TIM11_Init
                0x08001f8c       0x48 ./Core/Src/tim.o
                0x08001f8c                MX_TIM11_Init
 .text.HAL_TIM_Encoder_MspInit
                0x08001fd4      0x138 ./Core/Src/tim.o
                0x08001fd4                HAL_TIM_Encoder_MspInit
 .text.HAL_TIM_Base_MspInit
                0x0800210c      0x100 ./Core/Src/tim.o
                0x0800210c                HAL_TIM_Base_MspInit
 .text.HAL_TIM_MspPostInit
                0x0800220c       0x70 ./Core/Src/tim.o
                0x0800220c                HAL_TIM_MspPostInit
 .text.MX_USART2_UART_Init
                0x0800227c       0x54 ./Core/Src/usart.o
                0x0800227c                MX_USART2_UART_Init
 .text.MX_USART6_UART_Init
                0x080022d0       0x54 ./Core/Src/usart.o
                0x080022d0                MX_USART6_UART_Init
 .text.HAL_UART_MspInit
                0x08002324      0x2b4 ./Core/Src/usart.o
                0x08002324                HAL_UART_MspInit
 .text.Reset_Handler
                0x080025d8       0x50 ./Core/Startup/startup_stm32f401retx.o
                0x080025d8                Reset_Handler
 .text.Default_Handler
                0x08002628        0x2 ./Core/Startup/startup_stm32f401retx.o
                0x08002628                RTC_Alarm_IRQHandler
                0x08002628                SPI4_IRQHandler
                0x08002628                TIM1_CC_IRQHandler
                0x08002628                DMA2_Stream5_IRQHandler
                0x08002628                PVD_IRQHandler
                0x08002628                SDIO_IRQHandler
                0x08002628                TAMP_STAMP_IRQHandler
                0x08002628                EXTI3_IRQHandler
                0x08002628                I2C3_ER_IRQHandler
                0x08002628                EXTI0_IRQHandler
                0x08002628                I2C2_EV_IRQHandler
                0x08002628                DMA1_Stream2_IRQHandler
                0x08002628                FPU_IRQHandler
                0x08002628                DMA2_Stream2_IRQHandler
                0x08002628                SPI1_IRQHandler
                0x08002628                DMA2_Stream3_IRQHandler
                0x08002628                TIM4_IRQHandler
                0x08002628                DMA1_Stream1_IRQHandler
                0x08002628                RCC_IRQHandler
                0x08002628                Default_Handler
                0x08002628                ADC_IRQHandler
                0x08002628                DMA2_Stream7_IRQHandler
                0x08002628                I2C3_EV_IRQHandler
                0x08002628                RTC_WKUP_IRQHandler
                0x08002628                SPI2_IRQHandler
                0x08002628                WWDG_IRQHandler
                0x08002628                OTG_FS_WKUP_IRQHandler
                0x08002628                EXTI1_IRQHandler
                0x08002628                I2C2_ER_IRQHandler
                0x08002628                FLASH_IRQHandler
                0x08002628                DMA2_Stream4_IRQHandler
                0x08002628                USART1_IRQHandler
                0x08002628                OTG_FS_IRQHandler
                0x08002628                SPI3_IRQHandler
                0x08002628                DMA1_Stream4_IRQHandler
                0x08002628                I2C1_ER_IRQHandler
                0x08002628                DMA1_Stream3_IRQHandler
 *fill*         0x0800262a        0x2 
 .text.HAL_Init
                0x0800262c       0x44 ./Drivers/STM32F4xx_HAL_Driver/stm32f4xx_hal.o
                0x0800262c                HAL_Init
 .text.HAL_IncTick
                0x08002670       0x28 ./Drivers/STM32F4xx_HAL_Driver/stm32f4xx_hal.o
                0x08002670                HAL_IncTick
 .text.HAL_GetTick
                0x08002698       0x18 ./Drivers/STM32F4xx_HAL_Driver/stm32f4xx_hal.o
                0x08002698                HAL_GetTick
 .text.HAL_ADC_Init
                0x080026b0       0x86 ./Drivers/STM32F4xx_HAL_Driver/stm32f4xx_hal_adc.o
                0x080026b0                HAL_ADC_Init
 *fill*         0x08002736        0x2 
 .text.HAL_ADC_Start_DMA
                0x08002738      0x1e0 ./Drivers/STM32F4xx_HAL_Driver/stm32f4xx_hal_adc.o
                0x08002738                HAL_ADC_Start_DMA
 .text.HAL_ADC_ConvHalfCpltCallback
                0x08002918       0x14 ./Drivers/STM32F4xx_HAL_Driver/stm32f4xx_hal_adc.o
                0x08002918                HAL_ADC_ConvHalfCpltCallback
 .text.HAL_ADC_ErrorCallback
                0x0800292c       0x14 ./Drivers/STM32F4xx_HAL_Driver/stm32f4xx_hal_adc.o
                0x0800292c                HAL_ADC_ErrorCallback
 .text.HAL_ADC_ConfigChannel
                0x08002940      0x244 ./Drivers/STM32F4xx_HAL_Driver/stm32f4xx_hal_adc.o
                0x08002940                HAL_ADC_ConfigChannel
 .text.ADC_Init
                0x08002b84      0x1f8 ./Drivers/STM32F4xx_HAL_Driver/stm32f4xx_hal_adc.o
 .text.ADC_DMAConvCplt
                0x08002d7c       0xba ./Drivers/STM32F4xx_HAL_Driver/stm32f4xx_hal_adc.o
 .text.ADC_DMAHalfConvCplt
                0x08002e36       0x1c ./Drivers/STM32F4xx_HAL_Driver/stm32f4xx_hal_adc.o
 .text.ADC_DMAError
                0x08002e52       0x2e ./Drivers/STM32F4xx_HAL_Driver/stm32f4xx_hal_adc.o
 .text.__NVIC_SetPriorityGrouping
                0x08002e80       0x48 ./Drivers/STM32F4xx_HAL_Driver/stm32f4xx_hal_cortex.o
 .text.__NVIC_GetPriorityGrouping
                0x08002ec8       0x1c ./Drivers/STM32F4xx_HAL_Driver/stm32f4xx_hal_cortex.o
 .text.__NVIC_EnableIRQ
                0x08002ee4       0x3c ./Drivers/STM32F4xx_HAL_Driver/stm32f4xx_hal_cortex.o
 .text.__NVIC_SetPriority
                0x08002f20       0x54 ./Drivers/STM32F4xx_HAL_Driver/stm32f4xx_hal_cortex.o
 .text.NVIC_EncodePriority
                0x08002f74       0x66 ./Drivers/STM32F4xx_HAL_Driver/stm32f4xx_hal_cortex.o
 .text.HAL_NVIC_SetPriorityGrouping
                0x08002fda       0x16 ./Drivers/STM32F4xx_HAL_Driver/stm32f4xx_hal_cortex.o
                0x08002fda                HAL_NVIC_SetPriorityGrouping
 .text.HAL_NVIC_SetPriority
                0x08002ff0       0x38 ./Drivers/STM32F4xx_HAL_Driver/stm32f4xx_hal_cortex.o
                0x08002ff0                HAL_NVIC_SetPriority
 .text.HAL_NVIC_EnableIRQ
                0x08003028       0x1c ./Drivers/STM32F4xx_HAL_Driver/stm32f4xx_hal_cortex.o
                0x08003028                HAL_NVIC_EnableIRQ
 .text.HAL_DMA_Init
                0x08003044      0x15c ./Drivers/STM32F4xx_HAL_Driver/stm32f4xx_hal_dma.o
                0x08003044                HAL_DMA_Init
 .text.HAL_DMA_Start_IT
                0x080031a0       0xb0 ./Drivers/STM32F4xx_HAL_Driver/stm32f4xx_hal_dma.o
                0x080031a0                HAL_DMA_Start_IT
 .text.HAL_DMA_Abort
                0x08003250       0xe0 ./Drivers/STM32F4xx_HAL_Driver/stm32f4xx_hal_dma.o
                0x08003250                HAL_DMA_Abort
 .text.HAL_DMA_Abort_IT
                0x08003330       0x44 ./Drivers/STM32F4xx_HAL_Driver/stm32f4xx_hal_dma.o
                0x08003330                HAL_DMA_Abort_IT
 .text.HAL_DMA_IRQHandler
                0x08003374      0x314 ./Drivers/STM32F4xx_HAL_Driver/stm32f4xx_hal_dma.o
                0x08003374                HAL_DMA_IRQHandler
 .text.HAL_DMA_GetState
                0x08003688       0x1c ./Drivers/STM32F4xx_HAL_Driver/stm32f4xx_hal_dma.o
                0x08003688                HAL_DMA_GetState
 .text.DMA_SetConfig
                0x080036a4       0x5c ./Drivers/STM32F4xx_HAL_Driver/stm32f4xx_hal_dma.o
 .text.DMA_CalcBaseAndBitshift
                0x08003700       0x6c ./Drivers/STM32F4xx_HAL_Driver/stm32f4xx_hal_dma.o
 .text.DMA_CheckFifoParam
                0x0800376c       0xf8 ./Drivers/STM32F4xx_HAL_Driver/stm32f4xx_hal_dma.o
 .text.HAL_GPIO_Init
                0x08003864      0x308 ./Drivers/STM32F4xx_HAL_Driver/stm32f4xx_hal_gpio.o
                0x08003864                HAL_GPIO_Init
 .text.HAL_GPIO_ReadPin
                0x08003b6c       0x30 ./Drivers/STM32F4xx_HAL_Driver/stm32f4xx_hal_gpio.o
                0x08003b6c                HAL_GPIO_ReadPin
 .text.HAL_GPIO_WritePin
                0x08003b9c       0x32 ./Drivers/STM32F4xx_HAL_Driver/stm32f4xx_hal_gpio.o
                0x08003b9c                HAL_GPIO_WritePin
 .text.HAL_GPIO_TogglePin
                0x08003bce       0x34 ./Drivers/STM32F4xx_HAL_Driver/stm32f4xx_hal_gpio.o
                0x08003bce                HAL_GPIO_TogglePin
 *fill*         0x08003c02        0x2 
 .text.HAL_GPIO_EXTI_IRQHandler
                0x08003c04       0x30 ./Drivers/STM32F4xx_HAL_Driver/stm32f4xx_hal_gpio.o
                0x08003c04                HAL_GPIO_EXTI_IRQHandler
 .text.HAL_I2C_Init
                0x08003c34      0x288 ./Drivers/STM32F4xx_HAL_Driver/stm32f4xx_hal_i2c.o
                0x08003c34                HAL_I2C_Init
 .text.I2C_Flush_DR
                0x08003ebc       0x2a ./Drivers/STM32F4xx_HAL_Driver/stm32f4xx_hal_i2c.o
 *fill*         0x08003ee6        0x2 
 .text.HAL_I2C_Mem_Write
                0x08003ee8      0x1f4 ./Drivers/STM32F4xx_HAL_Driver/stm32f4xx_hal_i2c.o
                0x08003ee8                HAL_I2C_Mem_Write
 .text.HAL_I2C_Mem_Read
                0x080040dc      0x464 ./Drivers/STM32F4xx_HAL_Driver/stm32f4xx_hal_i2c.o
                0x080040dc                HAL_I2C_Mem_Read
 .text.HAL_I2C_EV_IRQHandler
                0x08004540      0x2e2 ./Drivers/STM32F4xx_HAL_Driver/stm32f4xx_hal_i2c.o
                0x08004540                HAL_I2C_EV_IRQHandler
 .text.HAL_I2C_MasterTxCpltCallback
                0x08004822       0x14 ./Drivers/STM32F4xx_HAL_Driver/stm32f4xx_hal_i2c.o
                0x08004822                HAL_I2C_MasterTxCpltCallback
 .text.HAL_I2C_MasterRxCpltCallback
                0x08004836       0x14 ./Drivers/STM32F4xx_HAL_Driver/stm32f4xx_hal_i2c.o
                0x08004836                HAL_I2C_MasterRxCpltCallback
 .text.HAL_I2C_SlaveTxCpltCallback
                0x0800484a       0x14 ./Drivers/STM32F4xx_HAL_Driver/stm32f4xx_hal_i2c.o
                0x0800484a                HAL_I2C_SlaveTxCpltCallback
 .text.HAL_I2C_SlaveRxCpltCallback
                0x0800485e       0x14 ./Drivers/STM32F4xx_HAL_Driver/stm32f4xx_hal_i2c.o
                0x0800485e                HAL_I2C_SlaveRxCpltCallback
 .text.HAL_I2C_AddrCallback
                0x08004872       0x1c ./Drivers/STM32F4xx_HAL_Driver/stm32f4xx_hal_i2c.o
                0x08004872                HAL_I2C_AddrCallback
 .text.HAL_I2C_ListenCpltCallback
                0x0800488e       0x14 ./Drivers/STM32F4xx_HAL_Driver/stm32f4xx_hal_i2c.o
                0x0800488e                HAL_I2C_ListenCpltCallback
 .text.HAL_I2C_MemTxCpltCallback
                0x080048a2       0x14 ./Drivers/STM32F4xx_HAL_Driver/stm32f4xx_hal_i2c.o
                0x080048a2                HAL_I2C_MemTxCpltCallback
 .text.HAL_I2C_MemRxCpltCallback
                0x080048b6       0x14 ./Drivers/STM32F4xx_HAL_Driver/stm32f4xx_hal_i2c.o
                0x080048b6                HAL_I2C_MemRxCpltCallback
 .text.HAL_I2C_ErrorCallback
                0x080048ca       0x14 ./Drivers/STM32F4xx_HAL_Driver/stm32f4xx_hal_i2c.o
                0x080048ca                HAL_I2C_ErrorCallback
 .text.HAL_I2C_AbortCpltCallback
                0x080048de       0x14 ./Drivers/STM32F4xx_HAL_Driver/stm32f4xx_hal_i2c.o
                0x080048de                HAL_I2C_AbortCpltCallback
 .text.I2C_MasterTransmit_TXE
                0x080048f2      0x138 ./Drivers/STM32F4xx_HAL_Driver/stm32f4xx_hal_i2c.o
 .text.I2C_MasterTransmit_BTF
                0x08004a2a       0xec ./Drivers/STM32F4xx_HAL_Driver/stm32f4xx_hal_i2c.o
 .text.I2C_MemoryTransmit_TXE_BTF
                0x08004b16      0x130 ./Drivers/STM32F4xx_HAL_Driver/stm32f4xx_hal_i2c.o
 .text.I2C_MasterReceive_RXNE
                0x08004c46      0x190 ./Drivers/STM32F4xx_HAL_Driver/stm32f4xx_hal_i2c.o
 .text.I2C_MasterReceive_BTF
                0x08004dd6      0x1ea ./Drivers/STM32F4xx_HAL_Driver/stm32f4xx_hal_i2c.o
 .text.I2C_Master_SB
                0x08004fc0      0x10c ./Drivers/STM32F4xx_HAL_Driver/stm32f4xx_hal_i2c.o
 .text.I2C_Master_ADD10
                0x080050cc       0x54 ./Drivers/STM32F4xx_HAL_Driver/stm32f4xx_hal_i2c.o
 .text.I2C_Master_ADDR
                0x08005120      0x322 ./Drivers/STM32F4xx_HAL_Driver/stm32f4xx_hal_i2c.o
 .text.I2C_SlaveTransmit_TXE
                0x08005442       0x7a ./Drivers/STM32F4xx_HAL_Driver/stm32f4xx_hal_i2c.o
 .text.I2C_SlaveTransmit_BTF
                0x080054bc       0x42 ./Drivers/STM32F4xx_HAL_Driver/stm32f4xx_hal_i2c.o
 .text.I2C_SlaveReceive_RXNE
                0x080054fe       0x7c ./Drivers/STM32F4xx_HAL_Driver/stm32f4xx_hal_i2c.o
 .text.I2C_SlaveReceive_BTF
                0x0800557a       0x44 ./Drivers/STM32F4xx_HAL_Driver/stm32f4xx_hal_i2c.o
 .text.I2C_Slave_ADDR
                0x080055be       0x94 ./Drivers/STM32F4xx_HAL_Driver/stm32f4xx_hal_i2c.o
 *fill*         0x08005652        0x2 
 .text.I2C_Slave_STOPF
                0x08005654      0x260 ./Drivers/STM32F4xx_HAL_Driver/stm32f4xx_hal_i2c.o
 .text.I2C_ITError
                0x080058b4      0x264 ./Drivers/STM32F4xx_HAL_Driver/stm32f4xx_hal_i2c.o
 .text.I2C_RequestMemoryWrite
                0x08005b18      0x12c ./Drivers/STM32F4xx_HAL_Driver/stm32f4xx_hal_i2c.o
 .text.I2C_RequestMemoryRead
                0x08005c44      0x1d0 ./Drivers/STM32F4xx_HAL_Driver/stm32f4xx_hal_i2c.o
 .text.I2C_DMAAbort
                0x08005e14      0x150 ./Drivers/STM32F4xx_HAL_Driver/stm32f4xx_hal_i2c.o
 .text.I2C_WaitOnFlagUntilTimeout
                0x08005f64       0xf4 ./Drivers/STM32F4xx_HAL_Driver/stm32f4xx_hal_i2c.o
 .text.I2C_WaitOnMasterAddressFlagUntilTimeout
                0x08006058      0x140 ./Drivers/STM32F4xx_HAL_Driver/stm32f4xx_hal_i2c.o
 .text.I2C_WaitOnTXEFlagUntilTimeout
                0x08006198       0x90 ./Drivers/STM32F4xx_HAL_Driver/stm32f4xx_hal_i2c.o
 .text.I2C_WaitOnBTFFlagUntilTimeout
                0x08006228       0x90 ./Drivers/STM32F4xx_HAL_Driver/stm32f4xx_hal_i2c.o
 .text.I2C_WaitOnSTOPRequestThroughIT
                0x080062b8       0x64 ./Drivers/STM32F4xx_HAL_Driver/stm32f4xx_hal_i2c.o
 .text.I2C_WaitOnRXNEFlagUntilTimeout
                0x0800631c       0xba ./Drivers/STM32F4xx_HAL_Driver/stm32f4xx_hal_i2c.o
 .text.I2C_IsAcknowledgeFailed
                0x080063d6       0x5e ./Drivers/STM32F4xx_HAL_Driver/stm32f4xx_hal_i2c.o
 .text.I2C_ConvertOtherXferOptions
                0x08006434       0x36 ./Drivers/STM32F4xx_HAL_Driver/stm32f4xx_hal_i2c.o
 *fill*         0x0800646a        0x2 
 .text.HAL_RCC_OscConfig
                0x0800646c      0x4f0 ./Drivers/STM32F4xx_HAL_Driver/stm32f4xx_hal_rcc.o
                0x0800646c                HAL_RCC_OscConfig
 .text.HAL_RCC_ClockConfig
                0x0800695c      0x1cc ./Drivers/STM32F4xx_HAL_Driver/stm32f4xx_hal_rcc.o
                0x0800695c                HAL_RCC_ClockConfig
 .text.HAL_RCC_GetSysClockFreq
                0x08006b28      0x20c ./Drivers/STM32F4xx_HAL_Driver/stm32f4xx_hal_rcc.o
                0x08006b28                HAL_RCC_GetSysClockFreq
 .text.HAL_RCC_GetHCLKFreq
                0x08006d34       0x18 ./Drivers/STM32F4xx_HAL_Driver/stm32f4xx_hal_rcc.o
                0x08006d34                HAL_RCC_GetHCLKFreq
 .text.HAL_RCC_GetPCLK1Freq
                0x08006d4c       0x28 ./Drivers/STM32F4xx_HAL_Driver/stm32f4xx_hal_rcc.o
                0x08006d4c                HAL_RCC_GetPCLK1Freq
 .text.HAL_RCC_GetPCLK2Freq
                0x08006d74       0x28 ./Drivers/STM32F4xx_HAL_Driver/stm32f4xx_hal_rcc.o
                0x08006d74                HAL_RCC_GetPCLK2Freq
 .text.HAL_RCC_GetClockConfig
                0x08006d9c       0x64 ./Drivers/STM32F4xx_HAL_Driver/stm32f4xx_hal_rcc.o
                0x08006d9c                HAL_RCC_GetClockConfig
 .text.HAL_TIM_Base_Init
                0x08006e00       0x9e ./Drivers/STM32F4xx_HAL_Driver/stm32f4xx_hal_tim.o
                0x08006e00                HAL_TIM_Base_Init
 *fill*         0x08006e9e        0x2 
 .text.HAL_TIM_Base_Start_IT
                0x08006ea0       0xc4 ./Drivers/STM32F4xx_HAL_Driver/stm32f4xx_hal_tim.o
                0x08006ea0                HAL_TIM_Base_Start_IT
 .text.HAL_TIM_Base_Stop_IT
                0x08006f64       0x5e ./Drivers/STM32F4xx_HAL_Driver/stm32f4xx_hal_tim.o
                0x08006f64                HAL_TIM_Base_Stop_IT
 .text.HAL_TIM_PWM_Init
                0x08006fc2       0x9e ./Drivers/STM32F4xx_HAL_Driver/stm32f4xx_hal_tim.o
                0x08006fc2                HAL_TIM_PWM_Init
 .text.HAL_TIM_PWM_MspInit
                0x08007060       0x14 ./Drivers/STM32F4xx_HAL_Driver/stm32f4xx_hal_tim.o
                0x08007060                HAL_TIM_PWM_MspInit
 .text.HAL_TIM_PWM_Start
                0x08007074      0x160 ./Drivers/STM32F4xx_HAL_Driver/stm32f4xx_hal_tim.o
                0x08007074                HAL_TIM_PWM_Start
 .text.HAL_TIM_Encoder_Init
                0x080071d4      0x14c ./Drivers/STM32F4xx_HAL_Driver/stm32f4xx_hal_tim.o
                0x080071d4                HAL_TIM_Encoder_Init
 .text.HAL_TIM_Encoder_Start
                0x08007320      0x11c ./Drivers/STM32F4xx_HAL_Driver/stm32f4xx_hal_tim.o
                0x08007320                HAL_TIM_Encoder_Start
 .text.HAL_TIM_IRQHandler
                0x0800743c      0x1e0 ./Drivers/STM32F4xx_HAL_Driver/stm32f4xx_hal_tim.o
                0x0800743c                HAL_TIM_IRQHandler
 .text.HAL_TIM_PWM_ConfigChannel
                0x0800761c      0x184 ./Drivers/STM32F4xx_HAL_Driver/stm32f4xx_hal_tim.o
                0x0800761c                HAL_TIM_PWM_ConfigChannel
 .text.HAL_TIM_ConfigClockSource
                0x080077a0      0x18e ./Drivers/STM32F4xx_HAL_Driver/stm32f4xx_hal_tim.o
                0x080077a0                HAL_TIM_ConfigClockSource
 .text.HAL_TIM_OC_DelayElapsedCallback
                0x0800792e       0x14 ./Drivers/STM32F4xx_HAL_Driver/stm32f4xx_hal_tim.o
                0x0800792e                HAL_TIM_OC_DelayElapsedCallback
 .text.HAL_TIM_IC_CaptureCallback
                0x08007942       0x14 ./Drivers/STM32F4xx_HAL_Driver/stm32f4xx_hal_tim.o
                0x08007942                HAL_TIM_IC_CaptureCallback
 .text.HAL_TIM_PWM_PulseFinishedCallback
                0x08007956       0x14 ./Drivers/STM32F4xx_HAL_Driver/stm32f4xx_hal_tim.o
                0x08007956                HAL_TIM_PWM_PulseFinishedCallback
 .text.HAL_TIM_TriggerCallback
                0x0800796a       0x14 ./Drivers/STM32F4xx_HAL_Driver/stm32f4xx_hal_tim.o
                0x0800796a                HAL_TIM_TriggerCallback
 *fill*         0x0800797e        0x2 
 .text.TIM_Base_SetConfig
                0x08007980      0x118 ./Drivers/STM32F4xx_HAL_Driver/stm32f4xx_hal_tim.o
                0x08007980                TIM_Base_SetConfig
 .text.TIM_OC1_SetConfig
                0x08007a98       0xcc ./Drivers/STM32F4xx_HAL_Driver/stm32f4xx_hal_tim.o
 .text.TIM_OC2_SetConfig
                0x08007b64       0xd8 ./Drivers/STM32F4xx_HAL_Driver/stm32f4xx_hal_tim.o
                0x08007b64                TIM_OC2_SetConfig
 .text.TIM_OC3_SetConfig
                0x08007c3c       0xd4 ./Drivers/STM32F4xx_HAL_Driver/stm32f4xx_hal_tim.o
 .text.TIM_OC4_SetConfig
                0x08007d10       0xa0 ./Drivers/STM32F4xx_HAL_Driver/stm32f4xx_hal_tim.o
 .text.TIM_TI1_ConfigInputStage
                0x08007db0       0x5e ./Drivers/STM32F4xx_HAL_Driver/stm32f4xx_hal_tim.o
 .text.TIM_TI2_ConfigInputStage
                0x08007e0e       0x60 ./Drivers/STM32F4xx_HAL_Driver/stm32f4xx_hal_tim.o
 .text.TIM_ITRx_SetConfig
                0x08007e6e       0x36 ./Drivers/STM32F4xx_HAL_Driver/stm32f4xx_hal_tim.o
 .text.TIM_ETR_SetConfig
                0x08007ea4       0x40 ./Drivers/STM32F4xx_HAL_Driver/stm32f4xx_hal_tim.o
                0x08007ea4                TIM_ETR_SetConfig
 .text.TIM_CCxChannelCmd
                0x08007ee4       0x4a ./Drivers/STM32F4xx_HAL_Driver/stm32f4xx_hal_tim.o
                0x08007ee4                TIM_CCxChannelCmd
 *fill*         0x08007f2e        0x2 
 .text.HAL_TIMEx_MasterConfigSynchronization
                0x08007f30       0xdc ./Drivers/STM32F4xx_HAL_Driver/stm32f4xx_hal_tim_ex.o
                0x08007f30                HAL_TIMEx_MasterConfigSynchronization
 .text.HAL_TIMEx_CommutCallback
                0x0800800c       0x14 ./Drivers/STM32F4xx_HAL_Driver/stm32f4xx_hal_tim_ex.o
                0x0800800c                HAL_TIMEx_CommutCallback
 .text.HAL_TIMEx_BreakCallback
                0x08008020       0x14 ./Drivers/STM32F4xx_HAL_Driver/stm32f4xx_hal_tim_ex.o
                0x08008020                HAL_TIMEx_BreakCallback
 .text.HAL_UART_Init
                0x08008034       0xa0 ./Drivers/STM32F4xx_HAL_Driver/stm32f4xx_hal_uart.o
                0x08008034                HAL_UART_Init
 .text.HAL_UART_Receive_DMA
                0x080080d4       0x4a ./Drivers/STM32F4xx_HAL_Driver/stm32f4xx_hal_uart.o
                0x080080d4                HAL_UART_Receive_DMA
 .text.HAL_UART_DMAStop
                0x0800811e       0xfe ./Drivers/STM32F4xx_HAL_Driver/stm32f4xx_hal_uart.o
                0x0800811e                HAL_UART_DMAStop
 .text.HAL_UART_IRQHandler
                0x0800821c      0x524 ./Drivers/STM32F4xx_HAL_Driver/stm32f4xx_hal_uart.o
                0x0800821c                HAL_UART_IRQHandler
 .text.HAL_UART_TxCpltCallback
                0x08008740       0x14 ./Drivers/STM32F4xx_HAL_Driver/stm32f4xx_hal_uart.o
                0x08008740                HAL_UART_TxCpltCallback
 .text.HAL_UART_RxCpltCallback
                0x08008754       0x14 ./Drivers/STM32F4xx_HAL_Driver/stm32f4xx_hal_uart.o
                0x08008754                HAL_UART_RxCpltCallback
 .text.HAL_UART_RxHalfCpltCallback
                0x08008768       0x14 ./Drivers/STM32F4xx_HAL_Driver/stm32f4xx_hal_uart.o
                0x08008768                HAL_UART_RxHalfCpltCallback
 .text.HAL_UART_ErrorCallback
                0x0800877c       0x14 ./Drivers/STM32F4xx_HAL_Driver/stm32f4xx_hal_uart.o
                0x0800877c                HAL_UART_ErrorCallback
 .text.HAL_UARTEx_RxEventCallback
                0x08008790       0x18 ./Drivers/STM32F4xx_HAL_Driver/stm32f4xx_hal_uart.o
                0x08008790                HAL_UARTEx_RxEventCallback
 .text.UART_DMAReceiveCplt
                0x080087a8      0x12c ./Drivers/STM32F4xx_HAL_Driver/stm32f4xx_hal_uart.o
 .text.UART_DMARxHalfCplt
                0x080088d4       0x3c ./Drivers/STM32F4xx_HAL_Driver/stm32f4xx_hal_uart.o
 .text.UART_DMAError
                0x08008910       0x94 ./Drivers/STM32F4xx_HAL_Driver/stm32f4xx_hal_uart.o
 .text.UART_Start_Receive_DMA
                0x080089a4      0x134 ./Drivers/STM32F4xx_HAL_Driver/stm32f4xx_hal_uart.o
                0x080089a4                UART_Start_Receive_DMA
 .text.UART_EndTxTransfer
                0x08008ad8       0x50 ./Drivers/STM32F4xx_HAL_Driver/stm32f4xx_hal_uart.o
 .text.UART_EndRxTransfer
                0x08008b28       0xc6 ./Drivers/STM32F4xx_HAL_Driver/stm32f4xx_hal_uart.o
 .text.UART_DMAAbortOnError
                0x08008bee       0x28 ./Drivers/STM32F4xx_HAL_Driver/stm32f4xx_hal_uart.o
 .text.UART_Transmit_IT
                0x08008c16       0xa0 ./Drivers/STM32F4xx_HAL_Driver/stm32f4xx_hal_uart.o
 .text.UART_EndTransmit_IT
                0x08008cb6       0x30 ./Drivers/STM32F4xx_HAL_Driver/stm32f4xx_hal_uart.o
 .text.UART_Receive_IT
                0x08008ce6      0x17c ./Drivers/STM32F4xx_HAL_Driver/stm32f4xx_hal_uart.o
 *fill*         0x08008e62        0x2 
 .text.UART_SetConfig
                0x08008e64      0x4e8 ./Drivers/STM32F4xx_HAL_Driver/stm32f4xx_hal_uart.o
 .text.makeFreeRtosPriority
                0x0800934c       0x30 ./Middlewares/FreeRTOS/cmsis_os.o
 .text.osKernelStart
                0x0800937c        0xe ./Middlewares/FreeRTOS/cmsis_os.o
                0x0800937c                osKernelStart
 .text.osThreadCreate
                0x0800938a       0x98 ./Middlewares/FreeRTOS/cmsis_os.o
                0x0800938a                osThreadCreate
 .text.osDelay  0x08009422       0x28 ./Middlewares/FreeRTOS/cmsis_os.o
                0x08009422                osDelay
 *fill*         0x0800944a        0x2 
 .text.pvPortMalloc
                0x0800944c      0x19c ./Middlewares/FreeRTOS/heap_4.o
                0x0800944c                pvPortMalloc
 .text.vPortFree
                0x080095e8       0xc8 ./Middlewares/FreeRTOS/heap_4.o
                0x080095e8                vPortFree
 .text.prvHeapInit
                0x080096b0       0xc4 ./Middlewares/FreeRTOS/heap_4.o
 .text.prvInsertBlockIntoFreeList
                0x08009774       0xb4 ./Middlewares/FreeRTOS/heap_4.o
 .text.vListInitialise
                0x08009828       0x40 ./Middlewares/FreeRTOS/list.o
                0x08009828                vListInitialise
 .text.vListInitialiseItem
                0x08009868       0x1a ./Middlewares/FreeRTOS/list.o
                0x08009868                vListInitialiseItem
 .text.vListInsertEnd
                0x08009882       0x48 ./Middlewares/FreeRTOS/list.o
                0x08009882                vListInsertEnd
 .text.vListInsert
                0x080098ca       0x72 ./Middlewares/FreeRTOS/list.o
                0x080098ca                vListInsert
 .text.uxListRemove
                0x0800993c       0x54 ./Middlewares/FreeRTOS/list.o
                0x0800993c                uxListRemove
 .text.pxPortInitialiseStack
                0x08009990       0x68 ./Middlewares/FreeRTOS/port.o
                0x08009990                pxPortInitialiseStack
 .text.prvTaskExitError
                0x080099f8       0x5c ./Middlewares/FreeRTOS/port.o
 *fill*         0x08009a54        0xc 
 .text.SVC_Handler
                0x08009a60       0x28 ./Middlewares/FreeRTOS/port.o
                0x08009a60                SVC_Handler
 .text.prvPortStartFirstTask
                0x08009a88       0x28 ./Middlewares/FreeRTOS/port.o
 .text.xPortStartScheduler
                0x08009ab0      0x148 ./Middlewares/FreeRTOS/port.o
                0x08009ab0                xPortStartScheduler
 .text.vPortEnterCritical
                0x08009bf8       0x64 ./Middlewares/FreeRTOS/port.o
                0x08009bf8                vPortEnterCritical
 .text.vPortExitCritical
                0x08009c5c       0x54 ./Middlewares/FreeRTOS/port.o
                0x08009c5c                vPortExitCritical
 .text.PendSV_Handler
                0x08009cb0       0x68 ./Middlewares/FreeRTOS/port.o
                0x08009cb0                PendSV_Handler
 .text.SysTick_Handler
                0x08009d18       0x44 ./Middlewares/FreeRTOS/port.o
                0x08009d18                SysTick_Handler
 .text.vPortSetupTimerInterrupt
                0x08009d5c       0x48 ./Middlewares/FreeRTOS/port.o
                0x08009d5c                vPortSetupTimerInterrupt
 .text.vPortEnableVFP
                0x08009da4       0x14 ./Middlewares/FreeRTOS/port.o
 .text.xTaskCreateStatic
                0x08009db8       0xc0 ./Middlewares/FreeRTOS/tasks.o
                0x08009db8                xTaskCreateStatic
 .text.xTaskCreate
                0x08009e78       0x8a ./Middlewares/FreeRTOS/tasks.o
                0x08009e78                xTaskCreate
 .text.prvInitialiseNewTask
                0x08009f02      0x110 ./Middlewares/FreeRTOS/tasks.o
 *fill*         0x0800a012        0x2 
 .text.prvAddNewTaskToReadyList
                0x0800a014       0xd4 ./Middlewares/FreeRTOS/tasks.o
 .text.vTaskDelay
                0x0800a0e8       0x6c ./Middlewares/FreeRTOS/tasks.o
                0x0800a0e8                vTaskDelay
 .text.vTaskStartScheduler
                0x0800a154       0xc4 ./Middlewares/FreeRTOS/tasks.o
                0x0800a154                vTaskStartScheduler
 .text.vTaskSuspendAll
                0x0800a218       0x1c ./Middlewares/FreeRTOS/tasks.o
                0x0800a218                vTaskSuspendAll
 .text.xTaskResumeAll
                0x0800a234      0x13c ./Middlewares/FreeRTOS/tasks.o
                0x0800a234                xTaskResumeAll
 .text.xTaskIncrementTick
                0x0800a370      0x174 ./Middlewares/FreeRTOS/tasks.o
                0x0800a370                xTaskIncrementTick
 .text.vTaskSwitchContext
                0x0800a4e4       0xb8 ./Middlewares/FreeRTOS/tasks.o
                0x0800a4e4                vTaskSwitchContext
 .text.prvIdleTask
                0x0800a59c       0x30 ./Middlewares/FreeRTOS/tasks.o
 .text.prvInitialiseTaskLists
                0x0800a5cc       0x80 ./Middlewares/FreeRTOS/tasks.o
 .text.prvCheckTasksWaitingTermination
                0x0800a64c       0x5c ./Middlewares/FreeRTOS/tasks.o
 .text.prvDeleteTCB
                0x0800a6a8       0x60 ./Middlewares/FreeRTOS/tasks.o
 .text.prvResetNextTaskUnblockTime
                0x0800a708       0x40 ./Middlewares/FreeRTOS/tasks.o
 .text.prvAddCurrentTaskToDelayedList
                0x0800a748       0xcc ./Middlewares/FreeRTOS/tasks.o
 .text.inv_row_2_scale
                0x0800a814       0x82 ./UserLibs/Bsp/Src/MPU6500.o
 .text.inv_orientation_matrix_to_scalar
                0x0800a896       0x50 ./UserLibs/Bsp/Src/MPU6500.o
 *fill*         0x0800a8e6        0x2 
 .text.MPU_6500_Init
                0x0800a8e8       0xd4 ./UserLibs/Bsp/Src/MPU6500.o
                0x0800a8e8                MPU_6500_Init
 *fill*         0x0800a9bc        0x4 
 .text.MPU6500_DMP_Get_Data
                0x0800a9c0      0x30c ./UserLibs/Bsp/Src/MPU6500.o
                0x0800a9c0                MPU6500_DMP_Get_Data
 .text.OLED_W_SCL
                0x0800accc       0x2c ./UserLibs/Bsp/Src/OLED.o
                0x0800accc                OLED_W_SCL
 .text.OLED_W_SDA
                0x0800acf8       0x2c ./UserLibs/Bsp/Src/OLED.o
                0x0800acf8                OLED_W_SDA
 .text.OLED_GPIO_Init
                0x0800ad24       0xc0 ./UserLibs/Bsp/Src/OLED.o
                0x0800ad24                OLED_GPIO_Init
 .text.OLED_I2C_Start
                0x0800ade4       0x20 ./UserLibs/Bsp/Src/OLED.o
                0x0800ade4                OLED_I2C_Start
 .text.OLED_I2C_Stop
                0x0800ae04       0x1a ./UserLibs/Bsp/Src/OLED.o
                0x0800ae04                OLED_I2C_Stop
 .text.OLED_I2C_SendByte
                0x0800ae1e       0x58 ./UserLibs/Bsp/Src/OLED.o
                0x0800ae1e                OLED_I2C_SendByte
 .text.OLED_WriteCommand
                0x0800ae76       0x2e ./UserLibs/Bsp/Src/OLED.o
                0x0800ae76                OLED_WriteCommand
 .text.OLED_WriteData
                0x0800aea4       0x4a ./UserLibs/Bsp/Src/OLED.o
                0x0800aea4                OLED_WriteData
 .text.OLED_Init
                0x0800aeee       0x9e ./UserLibs/Bsp/Src/OLED.o
                0x0800aeee                OLED_Init
 .text.OLED_SetCursor
                0x0800af8c       0x46 ./UserLibs/Bsp/Src/OLED.o
                0x0800af8c                OLED_SetCursor
 *fill*         0x0800afd2        0x2 
 .text.OLED_Update
                0x0800afd4       0x40 ./UserLibs/Bsp/Src/OLED.o
                0x0800afd4                OLED_Update
 .text.OLED_Clear
                0x0800b014       0x50 ./UserLibs/Bsp/Src/OLED.o
                0x0800b014                OLED_Clear
 .text.OLED_ClearArea
                0x0800b064       0xd8 ./UserLibs/Bsp/Src/OLED.o
                0x0800b064                OLED_ClearArea
 .text.OLED_ShowChar
                0x0800b13c       0x74 ./UserLibs/Bsp/Src/OLED.o
                0x0800b13c                OLED_ShowChar
 .text.OLED_ShowString
                0x0800b1b0       0x58 ./UserLibs/Bsp/Src/OLED.o
                0x0800b1b0                OLED_ShowString
 .text.OLED_ShowImage
                0x0800b208      0x184 ./UserLibs/Bsp/Src/OLED.o
                0x0800b208                OLED_ShowImage
 .text.OLED_Printf
                0x0800b38c       0x44 ./UserLibs/Bsp/Src/OLED.o
                0x0800b38c                OLED_Printf
 .text.set_int_enable
                0x0800b3d0       0xdc ./UserLibs/Bsp/Src/inv_mpu.o
 .text.mpu_init
                0x0800b4ac      0x1b4 ./UserLibs/Bsp/Src/inv_mpu.o
                0x0800b4ac                mpu_init
 .text.mpu_lp_accel_mode
                0x0800b660      0x178 ./UserLibs/Bsp/Src/inv_mpu.o
                0x0800b660                mpu_lp_accel_mode
 .text.mpu_reset_fifo
                0x0800b7d8      0x2e0 ./UserLibs/Bsp/Src/inv_mpu.o
                0x0800b7d8                mpu_reset_fifo
 .text.mpu_set_gyro_fsr
                0x0800bab8       0xc0 ./UserLibs/Bsp/Src/inv_mpu.o
                0x0800bab8                mpu_set_gyro_fsr
 .text.mpu_get_accel_fsr
                0x0800bb78       0x74 ./UserLibs/Bsp/Src/inv_mpu.o
                0x0800bb78                mpu_get_accel_fsr
 .text.mpu_set_accel_fsr
                0x0800bbec       0xe4 ./UserLibs/Bsp/Src/inv_mpu.o
                0x0800bbec                mpu_set_accel_fsr
 .text.mpu_set_lpf
                0x0800bcd0       0xb4 ./UserLibs/Bsp/Src/inv_mpu.o
                0x0800bcd0                mpu_set_lpf
 .text.mpu_set_sample_rate
                0x0800bd84       0xe0 ./UserLibs/Bsp/Src/inv_mpu.o
                0x0800bd84                mpu_set_sample_rate
 .text.mpu_configure_fifo
                0x0800be64       0xa4 ./UserLibs/Bsp/Src/inv_mpu.o
                0x0800be64                mpu_configure_fifo
 .text.mpu_set_sensors
                0x0800bf08      0x134 ./UserLibs/Bsp/Src/inv_mpu.o
                0x0800bf08                mpu_set_sensors
 .text.mpu_read_fifo_stream
                0x0800c03c      0x138 ./UserLibs/Bsp/Src/inv_mpu.o
                0x0800c03c                mpu_read_fifo_stream
 .text.mpu_set_bypass
                0x0800c174      0x1fc ./UserLibs/Bsp/Src/inv_mpu.o
                0x0800c174                mpu_set_bypass
 .text.mpu_set_int_latched
                0x0800c370       0xa0 ./UserLibs/Bsp/Src/inv_mpu.o
                0x0800c370                mpu_set_int_latched
 .text.mpu_write_mem
                0x0800c410       0xcc ./UserLibs/Bsp/Src/inv_mpu.o
                0x0800c410                mpu_write_mem
 .text.mpu_read_mem
                0x0800c4dc       0xcc ./UserLibs/Bsp/Src/inv_mpu.o
                0x0800c4dc                mpu_read_mem
 .text.mpu_load_firmware
                0x0800c5a8      0x110 ./UserLibs/Bsp/Src/inv_mpu.o
                0x0800c5a8                mpu_load_firmware
 .text.mpu_set_dmp_state
                0x0800c6b8       0xcc ./UserLibs/Bsp/Src/inv_mpu.o
                0x0800c6b8                mpu_set_dmp_state
 .text.dmp_load_motion_driver_firmware
                0x0800c784       0x20 ./UserLibs/Bsp/Src/inv_mpu_dmp_motion_driver.o
                0x0800c784                dmp_load_motion_driver_firmware
 .text.dmp_set_orientation
                0x0800c7a4      0x1d8 ./UserLibs/Bsp/Src/inv_mpu_dmp_motion_driver.o
                0x0800c7a4                dmp_set_orientation
 .text.dmp_set_fifo_rate
                0x0800c97c       0x90 ./UserLibs/Bsp/Src/inv_mpu_dmp_motion_driver.o
                0x0800c97c                dmp_set_fifo_rate
 .text.dmp_set_tap_thresh
                0x0800ca0c      0x26c ./UserLibs/Bsp/Src/inv_mpu_dmp_motion_driver.o
                0x0800ca0c                dmp_set_tap_thresh
 .text.dmp_set_tap_axes
                0x0800cc78       0x64 ./UserLibs/Bsp/Src/inv_mpu_dmp_motion_driver.o
                0x0800cc78                dmp_set_tap_axes
 .text.dmp_set_tap_count
                0x0800ccdc       0x42 ./UserLibs/Bsp/Src/inv_mpu_dmp_motion_driver.o
                0x0800ccdc                dmp_set_tap_count
 *fill*         0x0800cd1e        0x2 
 .text.dmp_set_tap_time
                0x0800cd20       0x44 ./UserLibs/Bsp/Src/inv_mpu_dmp_motion_driver.o
                0x0800cd20                dmp_set_tap_time
 .text.dmp_set_tap_time_multi
                0x0800cd64       0x44 ./UserLibs/Bsp/Src/inv_mpu_dmp_motion_driver.o
                0x0800cd64                dmp_set_tap_time_multi
 .text.dmp_set_shake_reject_thresh
                0x0800cda8       0x60 ./UserLibs/Bsp/Src/inv_mpu_dmp_motion_driver.o
                0x0800cda8                dmp_set_shake_reject_thresh
 .text.dmp_set_shake_reject_time
                0x0800ce08       0x44 ./UserLibs/Bsp/Src/inv_mpu_dmp_motion_driver.o
                0x0800ce08                dmp_set_shake_reject_time
 .text.dmp_set_shake_reject_timeout
                0x0800ce4c       0x44 ./UserLibs/Bsp/Src/inv_mpu_dmp_motion_driver.o
                0x0800ce4c                dmp_set_shake_reject_timeout
 .text.dmp_enable_feature
                0x0800ce90      0x250 ./UserLibs/Bsp/Src/inv_mpu_dmp_motion_driver.o
                0x0800ce90                dmp_enable_feature
 .text.dmp_enable_gyro_cal
                0x0800d0e0       0x60 ./UserLibs/Bsp/Src/inv_mpu_dmp_motion_driver.o
                0x0800d0e0                dmp_enable_gyro_cal
 .text.dmp_enable_lp_quat
                0x0800d140       0x4e ./UserLibs/Bsp/Src/inv_mpu_dmp_motion_driver.o
                0x0800d140                dmp_enable_lp_quat
 .text.dmp_enable_6x_lp_quat
                0x0800d18e       0x4e ./UserLibs/Bsp/Src/inv_mpu_dmp_motion_driver.o
                0x0800d18e                dmp_enable_6x_lp_quat
 .text.decode_gesture
                0x0800d1dc       0x88 ./UserLibs/Bsp/Src/inv_mpu_dmp_motion_driver.o
 .text.dmp_read_fifo
                0x0800d264      0x2e8 ./UserLibs/Bsp/Src/inv_mpu_dmp_motion_driver.o
                0x0800d264                dmp_read_fifo
 .text.VerticalPidCalc
                0x0800d54c       0x5c ./UserLibs/Controller/Src/pid.o
                0x0800d54c                VerticalPidCalc
 .text.VelocityPidCalc
                0x0800d5a8      0x12c ./UserLibs/Controller/Src/pid.o
                0x0800d5a8                VelocityPidCalc
 .text.Turn     0x0800d6d4       0x38 ./UserLibs/Controller/Src/pid.o
                0x0800d6d4                Turn
 .text.newCar   0x0800d70c      0x188 ./UserLibs/Devices/Src/car.o
                0x0800d70c                newCar
 .text.MotorPidCalc
                0x0800d894       0xc0 ./UserLibs/Devices/Src/car.o
                0x0800d894                MotorPidCalc
 .text.checkMotionCommand
                0x0800d954      0x1cc ./UserLibs/Devices/Src/car.o
                0x0800d954                checkMotionCommand
 .text.CarMove  0x0800db20       0xf0 ./UserLibs/Devices/Src/car.o
                0x0800db20                CarMove
 .text.newEncoder
                0x0800dc10       0x44 ./UserLibs/Devices/Src/encoder.o
                0x0800dc10                newEncoder
 .text.GetCountAndRpm
                0x0800dc54       0x6c ./UserLibs/Devices/Src/encoder.o
                0x0800dc54                GetCountAndRpm
 .text.HC_trig  0x0800dcc0       0x2c ./UserLibs/Devices/Src/exti_devices.o
                0x0800dcc0                HC_trig
 .text.calc_dis
                0x0800dcec       0x44 ./UserLibs/Devices/Src/exti_devices.o
                0x0800dcec                calc_dis
 .text.HAL_GPIO_EXTI_Callback
                0x0800dd30      0x230 ./UserLibs/Devices/Src/exti_devices.o
                0x0800dd30                HAL_GPIO_EXTI_Callback
 .text.newImu   0x0800df60       0x3c ./UserLibs/Devices/Src/imu.o
                0x0800df60                newImu
 .text.Enable   0x0800df9c       0x20 ./UserLibs/Devices/Src/imu.o
                0x0800df9c                Enable
 .text.Get_Data
                0x0800dfbc       0x50 ./UserLibs/Devices/Src/imu.o
                0x0800dfbc                Get_Data
 .text.newMotor
                0x0800e00c       0x68 ./UserLibs/Devices/Src/motor.o
                0x0800e00c                newMotor
 .text.Move     0x0800e074      0x13c ./UserLibs/Devices/Src/motor.o
                0x0800e074                Move
 .text.ADC_Start
                0x0800e1b0       0x1c ./UserLibs/Devices/Src/potentiometers.o
                0x0800e1b0                ADC_Start
 .text.HAL_ADC_ConvCpltCallback
                0x0800e1cc       0x58 ./UserLibs/Devices/Src/potentiometers.o
                0x0800e1cc                HAL_ADC_ConvCpltCallback
 .text.UART_IdleCallback
                0x0800e224       0xa4 ./UserLibs/Support/Src/communication.o
                0x0800e224                UART_IdleCallback
 .text.USART2_IRQHandler
                0x0800e2c8       0x44 ./UserLibs/Support/Src/communication.o
                0x0800e2c8                USART2_IRQHandler
 .text.USART6_IRQHandler
                0x0800e30c       0x44 ./UserLibs/Support/Src/communication.o
                0x0800e30c                USART6_IRQHandler
 .text.delay_init
                0x0800e350       0x38 ./UserLibs/Support/Src/delay.o
                0x0800e350                delay_init
 .text.delay_us
                0x0800e388       0x94 ./UserLibs/Support/Src/delay.o
                0x0800e388                delay_us
 .text.HAL_Delay
                0x0800e41c       0x2e ./UserLibs/Support/Src/delay.o
                0x0800e41c                HAL_Delay
 *fill*         0x0800e44a        0x2 
 .text.StartCarTask
                0x0800e44c       0x3c ./UserLibs/Tasks/Src/carTask.o
                0x0800e44c                StartCarTask
 .text.StartMultiTask
                0x0800e488       0x16 ./UserLibs/Tasks/Src/multiTask.o
                0x0800e488                StartMultiTask
 *fill*         0x0800e49e        0x2 
 .text.ShowPages
                0x0800e4a0      0x350 ./UserLibs/Tasks/Src/oledTask.o
                0x0800e4a0                ShowPages
 .text.StartOledTask
                0x0800e7f0       0x16 ./UserLibs/Tasks/Src/oledTask.o
                0x0800e7f0                StartOledTask
 *fill*         0x0800e806        0x2 
 .text._vsprintf_r
                0x0800e808       0x2c D:/development tools/MCUdevelopment/STMcubemxIDE/STM32CubeIDE_1.13.1/STM32CubeIDE/plugins/com.st.stm32cube.ide.mcu.externaltools.gnu-tools-for-stm32.13.3.rel1.win32_1.0.0.202411081344/tools/bin/../lib/gcc/arm-none-eabi/13.3.1/../../../../arm-none-eabi/lib/thumb/v7e-m+fp/hard\libc_nano.a(libc_a-vsprintf.o)
                0x0800e808                _vsprintf_r
                0x0800e808                _vsiprintf_r
 .text.vsprintf
                0x0800e834       0x14 D:/development tools/MCUdevelopment/STMcubemxIDE/STM32CubeIDE_1.13.1/STM32CubeIDE/plugins/com.st.stm32cube.ide.mcu.externaltools.gnu-tools-for-stm32.13.3.rel1.win32_1.0.0.202411081344/tools/bin/../lib/gcc/arm-none-eabi/13.3.1/../../../../arm-none-eabi/lib/thumb/v7e-m+fp/hard\libc_nano.a(libc_a-vsprintf.o)
                0x0800e834                vsiprintf
                0x0800e834                vsprintf
 .text.memcmp   0x0800e848       0x20 D:/development tools/MCUdevelopment/STMcubemxIDE/STM32CubeIDE_1.13.1/STM32CubeIDE/plugins/com.st.stm32cube.ide.mcu.externaltools.gnu-tools-for-stm32.13.3.rel1.win32_1.0.0.202411081344/tools/bin/../lib/gcc/arm-none-eabi/13.3.1/../../../../arm-none-eabi/lib/thumb/v7e-m+fp/hard\libc_nano.a(libc_a-memcmp.o)
                0x0800e848                memcmp
 .text.memset   0x0800e868       0x10 D:/development tools/MCUdevelopment/STMcubemxIDE/STM32CubeIDE_1.13.1/STM32CubeIDE/plugins/com.st.stm32cube.ide.mcu.externaltools.gnu-tools-for-stm32.13.3.rel1.win32_1.0.0.202411081344/tools/bin/../lib/gcc/arm-none-eabi/13.3.1/../../../../arm-none-eabi/lib/thumb/v7e-m+fp/hard\libc_nano.a(libc_a-memset.o)
                0x0800e868                memset
 .text.__errno  0x0800e878        0xc D:/development tools/MCUdevelopment/STMcubemxIDE/STM32CubeIDE_1.13.1/STM32CubeIDE/plugins/com.st.stm32cube.ide.mcu.externaltools.gnu-tools-for-stm32.13.3.rel1.win32_1.0.0.202411081344/tools/bin/../lib/gcc/arm-none-eabi/13.3.1/../../../../arm-none-eabi/lib/thumb/v7e-m+fp/hard\libc_nano.a(libc_a-errno.o)
                0x0800e878                __errno
 .text.__libc_init_array
                0x0800e884       0x48 D:/development tools/MCUdevelopment/STMcubemxIDE/STM32CubeIDE_1.13.1/STM32CubeIDE/plugins/com.st.stm32cube.ide.mcu.externaltools.gnu-tools-for-stm32.13.3.rel1.win32_1.0.0.202411081344/tools/bin/../lib/gcc/arm-none-eabi/13.3.1/../../../../arm-none-eabi/lib/thumb/v7e-m+fp/hard\libc_nano.a(libc_a-init.o)
                0x0800e884                __libc_init_array
 .text.__retarget_lock_acquire_recursive
                0x0800e8cc        0x2 D:/development tools/MCUdevelopment/STMcubemxIDE/STM32CubeIDE_1.13.1/STM32CubeIDE/plugins/com.st.stm32cube.ide.mcu.externaltools.gnu-tools-for-stm32.13.3.rel1.win32_1.0.0.202411081344/tools/bin/../lib/gcc/arm-none-eabi/13.3.1/../../../../arm-none-eabi/lib/thumb/v7e-m+fp/hard\libc_nano.a(libc_a-lock.o)
                0x0800e8cc                __retarget_lock_acquire_recursive
 .text.__retarget_lock_release_recursive
                0x0800e8ce        0x2 D:/development tools/MCUdevelopment/STMcubemxIDE/STM32CubeIDE_1.13.1/STM32CubeIDE/plugins/com.st.stm32cube.ide.mcu.externaltools.gnu-tools-for-stm32.13.3.rel1.win32_1.0.0.202411081344/tools/bin/../lib/gcc/arm-none-eabi/13.3.1/../../../../arm-none-eabi/lib/thumb/v7e-m+fp/hard\libc_nano.a(libc_a-lock.o)
                0x0800e8ce                __retarget_lock_release_recursive
 .text.memcpy   0x0800e8d0       0x1c D:/development tools/MCUdevelopment/STMcubemxIDE/STM32CubeIDE_1.13.1/STM32CubeIDE/plugins/com.st.stm32cube.ide.mcu.externaltools.gnu-tools-for-stm32.13.3.rel1.win32_1.0.0.202411081344/tools/bin/../lib/gcc/arm-none-eabi/13.3.1/../../../../arm-none-eabi/lib/thumb/v7e-m+fp/hard\libc_nano.a(libc_a-memcpy-stub.o)
                0x0800e8d0                memcpy
 .text._free_r  0x0800e8ec       0x94 D:/development tools/MCUdevelopment/STMcubemxIDE/STM32CubeIDE_1.13.1/STM32CubeIDE/plugins/com.st.stm32cube.ide.mcu.externaltools.gnu-tools-for-stm32.13.3.rel1.win32_1.0.0.202411081344/tools/bin/../lib/gcc/arm-none-eabi/13.3.1/../../../../arm-none-eabi/lib/thumb/v7e-m+fp/hard\libc_nano.a(libc_a-freer.o)
                0x0800e8ec                _free_r
 .text.sbrk_aligned
                0x0800e980       0x44 D:/development tools/MCUdevelopment/STMcubemxIDE/STM32CubeIDE_1.13.1/STM32CubeIDE/plugins/com.st.stm32cube.ide.mcu.externaltools.gnu-tools-for-stm32.13.3.rel1.win32_1.0.0.202411081344/tools/bin/../lib/gcc/arm-none-eabi/13.3.1/../../../../arm-none-eabi/lib/thumb/v7e-m+fp/hard\libc_nano.a(libc_a-mallocr.o)
 .text._malloc_r
                0x0800e9c4      0x100 D:/development tools/MCUdevelopment/STMcubemxIDE/STM32CubeIDE_1.13.1/STM32CubeIDE/plugins/com.st.stm32cube.ide.mcu.externaltools.gnu-tools-for-stm32.13.3.rel1.win32_1.0.0.202411081344/tools/bin/../lib/gcc/arm-none-eabi/13.3.1/../../../../arm-none-eabi/lib/thumb/v7e-m+fp/hard\libc_nano.a(libc_a-mallocr.o)
                0x0800e9c4                _malloc_r
 .text.__malloc_lock
                0x0800eac4        0xc D:/development tools/MCUdevelopment/STMcubemxIDE/STM32CubeIDE_1.13.1/STM32CubeIDE/plugins/com.st.stm32cube.ide.mcu.externaltools.gnu-tools-for-stm32.13.3.rel1.win32_1.0.0.202411081344/tools/bin/../lib/gcc/arm-none-eabi/13.3.1/../../../../arm-none-eabi/lib/thumb/v7e-m+fp/hard\libc_nano.a(libc_a-mlock.o)
                0x0800eac4                __malloc_lock
 .text.__malloc_unlock
                0x0800ead0        0xc D:/development tools/MCUdevelopment/STMcubemxIDE/STM32CubeIDE_1.13.1/STM32CubeIDE/plugins/com.st.stm32cube.ide.mcu.externaltools.gnu-tools-for-stm32.13.3.rel1.win32_1.0.0.202411081344/tools/bin/../lib/gcc/arm-none-eabi/13.3.1/../../../../arm-none-eabi/lib/thumb/v7e-m+fp/hard\libc_nano.a(libc_a-mlock.o)
                0x0800ead0                __malloc_unlock
 .text.__ssputs_r
                0x0800eadc       0xb6 D:/development tools/MCUdevelopment/STMcubemxIDE/STM32CubeIDE_1.13.1/STM32CubeIDE/plugins/com.st.stm32cube.ide.mcu.externaltools.gnu-tools-for-stm32.13.3.rel1.win32_1.0.0.202411081344/tools/bin/../lib/gcc/arm-none-eabi/13.3.1/../../../../arm-none-eabi/lib/thumb/v7e-m+fp/hard\libc_nano.a(libc_a-nano-svfprintf.o)
                0x0800eadc                __ssputs_r
 *fill*         0x0800eb92        0x2 
 .text._svfprintf_r
                0x0800eb94      0x1f8 D:/development tools/MCUdevelopment/STMcubemxIDE/STM32CubeIDE_1.13.1/STM32CubeIDE/plugins/com.st.stm32cube.ide.mcu.externaltools.gnu-tools-for-stm32.13.3.rel1.win32_1.0.0.202411081344/tools/bin/../lib/gcc/arm-none-eabi/13.3.1/../../../../arm-none-eabi/lib/thumb/v7e-m+fp/hard\libc_nano.a(libc_a-nano-svfprintf.o)
                0x0800eb94                _svfiprintf_r
                0x0800eb94                _svfprintf_r
 .text._printf_common
                0x0800ed8c       0xda D:/development tools/MCUdevelopment/STMcubemxIDE/STM32CubeIDE_1.13.1/STM32CubeIDE/plugins/com.st.stm32cube.ide.mcu.externaltools.gnu-tools-for-stm32.13.3.rel1.win32_1.0.0.202411081344/tools/bin/../lib/gcc/arm-none-eabi/13.3.1/../../../../arm-none-eabi/lib/thumb/v7e-m+fp/hard\libc_nano.a(libc_a-nano-vfprintf_i.o)
                0x0800ed8c                _printf_common
 *fill*         0x0800ee66        0x2 
 .text._printf_i
                0x0800ee68      0x23c D:/development tools/MCUdevelopment/STMcubemxIDE/STM32CubeIDE_1.13.1/STM32CubeIDE/plugins/com.st.stm32cube.ide.mcu.externaltools.gnu-tools-for-stm32.13.3.rel1.win32_1.0.0.202411081344/tools/bin/../lib/gcc/arm-none-eabi/13.3.1/../../../../arm-none-eabi/lib/thumb/v7e-m+fp/hard\libc_nano.a(libc_a-nano-vfprintf_i.o)
                0x0800ee68                _printf_i
 .text.memmove  0x0800f0a4       0x34 D:/development tools/MCUdevelopment/STMcubemxIDE/STM32CubeIDE_1.13.1/STM32CubeIDE/plugins/com.st.stm32cube.ide.mcu.externaltools.gnu-tools-for-stm32.13.3.rel1.win32_1.0.0.202411081344/tools/bin/../lib/gcc/arm-none-eabi/13.3.1/../../../../arm-none-eabi/lib/thumb/v7e-m+fp/hard\libc_nano.a(libc_a-memmove.o)
                0x0800f0a4                memmove
 .text._sbrk_r  0x0800f0d8       0x20 D:/development tools/MCUdevelopment/STMcubemxIDE/STM32CubeIDE_1.13.1/STM32CubeIDE/plugins/com.st.stm32cube.ide.mcu.externaltools.gnu-tools-for-stm32.13.3.rel1.win32_1.0.0.202411081344/tools/bin/../lib/gcc/arm-none-eabi/13.3.1/../../../../arm-none-eabi/lib/thumb/v7e-m+fp/hard\libc_nano.a(libc_a-sbrkr.o)
                0x0800f0d8                _sbrk_r
 .text._realloc_r
                0x0800f0f8       0x5c D:/development tools/MCUdevelopment/STMcubemxIDE/STM32CubeIDE_1.13.1/STM32CubeIDE/plugins/com.st.stm32cube.ide.mcu.externaltools.gnu-tools-for-stm32.13.3.rel1.win32_1.0.0.202411081344/tools/bin/../lib/gcc/arm-none-eabi/13.3.1/../../../../arm-none-eabi/lib/thumb/v7e-m+fp/hard\libc_nano.a(libc_a-reallocr.o)
                0x0800f0f8                _realloc_r
 .text._malloc_usable_size_r
                0x0800f154       0x10 D:/development tools/MCUdevelopment/STMcubemxIDE/STM32CubeIDE_1.13.1/STM32CubeIDE/plugins/com.st.stm32cube.ide.mcu.externaltools.gnu-tools-for-stm32.13.3.rel1.win32_1.0.0.202411081344/tools/bin/../lib/gcc/arm-none-eabi/13.3.1/../../../../arm-none-eabi/lib/thumb/v7e-m+fp/hard\libc_nano.a(libc_a-msizer.o)
                0x0800f154                _malloc_usable_size_r
 .text.asin     0x0800f164       0x68 D:/development tools/MCUdevelopment/STMcubemxIDE/STM32CubeIDE_1.13.1/STM32CubeIDE/plugins/com.st.stm32cube.ide.mcu.externaltools.gnu-tools-for-stm32.13.3.rel1.win32_1.0.0.202411081344/tools/bin/../lib/gcc/arm-none-eabi/13.3.1/../../../../arm-none-eabi/lib/thumb/v7e-m+fp/hard\libm.a(libm_a-w_asin.o)
                0x0800f164                asin
 .text.atan2    0x0800f1cc        0x4 D:/development tools/MCUdevelopment/STMcubemxIDE/STM32CubeIDE_1.13.1/STM32CubeIDE/plugins/com.st.stm32cube.ide.mcu.externaltools.gnu-tools-for-stm32.13.3.rel1.win32_1.0.0.202411081344/tools/bin/../lib/gcc/arm-none-eabi/13.3.1/../../../../arm-none-eabi/lib/thumb/v7e-m+fp/hard\libm.a(libm_a-w_atan2.o)
                0x0800f1cc                atan2
 .text.fabs     0x0800f1d0       0x10 D:/development tools/MCUdevelopment/STMcubemxIDE/STM32CubeIDE_1.13.1/STM32CubeIDE/plugins/com.st.stm32cube.ide.mcu.externaltools.gnu-tools-for-stm32.13.3.rel1.win32_1.0.0.202411081344/tools/bin/../lib/gcc/arm-none-eabi/13.3.1/../../../../arm-none-eabi/lib/thumb/v7e-m+fp/hard\libm.a(libm_a-s_fabs.o)
                0x0800f1d0                fabs
 .text.nan      0x0800f1e0       0x10 D:/development tools/MCUdevelopment/STMcubemxIDE/STM32CubeIDE_1.13.1/STM32CubeIDE/plugins/com.st.stm32cube.ide.mcu.externaltools.gnu-tools-for-stm32.13.3.rel1.win32_1.0.0.202411081344/tools/bin/../lib/gcc/arm-none-eabi/13.3.1/../../../../arm-none-eabi/lib/thumb/v7e-m+fp/hard\libm.a(libm_a-s_nan.o)
                0x0800f1e0                nan
 .text.__ieee754_asin
                0x0800f1f0      0x408 D:/development tools/MCUdevelopment/STMcubemxIDE/STM32CubeIDE_1.13.1/STM32CubeIDE/plugins/com.st.stm32cube.ide.mcu.externaltools.gnu-tools-for-stm32.13.3.rel1.win32_1.0.0.202411081344/tools/bin/../lib/gcc/arm-none-eabi/13.3.1/../../../../arm-none-eabi/lib/thumb/v7e-m+fp/hard\libm.a(libm_a-e_asin.o)
                0x0800f1f0                __ieee754_asin
 .text.__ieee754_atan2
                0x0800f5f8      0x18c D:/development tools/MCUdevelopment/STMcubemxIDE/STM32CubeIDE_1.13.1/STM32CubeIDE/plugins/com.st.stm32cube.ide.mcu.externaltools.gnu-tools-for-stm32.13.3.rel1.win32_1.0.0.202411081344/tools/bin/../lib/gcc/arm-none-eabi/13.3.1/../../../../arm-none-eabi/lib/thumb/v7e-m+fp/hard\libm.a(libm_a-e_atan2.o)
                0x0800f5f8                __ieee754_atan2
 *fill*         0x0800f784        0x4 
 .text.atan     0x0800f788      0x330 D:/development tools/MCUdevelopment/STMcubemxIDE/STM32CubeIDE_1.13.1/STM32CubeIDE/plugins/com.st.stm32cube.ide.mcu.externaltools.gnu-tools-for-stm32.13.3.rel1.win32_1.0.0.202411081344/tools/bin/../lib/gcc/arm-none-eabi/13.3.1/../../../../arm-none-eabi/lib/thumb/v7e-m+fp/hard\libm.a(libm_a-s_atan.o)
                0x0800f788                atan
 .text.__ieee754_sqrt
                0x0800fab8      0x1ac D:/development tools/MCUdevelopment/STMcubemxIDE/STM32CubeIDE_1.13.1/STM32CubeIDE/plugins/com.st.stm32cube.ide.mcu.externaltools.gnu-tools-for-stm32.13.3.rel1.win32_1.0.0.202411081344/tools/bin/../lib/gcc/arm-none-eabi/13.3.1/../../../../arm-none-eabi/lib/thumb/v7e-m+fp/hard\libm.a(libm_a-e_sqrt.o)
                0x0800fab8                __ieee754_sqrt
 *(.glue_7)
 .glue_7        0x0800fc64        0x0 linker stubs
 *(.glue_7t)
 .glue_7t       0x0800fc64        0x0 linker stubs
 *(.eh_frame)
 .eh_frame      0x0800fc64        0x0 D:/development tools/MCUdevelopment/STMcubemxIDE/STM32CubeIDE_1.13.1/STM32CubeIDE/plugins/com.st.stm32cube.ide.mcu.externaltools.gnu-tools-for-stm32.13.3.rel1.win32_1.0.0.202411081344/tools/bin/../lib/gcc/arm-none-eabi/13.3.1/thumb/v7e-m+fp/hard/crtbegin.o
 *(.init)
 .init          0x0800fc64        0x4 D:/development tools/MCUdevelopment/STMcubemxIDE/STM32CubeIDE_1.13.1/STM32CubeIDE/plugins/com.st.stm32cube.ide.mcu.externaltools.gnu-tools-for-stm32.13.3.rel1.win32_1.0.0.202411081344/tools/bin/../lib/gcc/arm-none-eabi/13.3.1/thumb/v7e-m+fp/hard/crti.o
                0x0800fc64                _init
 .init          0x0800fc68        0x8 D:/development tools/MCUdevelopment/STMcubemxIDE/STM32CubeIDE_1.13.1/STM32CubeIDE/plugins/com.st.stm32cube.ide.mcu.externaltools.gnu-tools-for-stm32.13.3.rel1.win32_1.0.0.202411081344/tools/bin/../lib/gcc/arm-none-eabi/13.3.1/thumb/v7e-m+fp/hard/crtn.o
 *(.fini)
 .fini          0x0800fc70        0x4 D:/development tools/MCUdevelopment/STMcubemxIDE/STM32CubeIDE_1.13.1/STM32CubeIDE/plugins/com.st.stm32cube.ide.mcu.externaltools.gnu-tools-for-stm32.13.3.rel1.win32_1.0.0.202411081344/tools/bin/../lib/gcc/arm-none-eabi/13.3.1/thumb/v7e-m+fp/hard/crti.o
                0x0800fc70                _fini
 .fini          0x0800fc74        0x8 D:/development tools/MCUdevelopment/STMcubemxIDE/STM32CubeIDE_1.13.1/STM32CubeIDE/plugins/com.st.stm32cube.ide.mcu.externaltools.gnu-tools-for-stm32.13.3.rel1.win32_1.0.0.202411081344/tools/bin/../lib/gcc/arm-none-eabi/13.3.1/thumb/v7e-m+fp/hard/crtn.o
                0x0800fc7c                        . = ALIGN (0x4)
                0x0800fc7c                        _etext = .

.vfp11_veneer   0x0800fc7c        0x0
 .vfp11_veneer  0x0800fc7c        0x0 linker stubs

.v4_bx          0x0800fc7c        0x0
 .v4_bx         0x0800fc7c        0x0 linker stubs

.iplt           0x0800fc7c        0x0
 .iplt          0x0800fc7c        0x0 D:/development tools/MCUdevelopment/STMcubemxIDE/STM32CubeIDE_1.13.1/STM32CubeIDE/plugins/com.st.stm32cube.ide.mcu.externaltools.gnu-tools-for-stm32.13.3.rel1.win32_1.0.0.202411081344/tools/bin/../lib/gcc/arm-none-eabi/13.3.1/thumb/v7e-m+fp/hard/crtbegin.o

.rodata         0x0800fc80     0x17d0
                0x0800fc80                        . = ALIGN (0x4)
 *(.rodata)
 .rodata        0x0800fc80       0x9c ./Core/Src/freertos.o
 .rodata        0x0800fd1c        0x5 ./Middlewares/FreeRTOS/tasks.o
 *fill*         0x0800fd21        0x3 
 .rodata        0x0800fd24       0x4b ./UserLibs/Bsp/Src/inv_mpu_dmp_motion_driver.o
 *fill*         0x0800fd6f        0x1 
 .rodata        0x0800fd70       0x30 ./UserLibs/Devices/Src/car.o
 .rodata        0x0800fda0      0x156 ./UserLibs/Tasks/Src/oledTask.o
 *(.rodata*)
 *fill*         0x0800fef6        0x2 
 .rodata.AHBPrescTable
                0x0800fef8       0x10 ./Core/Src/system_stm32f4xx.o
                0x0800fef8                AHBPrescTable
 .rodata.APBPrescTable
                0x0800ff08        0x8 ./Core/Src/system_stm32f4xx.o
                0x0800ff08                APBPrescTable
 .rodata.flagBitshiftOffset.0
                0x0800ff10        0x8 ./Drivers/STM32F4xx_HAL_Driver/stm32f4xx_hal_dma.o
 .rodata.OLED_F8x16
                0x0800ff18      0x5f0 ./UserLibs/Bsp/Src/OLED_Data.o
                0x0800ff18                OLED_F8x16
 .rodata.OLED_F6x8
                0x08010508      0x23a ./UserLibs/Bsp/Src/OLED_Data.o
                0x08010508                OLED_F6x8
 *fill*         0x08010742        0x2 
 .rodata.reg    0x08010744       0x1e ./UserLibs/Bsp/Src/inv_mpu.o
                0x08010744                reg
 *fill*         0x08010762        0x2 
 .rodata.hw     0x08010764        0xc ./UserLibs/Bsp/Src/inv_mpu.o
                0x08010764                hw
 .rodata.test   0x08010770       0x30 ./UserLibs/Bsp/Src/inv_mpu.o
                0x08010770                test
 .rodata.dmp_memory
                0x080107a0      0xbf6 ./UserLibs/Bsp/Src/inv_mpu_dmp_motion_driver.o
 .rodata._svfprintf_r.str1.1
                0x08011396       0x33 D:/development tools/MCUdevelopment/STMcubemxIDE/STM32CubeIDE_1.13.1/STM32CubeIDE/plugins/com.st.stm32cube.ide.mcu.externaltools.gnu-tools-for-stm32.13.3.rel1.win32_1.0.0.202411081344/tools/bin/../lib/gcc/arm-none-eabi/13.3.1/../../../../arm-none-eabi/lib/thumb/v7e-m+fp/hard\libc_nano.a(libc_a-nano-svfprintf.o)
                                 0x11 (size before relaxing)
 .rodata._printf_i.str1.1
                0x080113c9       0x22 D:/development tools/MCUdevelopment/STMcubemxIDE/STM32CubeIDE_1.13.1/STM32CubeIDE/plugins/com.st.stm32cube.ide.mcu.externaltools.gnu-tools-for-stm32.13.3.rel1.win32_1.0.0.202411081344/tools/bin/../lib/gcc/arm-none-eabi/13.3.1/../../../../arm-none-eabi/lib/thumb/v7e-m+fp/hard\libc_nano.a(libc_a-nano-vfprintf_i.o)
 .rodata.asin.str1.1
                0x080113c9        0x1 D:/development tools/MCUdevelopment/STMcubemxIDE/STM32CubeIDE_1.13.1/STM32CubeIDE/plugins/com.st.stm32cube.ide.mcu.externaltools.gnu-tools-for-stm32.13.3.rel1.win32_1.0.0.202411081344/tools/bin/../lib/gcc/arm-none-eabi/13.3.1/../../../../arm-none-eabi/lib/thumb/v7e-m+fp/hard\libm.a(libm_a-w_asin.o)
 *fill*         0x080113c9        0x7 
 .rodata.CSWTCH.9
                0x080113d0       0x18 D:/development tools/MCUdevelopment/STMcubemxIDE/STM32CubeIDE_1.13.1/STM32CubeIDE/plugins/com.st.stm32cube.ide.mcu.externaltools.gnu-tools-for-stm32.13.3.rel1.win32_1.0.0.202411081344/tools/bin/../lib/gcc/arm-none-eabi/13.3.1/../../../../arm-none-eabi/lib/thumb/v7e-m+fp/hard\libm.a(libm_a-e_atan2.o)
 .rodata.CSWTCH.8
                0x080113e8       0x18 D:/development tools/MCUdevelopment/STMcubemxIDE/STM32CubeIDE_1.13.1/STM32CubeIDE/plugins/com.st.stm32cube.ide.mcu.externaltools.gnu-tools-for-stm32.13.3.rel1.win32_1.0.0.202411081344/tools/bin/../lib/gcc/arm-none-eabi/13.3.1/../../../../arm-none-eabi/lib/thumb/v7e-m+fp/hard\libm.a(libm_a-e_atan2.o)
 .rodata.atanlo
                0x08011400       0x20 D:/development tools/MCUdevelopment/STMcubemxIDE/STM32CubeIDE_1.13.1/STM32CubeIDE/plugins/com.st.stm32cube.ide.mcu.externaltools.gnu-tools-for-stm32.13.3.rel1.win32_1.0.0.202411081344/tools/bin/../lib/gcc/arm-none-eabi/13.3.1/../../../../arm-none-eabi/lib/thumb/v7e-m+fp/hard\libm.a(libm_a-s_atan.o)
 .rodata.atanhi
                0x08011420       0x20 D:/development tools/MCUdevelopment/STMcubemxIDE/STM32CubeIDE_1.13.1/STM32CubeIDE/plugins/com.st.stm32cube.ide.mcu.externaltools.gnu-tools-for-stm32.13.3.rel1.win32_1.0.0.202411081344/tools/bin/../lib/gcc/arm-none-eabi/13.3.1/../../../../arm-none-eabi/lib/thumb/v7e-m+fp/hard\libm.a(libm_a-s_atan.o)
 .rodata.tiny   0x08011440        0x8 D:/development tools/MCUdevelopment/STMcubemxIDE/STM32CubeIDE_1.13.1/STM32CubeIDE/plugins/com.st.stm32cube.ide.mcu.externaltools.gnu-tools-for-stm32.13.3.rel1.win32_1.0.0.202411081344/tools/bin/../lib/gcc/arm-none-eabi/13.3.1/../../../../arm-none-eabi/lib/thumb/v7e-m+fp/hard\libm.a(libm_a-e_sqrt.o)
 .rodata.one    0x08011448        0x8 D:/development tools/MCUdevelopment/STMcubemxIDE/STM32CubeIDE_1.13.1/STM32CubeIDE/plugins/com.st.stm32cube.ide.mcu.externaltools.gnu-tools-for-stm32.13.3.rel1.win32_1.0.0.202411081344/tools/bin/../lib/gcc/arm-none-eabi/13.3.1/../../../../arm-none-eabi/lib/thumb/v7e-m+fp/hard\libm.a(libm_a-e_sqrt.o)
                0x08011450                        . = ALIGN (0x4)

.ARM.extab      0x08011450        0x0
                0x08011450                        . = ALIGN (0x4)
 *(.ARM.extab* .gnu.linkonce.armextab.*)
                0x08011450                        . = ALIGN (0x4)

.ARM            0x08011450        0x8
                0x08011450                        . = ALIGN (0x4)
                0x08011450                        __exidx_start = .
 *(.ARM.exidx*)
 .ARM.exidx     0x08011450        0x8 D:/development tools/MCUdevelopment/STMcubemxIDE/STM32CubeIDE_1.13.1/STM32CubeIDE/plugins/com.st.stm32cube.ide.mcu.externaltools.gnu-tools-for-stm32.13.3.rel1.win32_1.0.0.202411081344/tools/bin/../lib/gcc/arm-none-eabi/13.3.1/../../../../arm-none-eabi/lib/thumb/v7e-m+fp/hard\libc_nano.a(libc_a-memchr.o)
 .ARM.exidx     0x08011458        0x0 D:/development tools/MCUdevelopment/STMcubemxIDE/STM32CubeIDE_1.13.1/STM32CubeIDE/plugins/com.st.stm32cube.ide.mcu.externaltools.gnu-tools-for-stm32.13.3.rel1.win32_1.0.0.202411081344/tools/bin/../lib/gcc/arm-none-eabi/13.3.1/thumb/v7e-m+fp/hard\libgcc.a(_udivmoddi4.o)
                                  0x8 (size before relaxing)
                0x08011458                        __exidx_end = .
                0x08011458                        . = ALIGN (0x4)

.preinit_array  0x08011458        0x0
                0x08011458                        . = ALIGN (0x4)
                0x08011458                        PROVIDE (__preinit_array_start = .)
 *(.preinit_array*)
                0x08011458                        PROVIDE (__preinit_array_end = .)
                0x08011458                        . = ALIGN (0x4)

.init_array     0x08011458        0x4
                0x08011458                        . = ALIGN (0x4)
                0x08011458                        PROVIDE (__init_array_start = .)
 *(SORT_BY_NAME(.init_array.*))
 *(.init_array*)
 .init_array    0x08011458        0x4 D:/development tools/MCUdevelopment/STMcubemxIDE/STM32CubeIDE_1.13.1/STM32CubeIDE/plugins/com.st.stm32cube.ide.mcu.externaltools.gnu-tools-for-stm32.13.3.rel1.win32_1.0.0.202411081344/tools/bin/../lib/gcc/arm-none-eabi/13.3.1/thumb/v7e-m+fp/hard/crtbegin.o
                0x0801145c                        PROVIDE (__init_array_end = .)
                0x0801145c                        . = ALIGN (0x4)

.fini_array     0x0801145c        0x4
                0x0801145c                        . = ALIGN (0x4)
                [!provide]                        PROVIDE (__fini_array_start = .)
 *(SORT_BY_NAME(.fini_array.*))
 *(.fini_array*)
 .fini_array    0x0801145c        0x4 D:/development tools/MCUdevelopment/STMcubemxIDE/STM32CubeIDE_1.13.1/STM32CubeIDE/plugins/com.st.stm32cube.ide.mcu.externaltools.gnu-tools-for-stm32.13.3.rel1.win32_1.0.0.202411081344/tools/bin/../lib/gcc/arm-none-eabi/13.3.1/thumb/v7e-m+fp/hard/crtbegin.o
                [!provide]                        PROVIDE (__fini_array_end = .)
                0x08011460                        . = ALIGN (0x4)
                0x08011460                        _sidata = LOADADDR (.data)

.rel.dyn        0x08011460        0x0
 .rel.iplt      0x08011460        0x0 D:/development tools/MCUdevelopment/STMcubemxIDE/STM32CubeIDE_1.13.1/STM32CubeIDE/plugins/com.st.stm32cube.ide.mcu.externaltools.gnu-tools-for-stm32.13.3.rel1.win32_1.0.0.202411081344/tools/bin/../lib/gcc/arm-none-eabi/13.3.1/thumb/v7e-m+fp/hard/crtbegin.o

.data           0x20000000       0xac load address 0x08011460
                0x20000000                        . = ALIGN (0x4)
                0x20000000                        _sdata = .
 *(.data)
 *(.data*)
 .data.SystemCoreClock
                0x20000000        0x4 ./Core/Src/system_stm32f4xx.o
                0x20000000                SystemCoreClock
 .data.uwTickPrio
                0x20000004        0x4 ./Drivers/STM32F4xx_HAL_Driver/stm32f4xx_hal.o
                0x20000004                uwTickPrio
 .data.uwTickFreq
                0x20000008        0x1 ./Drivers/STM32F4xx_HAL_Driver/stm32f4xx_hal.o
                0x20000008                uwTickFreq
 *fill*         0x20000009        0x3 
 .data.uxCriticalNesting
                0x2000000c        0x4 ./Middlewares/FreeRTOS/port.o
 .data.gyro_orientation
                0x20000010        0x9 ./UserLibs/Bsp/Src/MPU6500.o
 *fill*         0x20000019        0x3 
 .data.st       0x2000001c       0x2c ./UserLibs/Bsp/Src/inv_mpu.o
 .data.Vertical_Kp
                0x20000048        0x4 ./UserLibs/Controller/Src/pid.o
                0x20000048                Vertical_Kp
 .data.Vertical_Kd
                0x2000004c        0x4 ./UserLibs/Controller/Src/pid.o
                0x2000004c                Vertical_Kd
 .data.Velocity_Kp
                0x20000050        0x4 ./UserLibs/Controller/Src/pid.o
                0x20000050                Velocity_Kp
 .data.Velocity_Ki
                0x20000054        0x4 ./UserLibs/Controller/Src/pid.o
                0x20000054                Velocity_Ki
 .data.Turn_Kp  0x20000058        0x4 ./UserLibs/Controller/Src/pid.o
                0x20000058                Turn_Kp
 .data._impure_ptr
                0x2000005c        0x4 D:/development tools/MCUdevelopment/STMcubemxIDE/STM32CubeIDE_1.13.1/STM32CubeIDE/plugins/com.st.stm32cube.ide.mcu.externaltools.gnu-tools-for-stm32.13.3.rel1.win32_1.0.0.202411081344/tools/bin/../lib/gcc/arm-none-eabi/13.3.1/../../../../arm-none-eabi/lib/thumb/v7e-m+fp/hard\libc_nano.a(libc_a-impure.o)
                0x2000005c                _impure_ptr
 .data._impure_data
                0x20000060       0x4c D:/development tools/MCUdevelopment/STMcubemxIDE/STM32CubeIDE_1.13.1/STM32CubeIDE/plugins/com.st.stm32cube.ide.mcu.externaltools.gnu-tools-for-stm32.13.3.rel1.win32_1.0.0.202411081344/tools/bin/../lib/gcc/arm-none-eabi/13.3.1/../../../../arm-none-eabi/lib/thumb/v7e-m+fp/hard\libc_nano.a(libc_a-impure.o)
                0x20000060                _impure_data
 *(.RamFunc)
 *(.RamFunc*)
                0x200000ac                        . = ALIGN (0x4)
                0x200000ac                        _edata = .

.igot.plt       0x200000ac        0x0 load address 0x0801150c
 .igot.plt      0x200000ac        0x0 D:/development tools/MCUdevelopment/STMcubemxIDE/STM32CubeIDE_1.13.1/STM32CubeIDE/plugins/com.st.stm32cube.ide.mcu.externaltools.gnu-tools-for-stm32.13.3.rel1.win32_1.0.0.202411081344/tools/bin/../lib/gcc/arm-none-eabi/13.3.1/thumb/v7e-m+fp/hard/crtbegin.o
                0x200000ac                        . = ALIGN (0x4)

.bss            0x200000ac     0x4c84 load address 0x0801150c
                0x200000ac                        _sbss = .
                0x200000ac                        __bss_start__ = _sbss
 *(.bss)
 .bss           0x200000ac       0x1c D:/development tools/MCUdevelopment/STMcubemxIDE/STM32CubeIDE_1.13.1/STM32CubeIDE/plugins/com.st.stm32cube.ide.mcu.externaltools.gnu-tools-for-stm32.13.3.rel1.win32_1.0.0.202411081344/tools/bin/../lib/gcc/arm-none-eabi/13.3.1/thumb/v7e-m+fp/hard/crtbegin.o
 *(.bss*)
 .bss.hadc1     0x200000c8       0x48 ./Core/Src/adc.o
                0x200000c8                hadc1
 .bss.hdma_adc1
                0x20000110       0x60 ./Core/Src/adc.o
                0x20000110                hdma_adc1
 .bss.carTaskHandle
                0x20000170        0x4 ./Core/Src/freertos.o
                0x20000170                carTaskHandle
 .bss.oledTaskHandle
                0x20000174        0x4 ./Core/Src/freertos.o
                0x20000174                oledTaskHandle
 .bss.multiTaskHandle
                0x20000178        0x4 ./Core/Src/freertos.o
                0x20000178                multiTaskHandle
 .bss.defaultTaskHandle
                0x2000017c        0x4 ./Core/Src/freertos.o
                0x2000017c                defaultTaskHandle
 .bss.xIdleTaskTCBBuffer
                0x20000180       0x54 ./Core/Src/freertos.o
 .bss.xIdleStack
                0x200001d4      0x200 ./Core/Src/freertos.o
 .bss.hi2c1     0x200003d4       0x54 ./Core/Src/i2c.o
                0x200003d4                hi2c1
 .bss.hdma_i2c1_rx
                0x20000428       0x60 ./Core/Src/i2c.o
                0x20000428                hdma_i2c1_rx
 .bss.hdma_i2c1_tx
                0x20000488       0x60 ./Core/Src/i2c.o
                0x20000488                hdma_i2c1_tx
 .bss.htim5     0x200004e8       0x48 ./Core/Src/stm32f4xx_hal_timebase_tim.o
                0x200004e8                htim5
 .bss.__sbrk_heap_end
                0x20000530        0x4 ./Core/Src/sysmem.o
 .bss.htim1     0x20000534       0x48 ./Core/Src/tim.o
                0x20000534                htim1
 .bss.htim2     0x2000057c       0x48 ./Core/Src/tim.o
                0x2000057c                htim2
 .bss.htim3     0x200005c4       0x48 ./Core/Src/tim.o
                0x200005c4                htim3
 .bss.htim9     0x2000060c       0x48 ./Core/Src/tim.o
                0x2000060c                htim9
 .bss.htim10    0x20000654       0x48 ./Core/Src/tim.o
                0x20000654                htim10
 .bss.htim11    0x2000069c       0x48 ./Core/Src/tim.o
                0x2000069c                htim11
 .bss.huart2    0x200006e4       0x48 ./Core/Src/usart.o
                0x200006e4                huart2
 .bss.huart6    0x2000072c       0x48 ./Core/Src/usart.o
                0x2000072c                huart6
 .bss.hdma_usart2_tx
                0x20000774       0x60 ./Core/Src/usart.o
                0x20000774                hdma_usart2_tx
 .bss.hdma_usart2_rx
                0x200007d4       0x60 ./Core/Src/usart.o
                0x200007d4                hdma_usart2_rx
 .bss.hdma_usart6_rx
                0x20000834       0x60 ./Core/Src/usart.o
                0x20000834                hdma_usart6_rx
 .bss.hdma_usart6_tx
                0x20000894       0x60 ./Core/Src/usart.o
                0x20000894                hdma_usart6_tx
 .bss.uwTick    0x200008f4        0x4 ./Drivers/STM32F4xx_HAL_Driver/stm32f4xx_hal.o
                0x200008f4                uwTick
 .bss.ucHeap    0x200008f8     0x3c00 ./Middlewares/FreeRTOS/heap_4.o
 .bss.xStart    0x200044f8        0x8 ./Middlewares/FreeRTOS/heap_4.o
 .bss.pxEnd     0x20004500        0x4 ./Middlewares/FreeRTOS/heap_4.o
 .bss.xFreeBytesRemaining
                0x20004504        0x4 ./Middlewares/FreeRTOS/heap_4.o
 .bss.xMinimumEverFreeBytesRemaining
                0x20004508        0x4 ./Middlewares/FreeRTOS/heap_4.o
 .bss.xNumberOfSuccessfulAllocations
                0x2000450c        0x4 ./Middlewares/FreeRTOS/heap_4.o
 .bss.xNumberOfSuccessfulFrees
                0x20004510        0x4 ./Middlewares/FreeRTOS/heap_4.o
 .bss.xBlockAllocatedBit
                0x20004514        0x4 ./Middlewares/FreeRTOS/heap_4.o
 .bss.ucMaxSysCallPriority
                0x20004518        0x1 ./Middlewares/FreeRTOS/port.o
 *fill*         0x20004519        0x3 
 .bss.ulMaxPRIGROUPValue
                0x2000451c        0x4 ./Middlewares/FreeRTOS/port.o
 .bss.pxCurrentTCB
                0x20004520        0x4 ./Middlewares/FreeRTOS/tasks.o
                0x20004520                pxCurrentTCB
 .bss.pxReadyTasksLists
                0x20004524       0x8c ./Middlewares/FreeRTOS/tasks.o
 .bss.xDelayedTaskList1
                0x200045b0       0x14 ./Middlewares/FreeRTOS/tasks.o
 .bss.xDelayedTaskList2
                0x200045c4       0x14 ./Middlewares/FreeRTOS/tasks.o
 .bss.pxDelayedTaskList
                0x200045d8        0x4 ./Middlewares/FreeRTOS/tasks.o
 .bss.pxOverflowDelayedTaskList
                0x200045dc        0x4 ./Middlewares/FreeRTOS/tasks.o
 .bss.xPendingReadyList
                0x200045e0       0x14 ./Middlewares/FreeRTOS/tasks.o
 .bss.xTasksWaitingTermination
                0x200045f4       0x14 ./Middlewares/FreeRTOS/tasks.o
 .bss.uxDeletedTasksWaitingCleanUp
                0x20004608        0x4 ./Middlewares/FreeRTOS/tasks.o
 .bss.xSuspendedTaskList
                0x2000460c       0x14 ./Middlewares/FreeRTOS/tasks.o
 .bss.uxCurrentNumberOfTasks
                0x20004620        0x4 ./Middlewares/FreeRTOS/tasks.o
 .bss.xTickCount
                0x20004624        0x4 ./Middlewares/FreeRTOS/tasks.o
 .bss.uxTopReadyPriority
                0x20004628        0x4 ./Middlewares/FreeRTOS/tasks.o
 .bss.xSchedulerRunning
                0x2000462c        0x4 ./Middlewares/FreeRTOS/tasks.o
 .bss.xPendedTicks
                0x20004630        0x4 ./Middlewares/FreeRTOS/tasks.o
 .bss.xYieldPending
                0x20004634        0x4 ./Middlewares/FreeRTOS/tasks.o
 .bss.xNumOfOverflows
                0x20004638        0x4 ./Middlewares/FreeRTOS/tasks.o
 .bss.uxTaskNumber