../UserLibs/Bsp/Src/inv_mpu.c:634:12:set_int_enable	40	static
../UserLibs/Bsp/Src/inv_mpu.c:666:5:mpu_reg_dump	32	static
../UserLibs/Bsp/Src/inv_mpu.c:688:5:mpu_read_reg	32	static
../UserLibs/Bsp/Src/inv_mpu.c:711:5:mpu_init	40	static
../UserLibs/Bsp/Src/inv_mpu.c:805:5:mpu_lp_accel_mode	40	static
../UserLibs/Bsp/Src/inv_mpu.c:889:5:mpu_get_gyro_reg	40	static
../UserLibs/Bsp/Src/inv_mpu.c:912:5:mpu_get_accel_reg	40	static
../UserLibs/Bsp/Src/inv_mpu.c:935:5:mpu_get_temperature	40	static
../UserLibs/Bsp/Src/inv_mpu.c:961:5:mpu_read_6500_accel_bias	40	static
../UserLibs/Bsp/Src/inv_mpu.c:983:5:mpu_read_6050_accel_bias	40	static
../UserLibs/Bsp/Src/inv_mpu.c:997:5:mpu_read_6500_gyro_bias	40	static
../UserLibs/Bsp/Src/inv_mpu.c:1019:5:mpu_set_gyro_bias_reg	48	static
../UserLibs/Bsp/Src/inv_mpu.c:1049:5:mpu_set_accel_bias_6050_reg	56	static
../UserLibs/Bsp/Src/inv_mpu.c:1087:5:mpu_set_accel_bias_6500_reg	56	static
../UserLibs/Bsp/Src/inv_mpu.c:1121:5:mpu_reset_fifo	32	static
../UserLibs/Bsp/Src/inv_mpu.c:1183:5:mpu_get_gyro_fsr	16	static
../UserLibs/Bsp/Src/inv_mpu.c:1210:5:mpu_set_gyro_fsr	40	static
../UserLibs/Bsp/Src/inv_mpu.c:1247:5:mpu_get_accel_fsr	16	static
../UserLibs/Bsp/Src/inv_mpu.c:1275:5:mpu_set_accel_fsr	40	static
../UserLibs/Bsp/Src/inv_mpu.c:1312:5:mpu_get_lpf	16	static
../UserLibs/Bsp/Src/inv_mpu.c:1348:5:mpu_set_lpf	40	static
../UserLibs/Bsp/Src/inv_mpu.c:1381:5:mpu_get_sample_rate	16	static
../UserLibs/Bsp/Src/inv_mpu.c:1396:5:mpu_set_sample_rate	40	static
../UserLibs/Bsp/Src/inv_mpu.c:1443:5:mpu_get_compass_sample_rate	16	static
../UserLibs/Bsp/Src/inv_mpu.c:1465:5:mpu_set_compass_sample_rate	16	static
../UserLibs/Bsp/Src/inv_mpu.c:1487:5:mpu_get_gyro_sens	16	static
../UserLibs/Bsp/Src/inv_mpu.c:1513:5:mpu_get_accel_sens	16	static
../UserLibs/Bsp/Src/inv_mpu.c:1545:5:mpu_get_fifo_config	16	static
../UserLibs/Bsp/Src/inv_mpu.c:1560:5:mpu_configure_fifo	24	static
../UserLibs/Bsp/Src/inv_mpu.c:1602:5:mpu_get_power_state	16	static
../UserLibs/Bsp/Src/inv_mpu.c:1621:5:mpu_set_sensors	40	static
../UserLibs/Bsp/Src/inv_mpu.c:1698:5:mpu_get_int_status	40	static
../UserLibs/Bsp/Src/inv_mpu.c:1727:5:mpu_read_fifo	64	static
../UserLibs/Bsp/Src/inv_mpu.c:1808:5:mpu_read_fifo_stream	48	static
../UserLibs/Bsp/Src/inv_mpu.c:1846:5:mpu_set_bypass	40	static
../UserLibs/Bsp/Src/inv_mpu.c:1896:5:mpu_set_int_level	16	static
../UserLibs/Bsp/Src/inv_mpu.c:1908:5:mpu_set_int_latched	40	static
../UserLibs/Bsp/Src/inv_mpu.c:2069:12:get_st_biases	272	static
../UserLibs/Bsp/Src/inv_mpu.c:2226:12:accel_6500_self_test	104	static
../UserLibs/Bsp/Src/inv_mpu.c:2316:12:gyro_6500_self_test	104	static
../UserLibs/Bsp/Src/inv_mpu.c:2409:12:get_st_6500_biases	792	static
../UserLibs/Bsp/Src/inv_mpu.c:2551:5:mpu_run_6500_self_test	72	static
../UserLibs/Bsp/Src/inv_mpu.c:2672:5:mpu_run_self_test	32	static
../UserLibs/Bsp/Src/inv_mpu.c:2776:5:mpu_write_mem	40	static
../UserLibs/Bsp/Src/inv_mpu.c:2809:5:mpu_read_mem	40	static
../UserLibs/Bsp/Src/inv_mpu.c:2841:5:mpu_load_firmware	64	static
../UserLibs/Bsp/Src/inv_mpu.c:2882:5:mpu_set_dmp_state	40	static
../UserLibs/Bsp/Src/inv_mpu.c:2921:5:mpu_get_dmp_state	16	static
../UserLibs/Bsp/Src/inv_mpu.c:3037:5:mpu_get_compass_reg	16	static
../UserLibs/Bsp/Src/inv_mpu.c:3090:5:mpu_get_compass_fsr	16	static
../UserLibs/Bsp/Src/inv_mpu.c:3138:5:mpu_lp_motion_interrupt	48	static
