../UserLibs/Bsp/Src/inv_mpu_dmp_motion_driver.c:480:5:dmp_load_motion_driver_firmware	8	static
../UserLibs/Bsp/Src/inv_mpu_dmp_motion_driver.c:493:5:dmp_set_orientation	40	static
../UserLibs/Bsp/Src/inv_mpu_dmp_motion_driver.c:548:5:dmp_set_gyro_bias	80	static
../UserLibs/Bsp/Src/inv_mpu_dmp_motion_driver.c:600:5:dmp_set_accel_bias	112	static,ignoring_inline_asm
../UserLibs/Bsp/Src/inv_mpu_dmp_motion_driver.c:652:5:dmp_set_fifo_rate	40	static
../UserLibs/Bsp/Src/inv_mpu_dmp_motion_driver.c:678:5:dmp_get_fifo_rate	16	static
../UserLibs/Bsp/Src/inv_mpu_dmp_motion_driver.c:690:5:dmp_set_tap_thresh	32	static
../UserLibs/Bsp/Src/inv_mpu_dmp_motion_driver.c:756:5:dmp_set_tap_axes	24	static
../UserLibs/Bsp/Src/inv_mpu_dmp_motion_driver.c:774:5:dmp_set_tap_count	24	static
../UserLibs/Bsp/Src/inv_mpu_dmp_motion_driver.c:792:5:dmp_set_tap_time	24	static
../UserLibs/Bsp/Src/inv_mpu_dmp_motion_driver.c:808:5:dmp_set_tap_time_multi	24	static
../UserLibs/Bsp/Src/inv_mpu_dmp_motion_driver.c:826:5:dmp_set_shake_reject_thresh	24	static
../UserLibs/Bsp/Src/inv_mpu_dmp_motion_driver.c:845:5:dmp_set_shake_reject_time	24	static
../UserLibs/Bsp/Src/inv_mpu_dmp_motion_driver.c:863:5:dmp_set_shake_reject_timeout	24	static
../UserLibs/Bsp/Src/inv_mpu_dmp_motion_driver.c:878:5:dmp_get_pedometer_step_count	24	static
../UserLibs/Bsp/Src/inv_mpu_dmp_motion_driver.c:899:5:dmp_set_pedometer_step_count	24	static
../UserLibs/Bsp/Src/inv_mpu_dmp_motion_driver.c:915:5:dmp_get_pedometer_walk_time	24	static
../UserLibs/Bsp/Src/inv_mpu_dmp_motion_driver.c:935:5:dmp_set_pedometer_walk_time	24	static
../UserLibs/Bsp/Src/inv_mpu_dmp_motion_driver.c:965:5:dmp_enable_feature	32	static
../UserLibs/Bsp/Src/inv_mpu_dmp_motion_driver.c:1087:5:dmp_get_enabled_features	16	static
../UserLibs/Bsp/Src/inv_mpu_dmp_motion_driver.c:1102:5:dmp_enable_gyro_cal	40	static
../UserLibs/Bsp/Src/inv_mpu_dmp_motion_driver.c:1120:5:dmp_enable_lp_quat	24	static
../UserLibs/Bsp/Src/inv_mpu_dmp_motion_driver.c:1144:5:dmp_enable_6x_lp_quat	24	static
../UserLibs/Bsp/Src/inv_mpu_dmp_motion_driver.c:1165:12:decode_gesture	24	static
../UserLibs/Bsp/Src/inv_mpu_dmp_motion_driver.c:1197:5:dmp_set_interrupt_mode	40	static
../UserLibs/Bsp/Src/inv_mpu_dmp_motion_driver.c:1236:5:dmp_read_fifo	80	static
../UserLibs/Bsp/Src/inv_mpu_dmp_motion_driver.c:1329:5:dmp_register_tap_cb	16	static
../UserLibs/Bsp/Src/inv_mpu_dmp_motion_driver.c:1340:5:dmp_register_android_orient_cb	16	static
