../Core/Src/stm32f4xx_it.c:84:6:NMI_Handler	4	static
../Core/Src/stm32f4xx_it.c:99:6:HardFault_Handler	4	static
../Core/Src/stm32f4xx_it.c:114:6:MemManage_Handler	4	static
../Core/Src/stm32f4xx_it.c:129:6:BusFault_Handler	4	static
../Core/Src/stm32f4xx_it.c:144:6:UsageFault_Handler	4	static
../Core/Src/stm32f4xx_it.c:159:6:DebugMon_Handler	4	static
../Core/Src/stm32f4xx_it.c:179:6:EXTI2_IRQHandler	8	static
../Core/Src/stm32f4xx_it.c:193:6:EXTI4_IRQHandler	8	static
../Core/Src/stm32f4xx_it.c:207:6:DMA1_Stream0_IRQHandler	8	static
../Core/Src/stm32f4xx_it.c:221:6:DMA1_Stream5_IRQHandler	8	static
../Core/Src/stm32f4xx_it.c:235:6:DMA1_Stream6_IRQHandler	8	static
../Core/Src/stm32f4xx_it.c:249:6:EXTI9_5_IRQHandler	8	static
../Core/Src/stm32f4xx_it.c:264:6:TIM1_BRK_TIM9_IRQHandler	8	static
../Core/Src/stm32f4xx_it.c:279:6:TIM1_UP_TIM10_IRQHandler	8	static
../Core/Src/stm32f4xx_it.c:294:6:TIM1_TRG_COM_TIM11_IRQHandler	8	static
../Core/Src/stm32f4xx_it.c:309:6:TIM2_IRQHandler	8	static
../Core/Src/stm32f4xx_it.c:323:6:TIM3_IRQHandler	8	static
../Core/Src/stm32f4xx_it.c:337:6:I2C1_EV_IRQHandler	8	static
../Core/Src/stm32f4xx_it.c:351:6:EXTI15_10_IRQHandler	8	static
../Core/Src/stm32f4xx_it.c:367:6:DMA1_Stream7_IRQHandler	8	static
../Core/Src/stm32f4xx_it.c:381:6:TIM5_IRQHandler	8	static
../Core/Src/stm32f4xx_it.c:395:6:DMA2_Stream0_IRQHandler	8	static
../Core/Src/stm32f4xx_it.c:409:6:DMA2_Stream1_IRQHandler	8	static
../Core/Src/stm32f4xx_it.c:423:6:DMA2_Stream6_IRQHandler	8	static
