<html>
<body>
<pre>
<h1>µVision Build Log</h1>
<h2>Tool Versions:</h2>
IDE-Version: ¦ÌVision V5.24.2.0
Copyright (C) 2017 ARM Ltd and ARM Germany GmbH. All rights reserved.
License Information: 12 TH, 12, LIC=NQQMA-1S3SP-GKKBG-VQM5C-K5DI3-QZTMX
 
Tool Versions:
Toolchain:       MDK-ARM Plus  Version: 5.24.1
Toolchain Path:  D:\engineering software\keil5\keil5 5.24\ARM\ARMCC\Bin
C Compiler:      Armcc.exe V5.06 update 5 (build 528)
Assembler:       Armasm.exe V5.06 update 5 (build 528)
Linker/Locator:  ArmLink.exe V5.06 update 5 (build 528)
Library Manager: ArmAr.exe V5.06 update 5 (build 528)
Hex Converter:   FromElf.exe V5.06 update 5 (build 528)
CPU DLL:         SARMCM3.DLL V5.24.1
Dialog DLL:      DCM.DLL V1.16.0.0
Target DLL:      STLink\ST-LINKIII-KEIL_SWO.dll V3.0.1.0
Dialog DLL:      TCM.DLL V1.32.0.0
 
<h2>Project:</h2>
E:\WorkFiles\Code\MCU\BalanceCar_KEIL\MDK-ARM\BalanceCar.uvprojx
Project File Date:  06/01/2025

<h2>Output:</h2>
*** Using Compiler 'V5.06 update 5 (build 528)', folder: 'D:\engineering software\keil5\keil5 5.24\ARM\ARMCC\Bin'
Build target 'BalanceCar'
assembling startup_stm32f401xe.s...
compiling stm32f4xx_ll_adc.c...
compiling stm32f4xx_it.c...
compiling stm32f4xx_hal_adc_ex.c...
compiling dma.c...
compiling freertos.c...
compiling stm32f4xx_hal_adc.c...
compiling usart.c...
compiling stm32f4xx_hal_timebase_tim.c...
compiling adc.c...
compiling i2c.c...
compiling gpio.c...
compiling stm32f4xx_hal_msp.c...
compiling tim.c...
compiling main.c...
compiling stm32f4xx_hal_tim_ex.c...
compiling stm32f4xx_hal_rcc.c...
compiling stm32f4xx_hal_tim.c...
compiling stm32f4xx_hal_rcc_ex.c...
compiling stm32f4xx_hal_dma.c...
compiling stm32f4xx_hal_cortex.c...
compiling stm32f4xx_hal_flash_ex.c...
compiling stm32f4xx_hal_i2c_ex.c...
compiling stm32f4xx_hal_flash.c...
compiling stm32f4xx_hal_flash_ramfunc.c...
compiling stm32f4xx_hal_gpio.c...
compiling stm32f4xx_hal_pwr_ex.c...
compiling stm32f4xx_hal_exti.c...
compiling stm32f4xx_hal_pwr.c...
compiling stm32f4xx_hal_dma_ex.c...
compiling stm32f4xx_hal.c...
compiling croutine.c...
compiling event_groups.c...
compiling list.c...
compiling stm32f4xx_hal_uart.c...
compiling queue.c...
compiling timers.c...
compiling stream_buffer.c...
compiling heap_4.c...
compiling stm32f4xx_hal_i2c.c...
compiling system_stm32f4xx.c...
compiling tasks.c...
compiling port.c...
compiling OLED_Data.c...
compiling MPU6500.c...
..\UserLibs\Bsp\Src\MPU6500.c(41): warning:  #177-D: function "run_self_test"  was declared but never referenced
  static int run_self_test(void) {
..\UserLibs\Bsp\Src\MPU6500.c: 1 warning, 0 errors
compiling cmsis_os.c...
compiling calibrate_angle.c...
compiling filter.c...
compiling inv_mpu.c...
compiling encoder.c...
compiling potentiometers.c...
..\UserLibs\Devices\Src\potentiometers.c(28): warning:  #186-D: pointless comparison of unsigned integer with zero
      GetADC = 
IMIT(GetADC, 0, 40);
..\UserLibs\Devices\Src\potentiometers.c: 1 warning, 0 errors
compiling OLED.c...
..\UserLibs\Bsp\Src\OLED.c(94): warning:  #186-D: pointless comparison of unsigned integer with zero
    for (volatile uint16_t i = 0; i < 
elay_time; i++) {
..\UserLibs\Bsp\Src\OLED.c(111): warning:  #186-D: pointless comparison of unsigned integer with zero
    for (volatile uint16_t i = 0; i < 
elay_time; i++) {
..\UserLibs\Bsp\Src\OLED.c: 2 warnings, 0 errors
compiling delay.c...
compiling motor.c...
compiling communication.c...
compiling car.c...
compiling imu.c...
compiling carTask.c...
compiling exti_devices.c...
compiling multiTask.c...
compiling pid.c...
compiling inv_mpu_dmp_motion_driver.c...
compiling oledTask.c...
linking...
Program Size: Code=43632 RO-data=6900 RW-data=284 ZI-data=20924  
FromELF: creating hex file...
"BalanceCar\BalanceCar.axf" - 0 Error(s), 4 Warning(s).

<h2>Software Packages used:</h2>

Package Vendor: ARM
                http://www.keil.com/pack/ARM.CMSIS.5.8.0.pack
                ARM.CMSIS.5.8.0
                CMSIS (Common Microcontroller Software Interface Standard)
   * Component: CORE Version: 5.5.0

Package Vendor: Keil
                https://www.keil.com/pack/Keil.STM32F4xx_DFP.2.17.1.pack
                Keil.STM32F4xx_DFP.2.17.1
                STMicroelectronics STM32F4 Series Device Support, Drivers and Examples

<h2>Collection of Component include folders:</h2>
  .\RTE\_BalanceCar
  D:\engineering software\keil5\keil5 5.24\ARM\PACK\ARM\CMSIS\5.8.0\CMSIS\Core\Include
  D:\engineering software\keil5\keil5 5.24\ARM\PACK\Keil\STM32F4xx_DFP\2.17.1\Drivers\CMSIS\Device\ST\STM32F4xx\Include

<h2>Collection of Component Files used:</h2>

   * Component: ARM::CMSIS:CORE:5.5.0
      Include file:  CMSIS\Core\Include\tz_context.h
Build Time Elapsed:  00:00:15
</pre>
</body>
</html>
