Component: ARM Compiler 5.06 update 5 (build 528) Tool: armlink [4d35e2]

==============================================================================

Section Cross References

    startup_stm32f401xe.o(STACK) refers (Special) to heapauxi.o(.text) for __use_two_region_memory
    startup_stm32f401xe.o(HEAP) refers (Special) to heapauxi.o(.text) for __use_two_region_memory
    startup_stm32f401xe.o(RESET) refers (Special) to heapauxi.o(.text) for __use_two_region_memory
    startup_stm32f401xe.o(RESET) refers to startup_stm32f401xe.o(STACK) for __initial_sp
    startup_stm32f401xe.o(RESET) refers to startup_stm32f401xe.o(.text) for Reset_Handler
    startup_stm32f401xe.o(RESET) refers to stm32f4xx_it.o(i.NMI_Handler) for NMI_Handler
    startup_stm32f401xe.o(RESET) refers to stm32f4xx_it.o(i.HardFault_Handler) for HardFault_Handler
    startup_stm32f401xe.o(RESET) refers to stm32f4xx_it.o(i.MemManage_Handler) for MemManage_Handler
    startup_stm32f401xe.o(RESET) refers to stm32f4xx_it.o(i.BusFault_Handler) for BusFault_Handler
    startup_stm32f401xe.o(RESET) refers to stm32f4xx_it.o(i.UsageFault_Handler) for UsageFault_Handler
    startup_stm32f401xe.o(RESET) refers to port.o(.emb_text) for SVC_Handler
    startup_stm32f401xe.o(RESET) refers to stm32f4xx_it.o(i.DebugMon_Handler) for DebugMon_Handler
    startup_stm32f401xe.o(RESET) refers to port.o(i.SysTick_Handler) for SysTick_Handler
    startup_stm32f401xe.o(RESET) refers to stm32f4xx_it.o(i.EXTI2_IRQHandler) for EXTI2_IRQHandler
    startup_stm32f401xe.o(RESET) refers to stm32f4xx_it.o(i.EXTI4_IRQHandler) for EXTI4_IRQHandler
    startup_stm32f401xe.o(RESET) refers to stm32f4xx_it.o(i.DMA1_Stream0_IRQHandler) for DMA1_Stream0_IRQHandler
    startup_stm32f401xe.o(RESET) refers to stm32f4xx_it.o(i.DMA1_Stream5_IRQHandler) for DMA1_Stream5_IRQHandler
    startup_stm32f401xe.o(RESET) refers to stm32f4xx_it.o(i.DMA1_Stream6_IRQHandler) for DMA1_Stream6_IRQHandler
    startup_stm32f401xe.o(RESET) refers to stm32f4xx_it.o(i.EXTI9_5_IRQHandler) for EXTI9_5_IRQHandler
    startup_stm32f401xe.o(RESET) refers to stm32f4xx_it.o(i.TIM1_BRK_TIM9_IRQHandler) for TIM1_BRK_TIM9_IRQHandler
    startup_stm32f401xe.o(RESET) refers to stm32f4xx_it.o(i.TIM1_UP_TIM10_IRQHandler) for TIM1_UP_TIM10_IRQHandler
    startup_stm32f401xe.o(RESET) refers to stm32f4xx_it.o(i.TIM1_TRG_COM_TIM11_IRQHandler) for TIM1_TRG_COM_TIM11_IRQHandler
    startup_stm32f401xe.o(RESET) refers to stm32f4xx_it.o(i.TIM2_IRQHandler) for TIM2_IRQHandler
    startup_stm32f401xe.o(RESET) refers to stm32f4xx_it.o(i.TIM3_IRQHandler) for TIM3_IRQHandler
    startup_stm32f401xe.o(RESET) refers to stm32f4xx_it.o(i.I2C1_EV_IRQHandler) for I2C1_EV_IRQHandler
    startup_stm32f401xe.o(RESET) refers to communication.o(i.USART2_IRQHandler) for USART2_IRQHandler
    startup_stm32f401xe.o(RESET) refers to stm32f4xx_it.o(i.EXTI15_10_IRQHandler) for EXTI15_10_IRQHandler
    startup_stm32f401xe.o(RESET) refers to stm32f4xx_it.o(i.DMA1_Stream7_IRQHandler) for DMA1_Stream7_IRQHandler
    startup_stm32f401xe.o(RESET) refers to stm32f4xx_it.o(i.TIM5_IRQHandler) for TIM5_IRQHandler
    startup_stm32f401xe.o(RESET) refers to stm32f4xx_it.o(i.DMA2_Stream0_IRQHandler) for DMA2_Stream0_IRQHandler
    startup_stm32f401xe.o(RESET) refers to stm32f4xx_it.o(i.DMA2_Stream1_IRQHandler) for DMA2_Stream1_IRQHandler
    startup_stm32f401xe.o(RESET) refers to stm32f4xx_it.o(i.DMA2_Stream6_IRQHandler) for DMA2_Stream6_IRQHandler
    startup_stm32f401xe.o(RESET) refers to communication.o(i.USART6_IRQHandler) for USART6_IRQHandler
    startup_stm32f401xe.o(.text) refers (Special) to heapauxi.o(.text) for __use_two_region_memory
    startup_stm32f401xe.o(.text) refers to system_stm32f4xx.o(i.SystemInit) for SystemInit
    startup_stm32f401xe.o(.text) refers to __main.o(!!!main) for __main
    startup_stm32f401xe.o(.text) refers to startup_stm32f401xe.o(HEAP) for Heap_Mem
    startup_stm32f401xe.o(.text) refers to startup_stm32f401xe.o(STACK) for Stack_Mem
    main.o(i.HAL_TIM_PeriodElapsedCallback) refers to stm32f4xx_hal.o(i.HAL_IncTick) for HAL_IncTick
    main.o(i.HAL_TIM_PeriodElapsedCallback) refers to stm32f4xx_hal_tim.o(i.HAL_TIM_Base_Stop_IT) for HAL_TIM_Base_Stop_IT
    main.o(i.HAL_TIM_PeriodElapsedCallback) refers to tim.o(.bss) for htim9
    main.o(i.HAL_TIM_PeriodElapsedCallback) refers to car.o(.bss) for car
    main.o(i.SystemClock_Config) refers to rt_memclr_w.o(.text) for __aeabi_memclr4
    main.o(i.SystemClock_Config) refers to stm32f4xx_hal_rcc.o(i.HAL_RCC_OscConfig) for HAL_RCC_OscConfig
    main.o(i.SystemClock_Config) refers to stm32f4xx_hal_rcc.o(i.HAL_RCC_ClockConfig) for HAL_RCC_ClockConfig
    main.o(i.main) refers to stm32f4xx_hal.o(i.HAL_Init) for HAL_Init
    main.o(i.main) refers to main.o(i.SystemClock_Config) for SystemClock_Config
    main.o(i.main) refers to gpio.o(i.MX_GPIO_Init) for MX_GPIO_Init
    main.o(i.main) refers to dma.o(i.MX_DMA_Init) for MX_DMA_Init
[...]
    MX_FREERTOS_Init                         0x08005c21   Thumb Code    96  freertos.o(i.MX_FREERTOS_Init)
    MX_GPIO_Init                             0x08005c89   Thumb Code   370  gpio.o(i.MX_GPIO_Init)
    MX_I2C1_Init                             0x08005e11   Thumb Code    50  i2c.o(i.MX_I2C1_Init)
    MX_TIM10_Init                            0x08005e51   Thumb Code    44  tim.o(i.MX_TIM10_Init)
    MX_TIM11_Init                            0x08005e85   Thumb Code    48  tim.o(i.MX_TIM11_Init)
    MX_TIM1_Init                             0x08005ebd   Thumb Code   102  tim.o(i.MX_TIM1_Init)
    MX_TIM2_Init                             0x08005f2d   Thumb Code   160  tim.o(i.MX_TIM2_Init)
    MX_TIM3_Init                             0x08005fd1   Thumb Code   100  tim.o(i.MX_TIM3_Init)
    MX_TIM9_Init                             0x0800603d   Thumb Code    68  tim.o(i.MX_TIM9_Init)
    MX_USART2_UART_Init                      0x08006089   Thumb Code    48  usart.o(i.MX_USART2_UART_Init)
    MX_USART6_UART_Init                      0x080060c1   Thumb Code    48  usart.o(i.MX_USART6_UART_Init)
    MemManage_Handler                        0x080060f9   Thumb Code     2  stm32f4xx_it.o(i.MemManage_Handler)
    MotorPidCalc                             0x080060fd   Thumb Code   104  car.o(i.MotorPidCalc)
    Move                                     0x08006171   Thumb Code   182  motor.o(i.Move)
    NMI_Handler                              0x08006227   Thumb Code     2  stm32f4xx_it.o(i.NMI_Handler)
    OLED_Clear                               0x08006229   Thumb Code    34  oled.o(i.OLED_Clear)
    OLED_ClearArea                           0x08006251   Thumb Code    94  oled.o(i.OLED_ClearArea)
    OLED_GPIO_Init                           0x080062b5   Thumb Code   120  oled.o(i.OLED_GPIO_Init)
    OLED_I2C_SendByte                        0x08006335   Thumb Code    58  oled.o(i.OLED_I2C_SendByte)
    OLED_I2C_Start                           0x0800636f   Thumb Code    30  oled.o(i.OLED_I2C_Start)
    OLED_I2C_Stop                            0x0800638d   Thumb Code    24  oled.o(i.OLED_I2C_Stop)
    OLED_Init                                0x080063a5   Thumb Code   156  oled.o(i.OLED_Init)
    OLED_Printf                              0x08006441   Thumb Code    42  oled.o(i.OLED_Printf)
    OLED_SetCursor                           0x0800646b   Thumb Code    34  oled.o(i.OLED_SetCursor)
    OLED_ShowChar                            0x0800648d   Thumb Code    52  oled.o(i.OLED_ShowChar)
    OLED_ShowImage                           0x080064c9   Thumb Code   172  oled.o(i.OLED_ShowImage)
    OLED_ShowString                          0x08006579   Thumb Code    44  oled.o(i.OLED_ShowString)
    OLED_Update                              0x080065a5   Thumb Code    34  oled.o(i.OLED_Update)
    OLED_W_SCL                               0x080065cd   Thumb Code    26  oled.o(i.OLED_W_SCL)
    OLED_W_SDA                               0x080065ed   Thumb Code    24  oled.o(i.OLED_W_SDA)
    OLED_WriteCommand                        0x08006609   Thumb Code    34  oled.o(i.OLED_WriteCommand)
    OLED_WriteData                           0x0800662b   Thumb Code    48  oled.o(i.OLED_WriteData)
    ShowPages                                0x0800665d   Thumb Code   532  oledtask.o(i.ShowPages)
    StartCarTask                             0x080069e9   Thumb Code    40  cartask.o(i.StartCarTask)
    StartDefaultTask                         0x08006a19   Thumb Code     8  freertos.o(i.StartDefaultTask)
    StartMultiTask                           0x08006a21   Thumb Code    12  multitask.o(i.StartMultiTask)
    StartOledTask                            0x08006a2d   Thumb Code    12  oledtask.o(i.StartOledTask)
    SysTick_Handler                          0x08006a39   Thumb Code    38  port.o(i.SysTick_Handler)
    SystemClock_Config                       0x08006a65   Thumb Code   142  main.o(i.SystemClock_Config)
    SystemInit                               0x08006afd   Thumb Code    12  system_stm32f4xx.o(i.SystemInit)
    TIM1_BRK_TIM9_IRQHandler                 0x08006b0d   Thumb Code    18  stm32f4xx_it.o(i.TIM1_BRK_TIM9_IRQHandler)
    TIM1_TRG_COM_TIM11_IRQHandler            0x08006b29   Thumb Code    18  stm32f4xx_it.o(i.TIM1_TRG_COM_TIM11_IRQHandler)
    TIM1_UP_TIM10_IRQHandler                 0x08006b45   Thumb Code    18  stm32f4xx_it.o(i.TIM1_UP_TIM10_IRQHandler)
    TIM2_IRQHandler                          0x08006b61   Thumb Code     6  stm32f4xx_it.o(i.TIM2_IRQHandler)
    TIM3_IRQHandler                          0x08006b6d   Thumb Code     6  stm32f4xx_it.o(i.TIM3_IRQHandler)
    TIM5_IRQHandler                          0x08006b79   Thumb Code     6  stm32f4xx_it.o(i.TIM5_IRQHandler)
    TIM_Base_SetConfig                       0x08006b85   Thumb Code   136  stm32f4xx_hal_tim.o(i.TIM_Base_SetConfig)
    TIM_CCxChannelCmd                        0x08006c29   Thumb Code    26  stm32f4xx_hal_tim.o(i.TIM_CCxChannelCmd)
    TIM_ETR_SetConfig                        0x08006c43   Thumb Code    20  stm32f4xx_hal_tim.o(i.TIM_ETR_SetConfig)
    TIM_OC2_SetConfig                        0x08006cb9   Thumb Code    84  stm32f4xx_hal_tim.o(i.TIM_OC2_SetConfig)
    Turn                                     0x08006df5   Thumb Code    28  pid.o(i.Turn)
    UART_IdleCallback                        0x08006f7d   Thumb Code    92  communication.o(i.UART_IdleCallback)
    UART_Start_Receive_DMA                   0x080071c1   Thumb Code   130  stm32f4xx_hal_uart.o(i.UART_Start_Receive_DMA)
    USART2_IRQHandler                        0x08007251   Thumb Code    36  communication.o(i.USART2_IRQHandler)
    USART6_IRQHandler                        0x08007279   Thumb Code    36  communication.o(i.USART6_IRQHandler)
    UsageFault_Handler                       0x080072a1   Thumb Code     2  stm32f4xx_it.o(i.UsageFault_Handler)
    VelocityPidCalc                          0x080072a5   Thumb Code   136  pid.o(i.VelocityPidCalc)
    VerticalPidCalc                          0x08007339   Thumb Code    32  pid.o(i.VerticalPidCalc)
    __ARM_fpclassify                         0x0800735d   Thumb Code    48  fpclassify.o(i.__ARM_fpclassify)
    __hardfp_asin                            0x080073b1   Thumb Code   770  asin.o(i.__hardfp_asin)
    __hardfp_atan                            0x08007711   Thumb Code   622  atan.o(i.__hardfp_atan)
    __hardfp_atan2                           0x080079e9   Thumb Code   432  atan2.o(i.__hardfp_atan2)
    __kernel_poly                            0x08007bd9   Thumb Code   248  poly.o(i.__kernel_poly)
    __mathlib_dbl_infnan                     0x08007cd1   Thumb Code    20  dunder.o(i.__mathlib_dbl_infnan)
    __mathlib_dbl_infnan2                    0x08007ce5   Thumb Code    20  dunder.o(i.__mathlib_dbl_infnan2)
    __mathlib_dbl_invalid                    0x08007cf9   Thumb Code    24  dunder.o(i.__mathlib_dbl_invalid)
    __mathlib_dbl_underflow                  0x08007d19   Thumb Code    24  dunder.o(i.__mathlib_dbl_underflow)
    _is_digit                                0x08007d39   Thumb Code    14  __printf_wp.o(i._is_digit)
    atan                                     0x08007d47   Thumb Code    16  atan.o(i.atan)
    calc_dis                                 0x08007d59   Thumb Code    38  exti_devices.o(i.calc_dis)
    checkMotionCommand                       0x08007d8d   Thumb Code   218  car.o(i.checkMotionCommand)
    delay_init                               0x08007e71   Thumb Code    18  delay.o(i.delay_init)
    delay_us                                 0x08007e8d   Thumb Code    48  delay.o(i.delay_us)
    dmp_enable_6x_lp_quat                    0x08007ec5   Thumb Code    58  inv_mpu_dmp_motion_driver.o(i.dmp_enable_6x_lp_quat)
    dmp_enable_feature                       0x08007f01   Thumb Code   464  inv_mpu_dmp_motion_driver.o(i.dmp_enable_feature)
    dmp_enable_gyro_cal                      0x080080d9   Thumb Code    34  inv_mpu_dmp_motion_driver.o(i.dmp_enable_gyro_cal)
    dmp_enable_lp_quat                       0x08008115   Thumb Code    58  inv_mpu_dmp_motion_driver.o(i.dmp_enable_lp_quat)
    dmp_load_motion_driver_firmware          0x08008151   Thumb Code    16  inv_mpu_dmp_motion_driver.o(i.dmp_load_motion_driver_firmware)
    dmp_read_fifo                            0x08008165   Thumb Code   326  inv_mpu_dmp_motion_driver.o(i.dmp_read_fifo)
    dmp_set_fifo_rate                        0x080082b1   Thumb Code    82  inv_mpu_dmp_motion_driver.o(i.dmp_set_fifo_rate)
    dmp_set_orientation                      0x08008315   Thumb Code   246  inv_mpu_dmp_motion_driver.o(i.dmp_set_orientation)
    dmp_set_shake_reject_thresh              0x08008421   Thumb Code    48  inv_mpu_dmp_motion_driver.o(i.dmp_set_shake_reject_thresh)
    dmp_set_shake_reject_time                0x08008451   Thumb Code    32  inv_mpu_dmp_motion_driver.o(i.dmp_set_shake_reject_time)
    dmp_set_shake_reject_timeout             0x08008471   Thumb Code    32  inv_mpu_dmp_motion_driver.o(i.dmp_set_shake_reject_timeout)
    dmp_set_tap_axes                         0x08008491   Thumb Code    64  inv_mpu_dmp_motion_driver.o(i.dmp_set_tap_axes)
    dmp_set_tap_count                        0x080084d1   Thumb Code    34  inv_mpu_dmp_motion_driver.o(i.dmp_set_tap_count)
    dmp_set_tap_thresh                       0x080084f5   Thumb Code   314  inv_mpu_dmp_motion_driver.o(i.dmp_set_tap_thresh)
    dmp_set_tap_time                         0x08008655   Thumb Code    32  inv_mpu_dmp_motion_driver.o(i.dmp_set_tap_time)
    dmp_set_tap_time_multi                   0x08008675   Thumb Code    32  inv_mpu_dmp_motion_driver.o(i.dmp_set_tap_time_multi)
    fabs                                     0x08008695   Thumb Code    24  fabs.o(i.fabs)
    main                                     0x080086f5   Thumb Code   152  main.o(i.main)
    mpu_configure_fifo                       0x080087b5   Thumb Code    78  inv_mpu.o(i.mpu_configure_fifo)
    mpu_get_accel_fsr                        0x08008809   Thumb Code    54  inv_mpu.o(i.mpu_get_accel_fsr)
    mpu_init                                 0x08008845   Thumb Code   254  inv_mpu.o(i.mpu_init)
    mpu_load_firmware                        0x0800894d   Thumb Code   166  inv_mpu.o(i.mpu_load_firmware)
    mpu_lp_accel_mode                        0x080089fd   Thumb Code   230  inv_mpu.o(i.mpu_lp_accel_mode)
    mpu_read_fifo_stream                     0x08008aed   Thumb Code   186  inv_mpu.o(i.mpu_read_fifo_stream)
    mpu_read_mem                             0x08008bb1   Thumb Code   110  inv_mpu.o(i.mpu_read_mem)
    mpu_reset_fifo                           0x08008c29   Thumb Code   454  inv_mpu.o(i.mpu_reset_fifo)
    mpu_set_accel_fsr                        0x08008df9   Thumb Code   112  inv_mpu.o(i.mpu_set_accel_fsr)
    mpu_set_bypass                           0x08008e71   Thumb Code   310  inv_mpu.o(i.mpu_set_bypass)
    mpu_set_dmp_state                        0x08008fb1   Thumb Code   142  inv_mpu.o(i.mpu_set_dmp_state)
    mpu_set_gyro_fsr                         0x08009049   Thumb Code   118  inv_mpu.o(i.mpu_set_gyro_fsr)
    mpu_set_int_latched                      0x080090c9   Thumb Code   108  inv_mpu.o(i.mpu_set_int_latched)
    mpu_set_lpf                              0x0800913d   Thumb Code   120  inv_mpu.o(i.mpu_set_lpf)
    mpu_set_sample_rate                      0x080091bd   Thumb Code   142  inv_mpu.o(i.mpu_set_sample_rate)
    mpu_set_sensors                          0x08009255   Thumb Code   216  inv_mpu.o(i.mpu_set_sensors)
    mpu_write_mem                            0x08009335   Thumb Code   110  inv_mpu.o(i.mpu_write_mem)
    newCar                                   0x080093ad   Thumb Code   196  car.o(i.newCar)
    newEncoder                               0x08009485   Thumb Code    48  encoder.o(i.newEncoder)
    newImu                                   0x080094b9   Thumb Code    24  imu.o(i.newImu)
    newMotor                                 0x080094d9   Thumb Code    62  motor.o(i.newMotor)
    osDelay                                  0x08009521   Thumb Code    14  cmsis_os.o(i.osDelay)
    osKernelStart                            0x0800952f   Thumb Code    10  cmsis_os.o(i.osKernelStart)
    osThreadCreate                           0x08009539   Thumb Code    84  cmsis_os.o(i.osThreadCreate)
    pvPortMalloc                             0x080098d9   Thumb Code   216  heap_4.o(i.pvPortMalloc)
    pxPortInitialiseStack                    0x080099b5   Thumb Code    40  port.o(i.pxPortInitialiseStack)
    sqrt                                     0x08009a5d   Thumb Code   110  sqrt.o(i.sqrt)
    uxListRemove                             0x08009acb   Thumb Code    38  list.o(i.uxListRemove)
    vApplicationGetIdleTaskMemory            0x08009af1   Thumb Code    16  freertos.o(i.vApplicationGetIdleTaskMemory)
    vListInitialise                          0x08009b05   Thumb Code    22  list.o(i.vListInitialise)
    vListInitialiseItem                      0x08009b1b   Thumb Code     6  list.o(i.vListInitialiseItem)
    vListInsert                              0x08009b21   Thumb Code    48  list.o(i.vListInsert)
    vListInsertEnd                           0x08009b51   Thumb Code    24  list.o(i.vListInsertEnd)
    vPortEnterCritical                       0x08009b69   Thumb Code    54  port.o(i.vPortEnterCritical)
    vPortExitCritical                        0x08009ba9   Thumb Code    34  port.o(i.vPortExitCritical)
    vPortFree                                0x08009bd1   Thumb Code    94  heap_4.o(i.vPortFree)
    vPortSetupTimerInterrupt                 0x08009c35   Thumb Code    32  port.o(i.vPortSetupTimerInterrupt)
    vTaskDelay                               0x08009c59   Thumb Code    66  tasks.o(i.vTaskDelay)
    vTaskStartScheduler                      0x08009ca5   Thumb Code    90  tasks.o(i.vTaskStartScheduler)
    vTaskSuspendAll                          0x08009d11   Thumb Code    10  tasks.o(i.vTaskSuspendAll)
    vTaskSwitchContext                       0x08009d21   Thumb Code    82  tasks.o(i.vTaskSwitchContext)
    xPortStartScheduler                      0x08009d7d   Thumb Code   222  port.o(i.xPortStartScheduler)
    xTaskCreate                              0x08009e71   Thumb Code    90  tasks.o(i.xTaskCreate)
    xTaskCreateStatic                        0x08009ecb   Thumb Code    86  tasks.o(i.xTaskCreateStatic)
    xTaskIncrementTick                       0x08009f21   Thumb Code   194  tasks.o(i.xTaskIncrementTick)
    xTaskResumeAll                           0x08009fed   Thumb Code   182  tasks.o(i.xTaskResumeAll)
    _get_lc_numeric                          0x0800a0b1   Thumb Code    44  lc_numeric_c.o(locale$$code)
    _get_lc_ctype                            0x0800a0dd   Thumb Code    44  lc_ctype_c.o(locale$$code)
    __aeabi_dneg                             0x0800a109   Thumb Code     0  basic.o(x$fpl$basic)
    _dneg                                    0x0800a109   Thumb Code     6  basic.o(x$fpl$basic)
    __aeabi_fneg                             0x0800a10f   Thumb Code     0  basic.o(x$fpl$basic)
    _fneg                                    0x0800a10f   Thumb Code     6  basic.o(x$fpl$basic)
    _dabs                                    0x0800a115   Thumb Code     6  basic.o(x$fpl$basic)
    _fabs                                    0x0800a11b   Thumb Code     6  basic.o(x$fpl$basic)
    __aeabi_d2f                              0x0800a121   Thumb Code     0  d2f.o(x$fpl$d2f)
    _d2f                                     0x0800a121   Thumb Code    98  d2f.o(x$fpl$d2f)
    __aeabi_dadd                             0x0800a185   Thumb Code     0  daddsub_clz.o(x$fpl$dadd)
    _dadd                                    0x0800a185   Thumb Code   332  daddsub_clz.o(x$fpl$dadd)
    __aeabi_ddiv                             0x0800a2d5   Thumb Code     0  ddiv.o(x$fpl$ddiv)
    _ddiv                                    0x0800a2d5   Thumb Code   552  ddiv.o(x$fpl$ddiv)
    __aeabi_dmul                             0x0800a585   Thumb Code     0  dmul.o(x$fpl$dmul)
    _dmul                                    0x0800a585   Thumb Code   332  dmul.o(x$fpl$dmul)
    __fpl_dnaninf                            0x0800a6d9   Thumb Code   156  dnaninf.o(x$fpl$dnaninf)
    __fpl_dretinf                            0x0800a775   Thumb Code    12  dretinf.o(x$fpl$dretinf)
    __aeabi_drsub                            0x0800a781   Thumb Code     0  daddsub_clz.o(x$fpl$drsb)
    _drsb                                    0x0800a781   Thumb Code    22  daddsub_clz.o(x$fpl$drsb)
    _dsqrt                                   0x0800a799   Thumb Code   404  dsqrt_umaal.o(x$fpl$dsqrt)
    __aeabi_dsub                             0x0800a931   Thumb Code     0  daddsub_clz.o(x$fpl$dsub)
    _dsub                                    0x0800a931   Thumb Code   464  daddsub_clz.o(x$fpl$dsub)
    __aeabi_f2d                              0x0800ab05   Thumb Code     0  f2d.o(x$fpl$f2d)
    _f2d                                     0x0800ab05   Thumb Code    86  f2d.o(x$fpl$f2d)
    __fpl_fnaninf                            0x0800ab5b   Thumb Code   140  fnaninf.o(x$fpl$fnaninf)
    _fp_init                                 0x0800abe7   Thumb Code    10  fpinit.o(x$fpl$fpinit)
    __fplib_config_fpu_vfp                   0x0800abef   Thumb Code     0  fpinit.o(x$fpl$fpinit)
    __fplib_config_pureend_doubles           0x0800abef   Thumb Code     0  fpinit.o(x$fpl$fpinit)
    __fpl_fretinf                            0x0800abf1   Thumb Code    10  fretinf.o(x$fpl$fretinf)
    _printf_fp_dec                           0x0800abfb   Thumb Code     4  printf1.o(x$fpl$printf1)
    _printf_fp_hex                           0x0800abff   Thumb Code     4  printf2.o(x$fpl$printf2)
    __I$use$fp                               0x0800ac02   Number         0  usenofp.o(x$fpl$usenofp)
    AHBPrescTable                            0x0800ac7c   Data          16  system_stm32f4xx.o(.constdata)
    APBPrescTable                            0x0800ac8c   Data           8  system_stm32f4xx.o(.constdata)
    reg                                      0x0800ac94   Data          30  inv_mpu.o(.constdata)
    hw                                       0x0800acb2   Data          12  inv_mpu.o(.constdata)
    test                                     0x0800acc0   Data          48  inv_mpu.o(.constdata)
    OLED_F8x16                               0x0800b8e6   Data        1520  oled_data.o(.constdata)
    OLED_F6x8                                0x0800bed6   Data         570  oled_data.o(.constdata)
    __mathlib_zero                           0x0800c328   Data           8  qnan.o(.constdata)
    Region$$Table$$Base                      0x0800c418   Number         0  anon$$obj.o(Region$$Table)
    Region$$Table$$Limit                     0x0800c438   Number         0  anon$$obj.o(Region$$Table)
    __ctype                                  0x0800c461   Data           0  lc_ctype_c.o(locale$$data)
    carTaskHandle                            0x20000000   Data           4  freertos.o(.data)
    oledTaskHandle                           0x20000004   Data           4  freertos.o(.data)
    multiTaskHandle                          0x20000008   Data           4  freertos.o(.data)
    defaultTaskHandle                        0x2000000c   Data           4  freertos.o(.data)
    uwTickFreq                               0x20000010   Data           1  stm32f4xx_hal.o(.data)
    uwTickPrio                               0x20000014   Data           4  stm32f4xx_hal.o(.data)
    uwTick                                   0x20000018   Data           4  stm32f4xx_hal.o(.data)
    SystemCoreClock                          0x2000001c   Data           4  system_stm32f4xx.o(.data)
    pxCurrentTCB                             0x20000020   Data           4  tasks.o(.data)
    Vertical_Kp                              0x200000c0   Data           4  pid.o(.data)
    Vertical_Kd                              0x200000c4   Data           4  pid.o(.data)
    Velocity_Kp                              0x200000c8   Data           4  pid.o(.data)
    Velocity_Ki                              0x200000cc   Data           4  pid.o(.data)
    Turn_Kp                                  0x200000d0   Data           4  pid.o(.data)
    Vertical_out                             0x200000e8   Data           4  car.o(.data)
    Velocity_out                             0x200000ec   Data           4  car.o(.data)
    Turn_out                                 0x200000f0   Data           4  car.o(.data)
    cnt                                      0x200000f8   Data           1  exti_devices.o(.data)
    K                                        0x200000f9   Data           4  exti_devices.o(.data)
    current                                  0x20000100   Data           4  exti_devices.o(.data)
    lastCapture                              0x20000104   Data           4  exti_devices.o(.data)
    pulseWidth_us                            0x20000108   Data           4  exti_devices.o(.data)
    dis                                      0x2000010c   Data           4  exti_devices.o(.data)
    GetADC                                   0x20000110   Data           4  potentiometers.o(.data)
    hadc1                                    0x20000370   Data          72  adc.o(.bss)
    hdma_adc1                                0x200003b8   Data          96  adc.o(.bss)
    hi2c1                                    0x20000418   Data          84  i2c.o(.bss)
    hdma_i2c1_rx                             0x2000046c   Data          96  i2c.o(.bss)
    hdma_i2c1_tx                             0x200004cc   Data          96  i2c.o(.bss)
    htim1                                    0x2000052c   Data          72  tim.o(.bss)
    htim2                                    0x20000574   Data          72  tim.o(.bss)
    htim3                                    0x200005bc   Data          72  tim.o(.bss)
    htim9                                    0x20000604   Data          72  tim.o(.bss)
    htim10                                   0x2000064c   Data          72  tim.o(.bss)
    htim11                                   0x20000694   Data          72  tim.o(.bss)
    huart2                                   0x200006dc   Data          72  usart.o(.bss)
    huart6                                   0x20000724   Data          72  usart.o(.bss)
    hdma_usart2_tx                           0x2000076c   Data          96  usart.o(.bss)
    hdma_usart2_rx                           0x200007cc   Data          96  usart.o(.bss)
    hdma_usart6_rx                           0x2000082c   Data          96  usart.o(.bss)
    hdma_usart6_tx                           0x2000088c   Data          96  usart.o(.bss)
    htim5                                    0x200008ec   Data          72  stm32f4xx_hal_timebase_tim.o(.bss)
    OLED_DisplayBuf                          0x20004634   Data        1024  oled.o(.bss)
    car                                      0x20004a34   Data         184  car.o(.bss)
    ADC_value                                0x20004aec   Data          12  potentiometers.o(.bss)
    rx_data_buffer2                          0x20004bf8   Data          64  communication.o(.bss)
    rx_data_buffer6                          0x20004c38   Data          64  communication.o(.bss)
    __libspace_start                         0x20004c78   Data          96  libspace.o(.bss)
    __temporary_stack_top$libspace           0x20004cd8   Data           0  libspace.o(.bss)



==============================================================================

Memory Map of the image

  Image Entry point : 0x08000195

  Load Region LR_IROM1 (Base: 0x08000000, Size: 0x0000c680, Max: 0x00080000, ABSOLUTE)

    Execution Region ER_IROM1 (Exec base: 0x08000000, Load base: 0x08000000, Size: 0x0000c564, Max: 0x00080000, ABSOLUTE)

    Exec Addr    Load Addr    Size         Type   Attr      Idx    E Section Name        Object

    0x08000000   0x08000000   0x00000194   Data   RO            3    RESET               startup_stm32f401xe.o
    0x08000194   0x08000194   0x00000008   Code   RO         6803  * !!!main             c_w.l(__main.o)
    0x0800019c   0x0800019c   0x00000034   Code   RO         7270    !!!scatter          c_w.l(__scatter.o)
    0x080001d0   0x080001d0   0x0000001a   Code   RO         7272    !!handler_copy      c_w.l(__scatter_copy.o)
    0x080001ea   0x080001ea   0x00000002   PAD
    0x080001ec   0x080001ec   0x0000001c   Code   RO         7274    !!handler_zi        c_w.l(__scatter_zi.o)
    0x08000208   0x08000208   0x00000000   Code   RO         6959    .ARM.Collect$$_printf_percent$$00000000  c_w.l(_printf_percent.o)
    0x08000208   0x08000208   0x00000006   Code   RO         6948    .ARM.Collect$$_printf_percent$$00000001  c_w.l(_printf_n.o)
    0x0800020e   0x0800020e   0x00000006   Code   RO         6950    .ARM.Collect$$_printf_percent$$00000002  c_w.l(_printf_p.o)
    0x08000214   0x08000214   0x00000006   Code   RO         6955    .ARM.Collect$$_printf_percent$$00000003  c_w.l(_printf_f.o)
    0x0800021a   0x0800021a   0x00000006   Code   RO         6956    .ARM.Collect$$_printf_percent$$00000004  c_w.l(_printf_e.o)
    0x08000220   0x08000220   0x00000006   Code   RO         6957    .ARM.Collect$$_printf_percent$$00000005  c_w.l(_printf_g.o)
    0x08000226   0x08000226   0x00000006   Code   RO         6958    .ARM.Collect$$_printf_percent$$00000006  c_w.l(_printf_a.o)
    0x0800022c   0x0800022c   0x0000000a   Code   RO         6963    .ARM.Collect$$_printf_percent$$00000007  c_w.l(_printf_ll.o)
    0x08000236   0x08000236   0x00000006   Code   RO         6952    .ARM.Collect$$_printf_percent$$00000008  c_w.l(_printf_i.o)
    0x0800023c   0x0800023c   0x00000006   Code   RO         6953    .ARM.Collect$$_printf_percent$$00000009  c_w.l(_printf_d.o)
    0x08000242   0x08000242   0x00000006   Code   RO         6954    .ARM.Collect$$_printf_percent$$0000000A  c_w.l(_printf_u.o)
    0x08000248   0x08000248   0x00000006   Code   RO         6951    .ARM.Collect$$_printf_percent$$0000000B  c_w.l(_printf_o.o)
    0x0800024e   0x0800024e   0x00000006   Code   RO         6949    .ARM.Collect$$_printf_percent$$0000000C  c_w.l(_printf_x.o)
    0x08000254   0x08000254   0x00000006   Code   RO         6960    .ARM.Collect$$_printf_percent$$0000000D  c_w.l(_printf_lli.o)
    0x0800025a   0x0800025a   0x00000006   Code   RO         6961    .ARM.Collect$$_printf_percent$$0000000E  c_w.l(_printf_lld.o)
    0x08000260   0x08000260   0x00000006   Code   RO         6962    .ARM.Collect$$_printf_percent$$0000000F  c_w.l(_printf_llu.o)
    0x08000266   0x08000266   0x00000006   Code   RO         6967    .ARM.Collect$$_printf_percent$$00000010  c_w.l(_printf_llo.o)
    0x0800026c   0x0800026c   0x00000006   Code   RO         6968    .ARM.Collect$$_printf_percent$$00000011  c_w.l(_printf_llx.o)
    0x08000272   0x08000272   0x0000000a   Code   RO         6964    .ARM.Collect$$_printf_percent$$00000012  c_w.l(_printf_l.o)
    0x0800027c   0x0800027c   0x00000006   Code   RO         6946    .ARM.Collect$$_printf_percent$$00000013  c_w.l(_printf_c.o)
    0x08000282   0x08000282   0x00000006   Code   RO         6947    .ARM.Collect$$_printf_percent$$00000014  c_w.l(_printf_s.o)
    0x08000288   0x08000288   0x00000006   Code   RO         6965    .ARM.Collect$$_printf_percent$$00000015  c_w.l(_printf_lc.o)
    0x0800028e   0x0800028e   0x00000006   Code   RO         6966    .ARM.Collect$$_printf_percent$$00000016  c_w.l(_printf_ls.o)
    0x08000294   0x08000294   0x00000004   Code   RO         7078    .ARM.Collect$$_printf_percent$$00000017  c_w.l(_printf_percent_end.o)
    0x08000298   0x08000298   0x00000002   Code   RO         7136    .ARM.Collect$$libinit$$00000000  c_w.l(libinit.o)
    0x0800029a   0x0800029a   0x00000004   Code   RO         7152    .ARM.Collect$$libinit$$00000001  c_w.l(libinit2.o)
    0x0800029e   0x0800029e   0x00000000   Code   RO         7155    .ARM.Collect$$libinit$$00000004  c_w.l(libinit2.o)
    0x0800029e   0x0800029e   0x00000000   Code   RO         7158    .ARM.Collect$$libinit$$0000000A  c_w.l(libinit2.o)
    0x0800029e   0x0800029e   0x00000000   Code   RO         7160    .ARM.Collect$$libinit$$0000000C  c_w.l(libinit2.o)
    0x0800029e   0x0800029e   0x00000000   Code   RO         7162    .ARM.Collect$$libinit$$0000000E  c_w.l(libinit2.o)
    0x0800029e   0x0800029e   0x00000006   Code   RO         7163    .ARM.Collect$$libinit$$0000000F  c_w.l(libinit2.o)
    0x080002a4   0x080002a4   0x00000000   Code   RO         7165    .ARM.Collect$$libinit$$00000011  c_w.l(libinit2.o)
    0x080002a4   0x080002a4   0x0000000c   Code   RO         7166    .ARM.Collect$$libinit$$00000012  c_w.l(libinit2.o)
    0x080002b0   0x080002b0   0x00000000   Code   RO         7167    .ARM.Collect$$libinit$$00000013  c_w.l(libinit2.o)
    0x080002b0   0x080002b0   0x00000000   Code   RO         7169    .ARM.Collect$$libinit$$00000015  c_w.l(libinit2.o)
    0x080002b0   0x080002b0   0x0000000a   Code   RO         7170    .ARM.Collect$$libinit$$00000016  c_w.l(libinit2.o)
    0x080002ba   0x080002ba   0x00000000   Code   RO         7171    .ARM.Collect$$libinit$$00000017  c_w.l(libinit2.o)
    0x080002ba   0x080002ba   0x00000000   Code   RO         7173    .ARM.Collect$$libinit$$00000019  c_w.l(libinit2.o)
    0x080002ba   0x080002ba   0x00000000   Code   RO         7175    .ARM.Collect$$libinit$$0000001B  c_w.l(libinit2.o)
    0x080002ba   0x080002ba   0x00000000   Code   RO         7177    .ARM.Collect$$libinit$$0000001D  c_w.l(libinit2.o)
    0x080002ba   0x080002ba   0x00000000   Code   RO         7179    .ARM.Collect$$libinit$$0000001F  c_w.l(libinit2.o)
    0x080002ba   0x080002ba   0x00000000   Code   RO         7181    .ARM.Collect$$libinit$$00000021  c_w.l(libinit2.o)
    0x080002ba   0x080002ba   0x00000000   Code   RO         7183    .ARM.Collect$$libinit$$00000023  c_w.l(libinit2.o)
    0x080002ba   0x080002ba   0x00000000   Code   RO         7185    .ARM.Collect$$libinit$$00000025  c_w.l(libinit2.o)
    0x080002ba   0x080002ba   0x00000000   Code   RO         7189    .ARM.Collect$$libinit$$0000002C  c_w.l(libinit2.o)
    0x080002ba   0x080002ba   0x00000000   Code   RO         7191    .ARM.Collect$$libinit$$0000002E  c_w.l(libinit2.o)
    0x080002ba   0x080002ba   0x00000000   Code   RO         7193    .ARM.Collect$$libinit$$00000030  c_w.l(libinit2.o)
    0x080002ba   0x080002ba   0x00000000   Code   RO         7195    .ARM.Collect$$libinit$$00000032  c_w.l(libinit2.o)
    0x080002ba   0x080002ba   0x00000002   Code   RO         7196    .ARM.Collect$$libinit$$00000033  c_w.l(libinit2.o)
    0x080002bc   0x080002bc   0x00000002   Code   RO         7227    .ARM.Collect$$libshutdown$$00000000  c_w.l(libshutdown.o)
    0x080002be   0x080002be   0x00000000   Code   RO         7253    .ARM.Collect$$libshutdown$$00000002  c_w.l(libshutdown2.o)
    0x080002be   0x080002be   0x00000000   Code   RO         7255    .ARM.Collect$$libshutdown$$00000004  c_w.l(libshutdown2.o)
    0x080002be   0x080002be   0x00000000   Code   RO         7258    .ARM.Collect$$libshutdown$$00000007  c_w.l(libshutdown2.o)
    0x080002be   0x080002be   0x00000000   Code   RO         7261    .ARM.Collect$$libshutdown$$0000000A  c_w.l(libshutdown2.o)
    0x080002be   0x080002be   0x00000000   Code   RO         7263    .ARM.Collect$$libshutdown$$0000000C  c_w.l(libshutdown2.o)
    0x080002be   0x080002be   0x00000000   Code   RO         7266    .ARM.Collect$$libshutdown$$0000000F  c_w.l(libshutdown2.o)
    0x080002be   0x080002be   0x00000002   Code   RO         7267    .ARM.Collect$$libshutdown$$00000010  c_w.l(libshutdown2.o)
    0x080002c0   0x080002c0   0x00000000   Code   RO         6871    .ARM.Collect$$rtentry$$00000000  c_w.l(__rtentry.o)
    0x080002c0   0x080002c0   0x00000000   Code   RO         7042    .ARM.Collect$$rtentry$$00000002  c_w.l(__rtentry2.o)
    0x080002c0   0x080002c0   0x00000006   Code   RO         7054    .ARM.Collect$$rtentry$$00000004  c_w.l(__rtentry4.o)
    0x080002c6   0x080002c6   0x00000000   Code   RO         7044    .ARM.Collect$$rtentry$$00000009  c_w.l(__rtentry2.o)
    0x080002c6   0x080002c6   0x00000004   Code   RO         7045    .ARM.Collect$$rtentry$$0000000A  c_w.l(__rtentry2.o)
    0x080002ca   0x080002ca   0x00000000   Code   RO         7047    .ARM.Collect$$rtentry$$0000000C  c_w.l(__rtentry2.o)
    0x080002ca   0x080002ca   0x00000008   Code   RO         7048    .ARM.Collect$$rtentry$$0000000D  c_w.l(__rtentry2.o)
    0x080002d2   0x080002d2   0x00000002   Code   RO         7139    .ARM.Collect$$rtexit$$00000000  c_w.l(rtexit.o)
    0x080002d4   0x080002d4   0x00000000   Code   RO         7200    .ARM.Collect$$rtexit$$00000002  c_w.l(rtexit2.o)
    0x080002d4   0x080002d4   0x00000004   Code   RO         7201    .ARM.Collect$$rtexit$$00000003  c_w.l(rtexit2.o)
    0x080002d8   0x080002d8   0x00000006   Code   RO         7202    .ARM.Collect$$rtexit$$00000004  c_w.l(rtexit2.o)
    0x080002de   0x080002de   0x00000002   PAD
    0x080002e0   0x080002e0   0x000000be   Code   RO         5376    .emb_text           port.o
    0x0800039e   0x0800039e   0x00000002   PAD
    0x080003a0   0x080003a0   0x00000040   Code   RO            4    .text               startup_stm32f401xe.o
    0x080003e0   0x080003e0   0x000000ee   Code   RO         6781    .text               c_w.l(lludivv7m.o)
    0x080004ce   0x080004ce   0x00000002   PAD
    0x080004d0   0x080004d0   0x00000024   Code   RO         6785    .text               c_w.l(vsprintf.o)
    0x080004f4   0x080004f4   0x00000058   Code   RO         6787    .text               c_w.l(memcmp.o)
    0x0800054c   0x0800054c   0x00000064   Code   RO         6791    .text               c_w.l(rt_memcpy_w.o)
    0x080005b0   0x080005b0   0x00000010   Code   RO         6795    .text               c_w.l(aeabi_memset.o)
    0x080005c0   0x080005c0   0x00000044   Code   RO         6797    .text               c_w.l(rt_memclr.o)
    0x08000604   0x08000604   0x0000004e   Code   RO         6799    .text               c_w.l(rt_memclr_w.o)
    0x08000652   0x08000652   0x00000006   Code   RO         6801    .text               c_w.l(heapauxi.o)
    0x08000658   0x08000658   0x00000016   Code   RO         6876    .text               c_w.l(_rserrno.o)
    0x0800066e   0x0800066e   0x0000004e   Code   RO         6880    .text               c_w.l(_printf_pad.o)
    0x080006bc   0x080006bc   0x00000024   Code   RO         6882    .text               c_w.l(_printf_truncate.o)
    0x080006e0   0x080006e0   0x00000052   Code   RO         6884    .text               c_w.l(_printf_str.o)
    0x08000732   0x08000732   0x00000002   PAD
    0x08000734   0x08000734   0x00000078   Code   RO         6886    .text               c_w.l(_printf_dec.o)
    0x080007ac   0x080007ac   0x00000028   Code   RO         6888    .text               c_w.l(_printf_charcount.o)
    0x080007d4   0x080007d4   0x00000030   Code   RO         6890    .text               c_w.l(_printf_char_common.o)
    0x08000804   0x08000804   0x0000000a   Code   RO         6892    .text               c_w.l(_sputc.o)
    0x0800080e   0x0800080e   0x00000002   PAD
    0x08000810   0x08000810   0x000000bc   Code   RO         6894    .text               c_w.l(_printf_wctomb.o)
    0x080008cc   0x080008cc   0x0000007c   Code   RO         6897    .text               c_w.l(_printf_longlong_dec.o)
    0x08000948   0x08000948   0x00000070   Code   RO         6903    .text               c_w.l(_printf_oct_int_ll.o)
    0x080009b8   0x080009b8   0x00000094   Code   RO         6923    .text               c_w.l(_printf_hex_int_ll_ptr.o)
    0x08000a4c   0x08000a4c   0x00000188   Code   RO         6943    .text               c_w.l(__printf_flags_ss_wp.o)
    0x08000bd4   0x08000bd4   0x00000008   Code   RO         7061    .text               c_w.l(rt_errno_addr_intlibspace.o)
    0x08000bdc   0x08000bdc   0x0000008a   Code   RO         7063    .text               c_w.l(lludiv10.o)
    0x08000c66   0x08000c66   0x000000b2   Code   RO         7065    .text               c_w.l(_printf_intcommon.o)
    0x08000d18   0x08000d18   0x0000041e   Code   RO         7067    .text               c_w.l(_printf_fp_dec.o)
    0x08001136   0x08001136   0x00000002   PAD
    0x08001138   0x08001138   0x000002fc   Code   RO         7069    .text               c_w.l(_printf_fp_hex.o)
    0x08001434   0x08001434   0x0000002c   Code   RO         7074    .text               c_w.l(_printf_char.o)
    0x08001460   0x08001460   0x0000002c   Code   RO         7076    .text               c_w.l(_printf_wchar.o)
    0x0800148c   0x0800148c   0x00000040   Code   RO         7079    .text               c_w.l(_wcrtomb.o)
    0x080014cc   0x080014cc   0x00000008   Code   RO         7083    .text               c_w.l(libspace.o)
    0x080014d4   0x080014d4   0x0000004a   Code   RO         7086    .text               c_w.l(sys_stackheap_outer.o)
    0x0800151e   0x0800151e   0x00000002   PAD
    0x08001520   0x08001520   0x00000010   Code   RO         7088    .text               c_w.l(rt_ctype_table.o)
    0x08001530   0x08001530   0x00000008   Code   RO         7093    .text               c_w.l(rt_locale_intlibspace.o)
    0x08001538   0x08001538   0x00000080   Code   RO         7095    .text               c_w.l(_printf_fp_infnan.o)
    0x080015b8   0x080015b8   0x000000e4   Code   RO         7097    .text               c_w.l(bigflt0.o)
    0x0800169c   0x0800169c   0x00000012   Code   RO         7125    .text               c_w.l(exit.o)
    0x080016ae   0x080016ae   0x00000002   PAD
    0x080016b0   0x080016b0   0x00000080   Code   RO         7150    .text               c_w.l(strcmpv7m.o)
    0x08001730   0x08001730   0x0000000c   Code   RO         7197    .text               c_w.l(sys_exit.o)
    0x0800173c   0x0800173c   0x00000002   Code   RO         7216    .text               c_w.l(use_no_semi.o)
    0x0800173e   0x0800173e   0x00000000   Code   RO         7218    .text               c_w.l(indicate_semi.o)
    0x0800173e   0x0800173e   0x0000003e   Code   RO         7100    CL$$btod_d2e        c_w.l(btod.o)
    0x0800177c   0x0800177c   0x00000046   Code   RO         7102    CL$$btod_d2e_denorm_low  c_w.l(btod.o)
    0x080017c2   0x080017c2   0x00000060   Code   RO         7101    CL$$btod_d2e_norm_op1  c_w.l(btod.o)
    0x08001822   0x08001822   0x00000338   Code   RO         7110    CL$$btod_div_common  c_w.l(btod.o)
    0x08001b5a   0x08001b5a   0x000000dc   Code   RO         7107    CL$$btod_e2e        c_w.l(btod.o)
    0x08001c36   0x08001c36   0x0000002a   Code   RO         7104    CL$$btod_ediv       c_w.l(btod.o)
    0x08001c60   0x08001c60   0x0000002a   Code   RO         7103    CL$$btod_emul       c_w.l(btod.o)
    0x08001c8a   0x08001c8a   0x00000244   Code   RO         7109    CL$$btod_mult_common  c_w.l(btod.o)
    0x08001ece   0x08001ece   0x0000006e   Code   RO         1815    i.ADC_DMAConvCplt   stm32f4xx_hal_adc.o
    0x08001f3c   0x08001f3c   0x00000016   Code   RO         1816    i.ADC_DMAError      stm32f4xx_hal_adc.o
    0x08001f52   0x08001f52   0x0000000a   Code   RO         1817    i.ADC_DMAHalfConvCplt  stm32f4xx_hal_adc.o
    0x08001f5c   0x08001f5c   0x00000128   Code   RO         1818    i.ADC_Init          stm32f4xx_hal_adc.o
    0x08002084   0x08002084   0x00000014   Code   RO         6563    i.ADC_Start         potentiometers.o
    0x08002098   0x08002098   0x00000002   Code   RO          613    i.BusFault_Handler  stm32f4xx_it.o
    0x0800209a   0x0800209a   0x00000002   PAD
    0x0800209c   0x0800209c   0x00000098   Code   RO         6376    i.CarMove           car.o
    0x08002134   0x08002134   0x0000000c   Code   RO          614    i.DMA1_Stream0_IRQHandler  stm32f4xx_it.o
    0x08002140   0x08002140   0x0000000c   Code   RO          615    i.DMA1_Stream5_IRQHandler  stm32f4xx_it.o
    0x0800214c   0x0800214c   0x0000000c   Code   RO          616    i.DMA1_Stream6_IRQHandler  stm32f4xx_it.o
    0x08002158   0x08002158   0x0000000c   Code   RO          617    i.DMA1_Stream7_IRQHandler  stm32f4xx_it.o
    0x08002164   0x08002164   0x0000000c   Code   RO          618    i.DMA2_Stream0_IRQHandler  stm32f4xx_it.o
    0x08002170   0x08002170   0x0000000c   Code   RO          619    i.DMA2_Stream1_IRQHandler  stm32f4xx_it.o
    0x0800217c   0x0800217c   0x0000000c   Code   RO          620    i.DMA2_Stream6_IRQHandler  stm32f4xx_it.o
    0x08002188   0x08002188   0x00000028   Code   RO         2576    i.DMA_CalcBaseAndBitshift  stm32f4xx_hal_dma.o
    0x080021b0   0x080021b0   0x00000054   Code   RO         2577    i.DMA_CheckFifoParam  stm32f4xx_hal_dma.o
    0x08002204   0x08002204   0x00000028   Code   RO         2578    i.DMA_SetConfig     stm32f4xx_hal_dma.o
    0x0800222c   0x0800222c   0x00000002   Code   RO          621    i.DebugMon_Handler  stm32f4xx_it.o
    0x0800222e   0x0800222e   0x0000001e   Code   RO          622    i.EXTI15_10_IRQHandler  stm32f4xx_it.o
    0x0800224c   0x0800224c   0x00000006   Code   RO          623    i.EXTI2_IRQHandler  stm32f4xx_it.o
    0x08002252   0x08002252   0x00000006   Code   RO          624    i.EXTI4_IRQHandler  stm32f4xx_it.o
    0x08002258   0x08002258   0x00000014   Code   RO          625    i.EXTI9_5_IRQHandler  stm32f4xx_it.o
    0x0800226c   0x0800226c   0x0000000e   Code   RO         6497    i.Enable            imu.o
    0x0800227a   0x0800227a   0x00000004   Code   RO           13    i.Error_Handler     main.o
    0x0800227e   0x0800227e   0x00000002   PAD
    0x08002280   0x08002280   0x00000034   Code   RO         6423    i.GetCountAndRpm    encoder.o
    0x080022b4   0x080022b4   0x0000002a   Code   RO         6498    i.Get_Data          imu.o
    0x080022de   0x080022de   0x00000002   PAD
    0x080022e0   0x080022e0   0x0000014c   Code   RO         1820    i.HAL_ADC_ConfigChannel  stm32f4xx_hal_adc.o
    0x0800242c   0x0800242c   0x00000034   Code   RO         6564    i.HAL_ADC_ConvCpltCallback  potentiometers.o
    0x08002460   0x08002460   0x00000002   Code   RO         1822    i.HAL_ADC_ConvHalfCpltCallback  stm32f4xx_hal_adc.o
    0x08002462   0x08002462   0x00000002   Code   RO         1824    i.HAL_ADC_ErrorCallback  stm32f4xx_hal_adc.o
    0x08002464   0x08002464   0x00000054   Code   RO         1829    i.HAL_ADC_Init      stm32f4xx_hal_adc.o
    0x080024b8   0x080024b8   0x000000b8   Code   RO          368    i.HAL_ADC_MspInit   adc.o
    0x08002570   0x08002570   0x00000124   Code   RO         1836    i.HAL_ADC_Start_DMA  stm32f4xx_hal_adc.o
    0x08002694   0x08002694   0x00000092   Code   RO         2579    i.HAL_DMA_Abort     stm32f4xx_hal_dma.o
    0x08002726   0x08002726   0x00000024   Code   RO         2580    i.HAL_DMA_Abort_IT  stm32f4xx_hal_dma.o
    0x0800274a   0x0800274a   0x00000006   Code   RO         2583    i.HAL_DMA_GetState  stm32f4xx_hal_dma.o
    0x08002750   0x08002750   0x000001a0   Code   RO         2584    i.HAL_DMA_IRQHandler  stm32f4xx_hal_dma.o
    0x080028f0   0x080028f0   0x000000d4   Code   RO         2585    i.HAL_DMA_Init      stm32f4xx_hal_dma.o
    0x080029c4   0x080029c4   0x0000006e   Code   RO         2589    i.HAL_DMA_Start_IT  stm32f4xx_hal_dma.o
    0x08002a32   0x08002a32   0x00000002   PAD
    0x08002a34   0x08002a34   0x00000018   Code   RO         6652    i.HAL_Delay         delay.o
    0x08002a4c   0x08002a4c   0x0000015c   Code   RO         6454    i.HAL_GPIO_EXTI_Callback  exti_devices.o
    0x08002ba8   0x08002ba8   0x00000018   Code   RO         2471    i.HAL_GPIO_EXTI_IRQHandler  stm32f4xx_hal_gpio.o
    0x08002bc0   0x08002bc0   0x000001e0   Code   RO         2472    i.HAL_GPIO_Init     stm32f4xx_hal_gpio.o
    0x08002da0   0x08002da0   0x0000000a   Code   RO         2474    i.HAL_GPIO_ReadPin  stm32f4xx_hal_gpio.o
    0x08002daa   0x08002daa   0x00000010   Code   RO         2475    i.HAL_GPIO_TogglePin  stm32f4xx_hal_gpio.o
    0x08002dba   0x08002dba   0x0000000a   Code   RO         2476    i.HAL_GPIO_WritePin  stm32f4xx_hal_gpio.o
    0x08002dc4   0x08002dc4   0x0000000c   Code   RO         3046    i.HAL_GetTick       stm32f4xx_hal.o
    0x08002dd0   0x08002dd0   0x00000002   Code   RO         3291    i.HAL_I2C_AbortCpltCallback  stm32f4xx_hal_i2c.o
    0x08002dd2   0x08002dd2   0x00000002   Code   RO         3292    i.HAL_I2C_AddrCallback  stm32f4xx_hal_i2c.o
    0x08002dd4   0x08002dd4   0x00000230   Code   RO         3296    i.HAL_I2C_EV_IRQHandler  stm32f4xx_hal_i2c.o
    0x08003004   0x08003004   0x00000002   Code   RO         3298    i.HAL_I2C_ErrorCallback  stm32f4xx_hal_i2c.o
    0x08003006   0x08003006   0x00000002   PAD
    0x08003008   0x08003008   0x00000188   Code   RO         3302    i.HAL_I2C_Init      stm32f4xx_hal_i2c.o
    0x08003190   0x08003190   0x00000002   Code   RO         3304    i.HAL_I2C_ListenCpltCallback  stm32f4xx_hal_i2c.o
    0x08003192   0x08003192   0x00000002   Code   RO         3305    i.HAL_I2C_MasterRxCpltCallback  stm32f4xx_hal_i2c.o
    0x08003194   0x08003194   0x00000002   Code   RO         3306    i.HAL_I2C_MasterTxCpltCallback  stm32f4xx_hal_i2c.o
    0x08003196   0x08003196   0x00000002   Code   RO         3318    i.HAL_I2C_MemRxCpltCallback  stm32f4xx_hal_i2c.o
    0x08003198   0x08003198   0x00000002   Code   RO         3319    i.HAL_I2C_MemTxCpltCallback  stm32f4xx_hal_i2c.o
    0x0800319a   0x0800319a   0x00000002   PAD
    0x0800319c   0x0800319c   0x00000204   Code   RO         3320    i.HAL_I2C_Mem_Read  stm32f4xx_hal_i2c.o
    0x080033a0   0x080033a0   0x00000130   Code   RO         3323    i.HAL_I2C_Mem_Write  stm32f4xx_hal_i2c.o
    0x080034d0   0x080034d0   0x000000e8   Code   RO          434    i.HAL_I2C_MspInit   i2c.o
    0x080035b8   0x080035b8   0x00000002   Code   RO         3328    i.HAL_I2C_SlaveRxCpltCallback  stm32f4xx_hal_i2c.o
    0x080035ba   0x080035ba   0x00000002   Code   RO         3329    i.HAL_I2C_SlaveTxCpltCallback  stm32f4xx_hal_i2c.o
    0x080035bc   0x080035bc   0x00000010   Code   RO         3052    i.HAL_IncTick       stm32f4xx_hal.o
    0x080035cc   0x080035cc   0x00000034   Code   RO         3053    i.HAL_Init          stm32f4xx_hal.o
    0x08003600   0x08003600   0x00000098   Code   RO          803    i.HAL_InitTick      stm32f4xx_hal_timebase_tim.o
    0x08003698   0x08003698   0x00000038   Code   RO          779    i.HAL_MspInit       stm32f4xx_hal_msp.o
    0x080036d0   0x080036d0   0x0000001a   Code   RO         2888    i.HAL_NVIC_EnableIRQ  stm32f4xx_hal_cortex.o
    0x080036ea   0x080036ea   0x00000002   PAD
    0x080036ec   0x080036ec   0x00000040   Code   RO         2894    i.HAL_NVIC_SetPriority  stm32f4xx_hal_cortex.o
    0x0800372c   0x0800372c   0x00000024   Code   RO         2895    i.HAL_NVIC_SetPriorityGrouping  stm32f4xx_hal_cortex.o
    0x08003750   0x08003750   0x00000134   Code   RO         2094    i.HAL_RCC_ClockConfig  stm32f4xx_hal_rcc.o
    0x08003884   0x08003884   0x00000040   Code   RO         2098    i.HAL_RCC_GetClockConfig  stm32f4xx_hal_rcc.o
    0x080038c4   0x080038c4   0x00000020   Code   RO         2101    i.HAL_RCC_GetPCLK1Freq  stm32f4xx_hal_rcc.o
    0x080038e4   0x080038e4   0x00000020   Code   RO         2102    i.HAL_RCC_GetPCLK2Freq  stm32f4xx_hal_rcc.o
    0x08003904   0x08003904   0x00000060   Code   RO         2103    i.HAL_RCC_GetSysClockFreq  stm32f4xx_hal_rcc.o
    0x08003964   0x08003964   0x0000036c   Code   RO         2106    i.HAL_RCC_OscConfig  stm32f4xx_hal_rcc.o
    0x08003cd0   0x08003cd0   0x00000002   Code   RO         1548    i.HAL_TIMEx_BreakCallback  stm32f4xx_hal_tim_ex.o
    0x08003cd2   0x08003cd2   0x00000002   Code   RO         1549    i.HAL_TIMEx_CommutCallback  stm32f4xx_hal_tim_ex.o
    0x08003cd4   0x08003cd4   0x0000007c   Code   RO         1567    i.HAL_TIMEx_MasterConfigSynchronization  stm32f4xx_hal_tim_ex.o
    0x08003d50   0x08003d50   0x0000005a   Code   RO          844    i.HAL_TIM_Base_Init  stm32f4xx_hal_tim.o
    0x08003daa   0x08003daa   0x00000002   PAD
    0x08003dac   0x08003dac   0x000000b4   Code   RO          476    i.HAL_TIM_Base_MspInit  tim.o
    0x08003e60   0x08003e60   0x0000006c   Code   RO          849    i.HAL_TIM_Base_Start_IT  stm32f4xx_hal_tim.o
    0x08003ecc   0x08003ecc   0x00000030   Code   RO          852    i.HAL_TIM_Base_Stop_IT  stm32f4xx_hal_tim.o
    0x08003efc   0x08003efc   0x000000dc   Code   RO          853    i.HAL_TIM_ConfigClockSource  stm32f4xx_hal_tim.o
    0x08003fd8   0x08003fd8   0x000000a4   Code   RO          865    i.HAL_TIM_Encoder_Init  stm32f4xx_hal_tim.o
    0x0800407c   0x0800407c   0x000000e8   Code   RO          478    i.HAL_TIM_Encoder_MspInit  tim.o
    0x08004164   0x08004164   0x0000008e   Code   RO          868    i.HAL_TIM_Encoder_Start  stm32f4xx_hal_tim.o
    0x080041f2   0x080041f2   0x00000002   Code   RO          878    i.HAL_TIM_IC_CaptureCallback  stm32f4xx_hal_tim.o
    0x080041f4   0x080041f4   0x00000130   Code   RO          892    i.HAL_TIM_IRQHandler  stm32f4xx_hal_tim.o
    0x08004324   0x08004324   0x00000050   Code   RO          479    i.HAL_TIM_MspPostInit  tim.o
    0x08004374   0x08004374   0x00000002   Code   RO          895    i.HAL_TIM_OC_DelayElapsedCallback  stm32f4xx_hal_tim.o
    0x08004376   0x08004376   0x000000cc   Code   RO          916    i.HAL_TIM_PWM_ConfigChannel  stm32f4xx_hal_tim.o
    0x08004442   0x08004442   0x0000005a   Code   RO          919    i.HAL_TIM_PWM_Init  stm32f4xx_hal_tim.o
    0x0800449c   0x0800449c   0x00000002   Code   RO          921    i.HAL_TIM_PWM_MspInit  stm32f4xx_hal_tim.o
    0x0800449e   0x0800449e   0x00000002   Code   RO          922    i.HAL_TIM_PWM_PulseFinishedCallback  stm32f4xx_hal_tim.o
    0x080044a0   0x080044a0   0x000000b0   Code   RO          924    i.HAL_TIM_PWM_Start  stm32f4xx_hal_tim.o
    0x08004550   0x08004550   0x0000005c   Code   RO           14    i.HAL_TIM_PeriodElapsedCallback  main.o
    0x080045ac   0x080045ac   0x00000002   Code   RO          935    i.HAL_TIM_TriggerCallback  stm32f4xx_hal_tim.o
    0x080045ae   0x080045ae   0x00000002   Code   RO         3770    i.HAL_UARTEx_RxEventCallback  stm32f4xx_hal_uart.o
    0x080045b0   0x080045b0   0x00000070   Code   RO         3782    i.HAL_UART_DMAStop  stm32f4xx_hal_uart.o
    0x08004620   0x08004620   0x00000002   Code   RO         3784    i.HAL_UART_ErrorCallback  stm32f4xx_hal_uart.o
    0x08004622   0x08004622   0x00000002   PAD
    0x08004624   0x08004624   0x00000270   Code   RO         3787    i.HAL_UART_IRQHandler  stm32f4xx_hal_uart.o
    0x08004894   0x08004894   0x00000064   Code   RO         3788    i.HAL_UART_Init     stm32f4xx_hal_uart.o
    0x080048f8   0x080048f8   0x0000019c   Code   RO          566    i.HAL_UART_MspInit  usart.o
    0x08004a94   0x08004a94   0x0000001c   Code   RO         3792    i.HAL_UART_Receive_DMA  stm32f4xx_hal_uart.o
    0x08004ab0   0x08004ab0   0x00000002   Code   RO         3794    i.HAL_UART_RxCpltCallback  stm32f4xx_hal_uart.o
    0x08004ab2   0x08004ab2   0x00000002   Code   RO         3795    i.HAL_UART_RxHalfCpltCallback  stm32f4xx_hal_uart.o
    0x08004ab4   0x08004ab4   0x00000002   Code   RO         3799    i.HAL_UART_TxCpltCallback  stm32f4xx_hal_uart.o
    0x08004ab6   0x08004ab6   0x00000002   PAD
    0x08004ab8   0x08004ab8   0x00000028   Code   RO         6455    i.HC_trig           exti_devices.o
    0x08004ae0   0x08004ae0   0x00000002   Code   RO          626    i.HardFault_Handler  stm32f4xx_it.o
    0x08004ae2   0x08004ae2   0x00000002   PAD
    0x08004ae4   0x08004ae4   0x0000000c   Code   RO          627    i.I2C1_EV_IRQHandler  stm32f4xx_it.o
    0x08004af0   0x08004af0   0x000000bc   Code   RO         3340    i.I2C_DMAAbort      stm32f4xx_hal_i2c.o
    0x08004bac   0x08004bac   0x00000010   Code   RO         3343    i.I2C_Flush_DR      stm32f4xx_hal_i2c.o
    0x08004bbc   0x08004bbc   0x00000158   Code   RO         3344    i.I2C_ITError       stm32f4xx_hal_i2c.o
    0x08004d14   0x08004d14   0x0000002e   Code   RO         3345    i.I2C_IsAcknowledgeFailed  stm32f4xx_hal_i2c.o
    0x08004d42   0x08004d42   0x000000da   Code   RO         3346    i.I2C_MasterReceive_BTF  stm32f4xx_hal_i2c.o
    0x08004e1c   0x08004e1c   0x000000f4   Code   RO         3347    i.I2C_MasterReceive_RXNE  stm32f4xx_hal_i2c.o
    0x08004f10   0x08004f10   0x00000082   Code   RO         3350    i.I2C_MasterTransmit_BTF  stm32f4xx_hal_i2c.o
    0x08004f92   0x08004f92   0x00000002   PAD
    0x08004f94   0x08004f94   0x000000b6   Code   RO         3351    i.I2C_MasterTransmit_TXE  stm32f4xx_hal_i2c.o
    0x0800504a   0x0800504a   0x00000002   PAD
    0x0800504c   0x0800504c   0x00000118   Code   RO         3352    i.I2C_Master_ADDR   stm32f4xx_hal_i2c.o
    0x08005164   0x08005164   0x0000008c   Code   RO         3353    i.I2C_Master_SB     stm32f4xx_hal_i2c.o
    0x080051f0   0x080051f0   0x000000a8   Code   RO         3354    i.I2C_MemoryTransmit_TXE_BTF  stm32f4xx_hal_i2c.o
    0x08005298   0x08005298   0x000000fc   Code   RO         3355    i.I2C_RequestMemoryRead  stm32f4xx_hal_i2c.o
    0x08005394   0x08005394   0x000000a8   Code   RO         3356    i.I2C_RequestMemoryWrite  stm32f4xx_hal_i2c.o
    0x0800543c   0x0800543c   0x00000046   Code   RO         3357    i.I2C_Slave_ADDR    stm32f4xx_hal_i2c.o
    0x08005482   0x08005482   0x00000002   PAD
    0x08005484   0x08005484   0x0000015c   Code   RO         3359    i.I2C_Slave_STOPF   stm32f4xx_hal_i2c.o
    0x080055e0   0x080055e0   0x00000056   Code   RO         3360    i.I2C_WaitOnBTFFlagUntilTimeout  stm32f4xx_hal_i2c.o
    0x08005636   0x08005636   0x00000002   PAD
    0x08005638   0x08005638   0x00000090   Code   RO         3361    i.I2C_WaitOnFlagUntilTimeout  stm32f4xx_hal_i2c.o
    0x080056c8   0x080056c8   0x000000bc   Code   RO         3362    i.I2C_WaitOnMasterAddressFlagUntilTimeout  stm32f4xx_hal_i2c.o
    0x08005784   0x08005784   0x00000070   Code   RO         3363    i.I2C_WaitOnRXNEFlagUntilTimeout  stm32f4xx_hal_i2c.o
    0x080057f4   0x080057f4   0x00000056   Code   RO         3364    i.I2C_WaitOnTXEFlagUntilTimeout  stm32f4xx_hal_i2c.o
    0x0800584a   0x0800584a   0x00000002   PAD
    0x0800584c   0x0800584c   0x00000200   Code   RO         6057    i.MPU6500_DMP_Get_Data  mpu6500.o
    0x08005a4c   0x08005a4c   0x000000a4   Code   RO         6058    i.MPU_6500_Init     mpu6500.o
    0x08005af0   0x08005af0   0x00000094   Code   RO          369    i.MX_ADC1_Init      adc.o
    0x08005b84   0x08005b84   0x0000009c   Code   RO          409    i.MX_DMA_Init       dma.o
    0x08005c20   0x08005c20   0x00000068   Code   RO          308    i.MX_FREERTOS_Init  freertos.o
    0x08005c88   0x08005c88   0x00000188   Code   RO          284    i.MX_GPIO_Init      gpio.o
    0x08005e10   0x08005e10   0x00000040   Code   RO          435    i.MX_I2C1_Init      i2c.o
    0x08005e50   0x08005e50   0x00000034   Code   RO          480    i.MX_TIM10_Init     tim.o
    0x08005e84   0x08005e84   0x00000038   Code   RO          481    i.MX_TIM11_Init     tim.o
    0x08005ebc   0x08005ebc   0x00000070   Code   RO          482    i.MX_TIM1_Init      tim.o
    0x08005f2c   0x08005f2c   0x000000a4   Code   RO          483    i.MX_TIM2_Init      tim.o
    0x08005fd0   0x08005fd0   0x0000006c   Code   RO          484    i.MX_TIM3_Init      tim.o
    0x0800603c   0x0800603c   0x0000004c   Code   RO          485    i.MX_TIM9_Init      tim.o
    0x08006088   0x08006088   0x00000038   Code   RO          567    i.MX_USART2_UART_Init  usart.o
    0x080060c0   0x080060c0   0x00000038   Code   RO          568    i.MX_USART6_UART_Init  usart.o
    0x080060f8   0x080060f8   0x00000002   Code   RO          628    i.MemManage_Handler  stm32f4xx_it.o
    0x080060fa   0x080060fa   0x00000002   PAD
    0x080060fc   0x080060fc   0x00000074   Code   RO         6377    i.MotorPidCalc      car.o
    0x08006170   0x08006170   0x000000b6   Code   RO         6533    i.Move              motor.o
    0x08006226   0x08006226   0x00000002   Code   RO          629    i.NMI_Handler       stm32f4xx_it.o
    0x08006228   0x08006228   0x00000028   Code   RO         6085    i.OLED_Clear        oled.o
    0x08006250   0x08006250   0x00000064   Code   RO         6086    i.OLED_ClearArea    oled.o
    0x080062b4   0x080062b4   0x00000080   Code   RO         6094    i.OLED_GPIO_Init    oled.o
    0x08006334   0x08006334   0x0000003a   Code   RO         6096    i.OLED_I2C_SendByte  oled.o
    0x0800636e   0x0800636e   0x0000001e   Code   RO         6097    i.OLED_I2C_Start    oled.o
    0x0800638c   0x0800638c   0x00000018   Code   RO         6098    i.OLED_I2C_Stop     oled.o
    0x080063a4   0x080063a4   0x0000009c   Code   RO         6099    i.OLED_Init         oled.o
    0x08006440   0x08006440   0x0000002a   Code   RO         6102    i.OLED_Printf       oled.o
    0x0800646a   0x0800646a   0x00000022   Code   RO         6105    i.OLED_SetCursor    oled.o
    0x0800648c   0x0800648c   0x0000003c   Code   RO         6107    i.OLED_ShowChar     oled.o
    0x080064c8   0x080064c8   0x000000b0   Code   RO         6110    i.OLED_ShowImage    oled.o
    0x08006578   0x08006578   0x0000002c   Code   RO         6113    i.OLED_ShowString   oled.o
    0x080065a4   0x080065a4   0x00000028   Code   RO         6114    i.OLED_Update       oled.o
    0x080065cc   0x080065cc   0x00000020   Code   RO         6116    i.OLED_W_SCL        oled.o
    0x080065ec   0x080065ec   0x0000001c   Code   RO         6117    i.OLED_W_SDA        oled.o
    0x08006608   0x08006608   0x00000022   Code   RO         6118    i.OLED_WriteCommand  oled.o
    0x0800662a   0x0800662a   0x00000030   Code   RO         6119    i.OLED_WriteData    oled.o
    0x0800665a   0x0800665a   0x00000002   PAD
    0x0800665c   0x0800665c   0x0000038c   Code   RO         6747    i.ShowPages         oledtask.o
    0x080069e8   0x080069e8   0x00000030   Code   RO         6697    i.StartCarTask      cartask.o
    0x08006a18   0x08006a18   0x00000008   Code   RO          309    i.StartDefaultTask  freertos.o
    0x08006a20   0x08006a20   0x0000000c   Code   RO         6722    i.StartMultiTask    multitask.o
    0x08006a2c   0x08006a2c   0x0000000c   Code   RO         6748    i.StartOledTask     oledtask.o
    0x08006a38   0x08006a38   0x0000002c   Code   RO         5377    i.SysTick_Handler   port.o
    0x08006a64   0x08006a64   0x00000098   Code   RO           15    i.SystemClock_Config  main.o
    0x08006afc   0x08006afc   0x00000010   Code   RO         4122    i.SystemInit        system_stm32f4xx.o
    0x08006b0c   0x08006b0c   0x0000001c   Code   RO          630    i.TIM1_BRK_TIM9_IRQHandler  stm32f4xx_it.o
    0x08006b28   0x08006b28   0x0000001c   Code   RO          631    i.TIM1_TRG_COM_TIM11_IRQHandler  stm32f4xx_it.o
    0x08006b44   0x08006b44   0x0000001c   Code   RO          632    i.TIM1_UP_TIM10_IRQHandler  stm32f4xx_it.o
    0x08006b60   0x08006b60   0x0000000c   Code   RO          633    i.TIM2_IRQHandler   stm32f4xx_it.o
    0x08006b6c   0x08006b6c   0x0000000c   Code   RO          634    i.TIM3_IRQHandler   stm32f4xx_it.o
    0x08006b78   0x08006b78   0x0000000c   Code   RO          635    i.TIM5_IRQHandler   stm32f4xx_it.o
    0x08006b84   0x08006b84   0x000000a4   Code   RO          937    i.TIM_Base_SetConfig  stm32f4xx_hal_tim.o
    0x08006c28   0x08006c28   0x0000001a   Code   RO          938    i.TIM_CCxChannelCmd  stm32f4xx_hal_tim.o
    0x08006c42   0x08006c42   0x00000014   Code   RO          948    i.TIM_ETR_SetConfig  stm32f4xx_hal_tim.o
    0x08006c56   0x08006c56   0x00000010   Code   RO          949    i.TIM_ITRx_SetConfig  stm32f4xx_hal_tim.o
    0x08006c66   0x08006c66   0x00000002   PAD
    0x08006c68   0x08006c68   0x00000050   Code   RO          950    i.TIM_OC1_SetConfig  stm32f4xx_hal_tim.o
    0x08006cb8   0x08006cb8   0x00000058   Code   RO          951    i.TIM_OC2_SetConfig  stm32f4xx_hal_tim.o
    0x08006d10   0x08006d10   0x00000058   Code   RO          952    i.TIM_OC3_SetConfig  stm32f4xx_hal_tim.o
    0x08006d68   0x08006d68   0x00000044   Code   RO          953    i.TIM_OC4_SetConfig  stm32f4xx_hal_tim.o
    0x08006dac   0x08006dac   0x00000022   Code   RO          955    i.TIM_TI1_ConfigInputStage  stm32f4xx_hal_tim.o
    0x08006dce   0x08006dce   0x00000024   Code   RO          957    i.TIM_TI2_ConfigInputStage  stm32f4xx_hal_tim.o
    0x08006df2   0x08006df2   0x00000002   PAD
    0x08006df4   0x08006df4   0x00000020   Code   RO         6337    i.Turn              pid.o
    0x08006e14   0x08006e14   0x00000010   Code   RO         3801    i.UART_DMAAbortOnError  stm32f4xx_hal_uart.o
    0x08006e24   0x08006e24   0x0000004a   Code   RO         3802    i.UART_DMAError     stm32f4xx_hal_uart.o
    0x08006e6e   0x08006e6e   0x00000086   Code   RO         3803    i.UART_DMAReceiveCplt  stm32f4xx_hal_uart.o
    0x08006ef4   0x08006ef4   0x0000001e   Code   RO         3805    i.UART_DMARxHalfCplt  stm32f4xx_hal_uart.o
    0x08006f12   0x08006f12   0x0000004e   Code   RO         3811    i.UART_EndRxTransfer  stm32f4xx_hal_uart.o
    0x08006f60   0x08006f60   0x0000001c   Code   RO         3812    i.UART_EndTxTransfer  stm32f4xx_hal_uart.o
    0x08006f7c   0x08006f7c   0x00000074   Code   RO         6598    i.UART_IdleCallback  communication.o
    0x08006ff0   0x08006ff0   0x000000c2   Code   RO         3813    i.UART_Receive_IT   stm32f4xx_hal_uart.o
    0x080070b2   0x080070b2   0x00000002   PAD
    0x080070b4   0x080070b4   0x0000010c   Code   RO         3814    i.UART_SetConfig    stm32f4xx_hal_uart.o
    0x080071c0   0x080071c0   0x00000090   Code   RO         3815    i.UART_Start_Receive_DMA  stm32f4xx_hal_uart.o
    0x08007250   0x08007250   0x00000028   Code   RO         6599    i.USART2_IRQHandler  communication.o
    0x08007278   0x08007278   0x00000028   Code   RO         6600    i.USART6_IRQHandler  communication.o
    0x080072a0   0x080072a0   0x00000002   Code   RO          636    i.UsageFault_Handler  stm32f4xx_it.o
    0x080072a2   0x080072a2   0x00000002   PAD
    0x080072a4   0x080072a4   0x00000094   Code   RO         6338    i.VelocityPidCalc   pid.o
    0x08007338   0x08007338   0x00000024   Code   RO         6339    i.VerticalPidCalc   pid.o
    0x0800735c   0x0800735c   0x00000030   Code   RO         7024    i.__ARM_fpclassify  m_wm.l(fpclassify.o)
    0x0800738c   0x0800738c   0x00000020   Code   RO         2901    i.__NVIC_SetPriority  stm32f4xx_hal_cortex.o
    0x080073ac   0x080073ac   0x00000004   PAD
    0x080073b0   0x080073b0   0x00000360   Code   RO         6841    i.__hardfp_asin     m_wm.l(asin.o)
    0x08007710   0x08007710   0x000002d8   Code   RO         6990    i.__hardfp_atan     m_wm.l(atan.o)
    0x080079e8   0x080079e8   0x000001f0   Code   RO         6855    i.__hardfp_atan2    m_wm.l(atan2.o)
    0x08007bd8   0x08007bd8   0x000000f8   Code   RO         7026    i.__kernel_poly     m_wm.l(poly.o)
    0x08007cd0   0x08007cd0   0x00000014   Code   RO         7005    i.__mathlib_dbl_infnan  m_wm.l(dunder.o)
    0x08007ce4   0x08007ce4   0x00000014   Code   RO         7006    i.__mathlib_dbl_infnan2  m_wm.l(dunder.o)
    0x08007cf8   0x08007cf8   0x00000020   Code   RO         7007    i.__mathlib_dbl_invalid  m_wm.l(dunder.o)
    0x08007d18   0x08007d18   0x00000020   Code   RO         7010    i.__mathlib_dbl_underflow  m_wm.l(dunder.o)
    0x08007d38   0x08007d38   0x0000000e   Code   RO         6936    i._is_digit         c_w.l(__printf_wp.o)
    0x08007d46   0x08007d46   0x00000010   Code   RO         6992    i.atan              m_wm.l(atan.o)
    0x08007d56   0x08007d56   0x00000002   PAD
    0x08007d58   0x08007d58   0x00000034   Code   RO         6456    i.calc_dis          exti_devices.o
    0x08007d8c   0x08007d8c   0x000000e4   Code   RO         6378    i.checkMotionCommand  car.o
    0x08007e70   0x08007e70   0x0000001c   Code   RO         6653    i.delay_init        delay.o
    0x08007e8c   0x08007e8c   0x00000038   Code   RO         6655    i.delay_us          delay.o
    0x08007ec4   0x08007ec4   0x0000003a   Code   RO         5868    i.dmp_enable_6x_lp_quat  inv_mpu_dmp_motion_driver.o
    0x08007efe   0x08007efe   0x00000002   PAD
    0x08007f00   0x08007f00   0x000001d8   Code   RO         5869    i.dmp_enable_feature  inv_mpu_dmp_motion_driver.o
    0x080080d8   0x080080d8   0x0000003c   Code   RO         5870    i.dmp_enable_gyro_cal  inv_mpu_dmp_motion_driver.o
    0x08008114   0x08008114   0x0000003a   Code   RO         5871    i.dmp_enable_lp_quat  inv_mpu_dmp_motion_driver.o
    0x0800814e   0x0800814e   0x00000002   PAD
    0x08008150   0x08008150   0x00000014   Code   RO         5876    i.dmp_load_motion_driver_firmware  inv_mpu_dmp_motion_driver.o
    0x08008164   0x08008164   0x0000014c   Code   RO         5877    i.dmp_read_fifo     inv_mpu_dmp_motion_driver.o
    0x080082b0   0x080082b0   0x00000064   Code   RO         5881    i.dmp_set_fifo_rate  inv_mpu_dmp_motion_driver.o
    0x08008314   0x08008314   0x0000010c   Code   RO         5884    i.dmp_set_orientation  inv_mpu_dmp_motion_driver.o
    0x08008420   0x08008420   0x00000030   Code   RO         5887    i.dmp_set_shake_reject_thresh  inv_mpu_dmp_motion_driver.o
    0x08008450   0x08008450   0x00000020   Code   RO         5888    i.dmp_set_shake_reject_time  inv_mpu_dmp_motion_driver.o
    0x08008470   0x08008470   0x00000020   Code   RO         5889    i.dmp_set_shake_reject_timeout  inv_mpu_dmp_motion_driver.o
    0x08008490   0x08008490   0x00000040   Code   RO         5890    i.dmp_set_tap_axes  inv_mpu_dmp_motion_driver.o
    0x080084d0   0x080084d0   0x00000022   Code   RO         5891    i.dmp_set_tap_count  inv_mpu_dmp_motion_driver.o
    0x080084f2   0x080084f2   0x00000002   PAD
    0x080084f4   0x080084f4   0x00000160   Code   RO         5892    i.dmp_set_tap_thresh  inv_mpu_dmp_motion_driver.o
    0x08008654   0x08008654   0x00000020   Code   RO         5893    i.dmp_set_tap_time  inv_mpu_dmp_motion_driver.o
    0x08008674   0x08008674   0x00000020   Code   RO         5894    i.dmp_set_tap_time_multi  inv_mpu_dmp_motion_driver.o
    0x08008694   0x08008694   0x00000018   Code   RO         7020    i.fabs              m_wm.l(fabs.o)
    0x080086ac   0x080086ac   0x00000048   Code   RO         6059    i.inv_row_2_scale   mpu6500.o
    0x080086f4   0x080086f4   0x000000b4   Code   RO           16    i.main              main.o
    0x080087a8   0x080087a8   0x0000000c   Code   RO         4942    i.makeFreeRtosPriority  cmsis_os.o
    0x080087b4   0x080087b4   0x00000054   Code   RO         5524    i.mpu_configure_fifo  inv_mpu.o
    0x08008808   0x08008808   0x0000003c   Code   RO         5525    i.mpu_get_accel_fsr  inv_mpu.o
    0x08008844   0x08008844   0x00000108   Code   RO         5541    i.mpu_init          inv_mpu.o
    0x0800894c   0x0800894c   0x000000b0   Code   RO         5542    i.mpu_load_firmware  inv_mpu.o
    0x080089fc   0x080089fc   0x000000f0   Code   RO         5543    i.mpu_lp_accel_mode  inv_mpu.o
    0x08008aec   0x08008aec   0x000000c4   Code   RO         5549    i.mpu_read_fifo_stream  inv_mpu.o
    0x08008bb0   0x08008bb0   0x00000078   Code   RO         5550    i.mpu_read_mem      inv_mpu.o
    0x08008c28   0x08008c28   0x000001d0   Code   RO         5553    i.mpu_reset_fifo    inv_mpu.o
    0x08008df8   0x08008df8   0x00000078   Code   RO         5558    i.mpu_set_accel_fsr  inv_mpu.o
    0x08008e70   0x08008e70   0x00000140   Code   RO         5559    i.mpu_set_bypass    inv_mpu.o
    0x08008fb0   0x08008fb0   0x00000098   Code   RO         5561    i.mpu_set_dmp_state  inv_mpu.o
    0x08009048   0x08009048   0x00000080   Code   RO         5563    i.mpu_set_gyro_fsr  inv_mpu.o
    0x080090c8   0x080090c8   0x00000074   Code   RO         5564    i.mpu_set_int_latched  inv_mpu.o
    0x0800913c   0x0800913c   0x00000080   Code   RO         5566    i.mpu_set_lpf       inv_mpu.o
    0x080091bc   0x080091bc   0x00000098   Code   RO         5567    i.mpu_set_sample_rate  inv_mpu.o
    0x08009254   0x08009254   0x000000e0   Code   RO         5568    i.mpu_set_sensors   inv_mpu.o
    0x08009334   0x08009334   0x00000078   Code   RO         5569    i.mpu_write_mem     inv_mpu.o
    0x080093ac   0x080093ac   0x000000d8   Code   RO         6379    i.newCar            car.o
    0x08009484   0x08009484   0x00000034   Code   RO         6424    i.newEncoder        encoder.o
    0x080094b8   0x080094b8   0x00000020   Code   RO         6499    i.newImu            imu.o
    0x080094d8   0x080094d8   0x00000048   Code   RO         6534    i.newMotor          motor.o
    0x08009520   0x08009520   0x0000000e   Code   RO         4944    i.osDelay           cmsis_os.o
    0x0800952e   0x0800952e   0x0000000a   Code   RO         4947    i.osKernelStart     cmsis_os.o
    0x08009538   0x08009538   0x00000054   Code   RO         4981    i.osThreadCreate    cmsis_os.o
    0x0800958c   0x0800958c   0x00000070   Code   RO         4624    i.prvAddCurrentTaskToDelayedList  tasks.o
    0x080095fc   0x080095fc   0x000000d0   Code   RO         4625    i.prvAddNewTaskToReadyList  tasks.o
    0x080096cc   0x080096cc   0x00000034   Code   RO         4626    i.prvDeleteTCB      tasks.o
    0x08009700   0x08009700   0x0000004c   Code   RO         5309    i.prvHeapInit       heap_4.o
    0x0800974c   0x0800974c   0x00000060   Code   RO         4627    i.prvIdleTask       tasks.o
    0x080097ac   0x080097ac   0x00000098   Code   RO         4628    i.prvInitialiseNewTask  tasks.o
    0x08009844   0x08009844   0x0000004c   Code   RO         5310    i.prvInsertBlockIntoFreeList  heap_4.o
    0x08009890   0x08009890   0x00000020   Code   RO         4629    i.prvResetNextTaskUnblockTime  tasks.o
    0x080098b0   0x080098b0   0x00000028   Code   RO         5378    i.prvTaskExitError  port.o
    0x080098d8   0x080098d8   0x000000dc   Code   RO         5311    i.pvPortMalloc      heap_4.o
    0x080099b4   0x080099b4   0x0000002c   Code   RO         5379    i.pxPortInitialiseStack  port.o
    0x080099e0   0x080099e0   0x0000007c   Code   RO         5570    i.set_int_enable    inv_mpu.o
    0x08009a5c   0x08009a5c   0x0000006e   Code   RO         7031    i.sqrt              m_wm.l(sqrt.o)
    0x08009aca   0x08009aca   0x00000026   Code   RO         4260    i.uxListRemove      list.o
    0x08009af0   0x08009af0   0x00000014   Code   RO          310    i.vApplicationGetIdleTaskMemory  freertos.o
    0x08009b04   0x08009b04   0x00000016   Code   RO         4261    i.vListInitialise   list.o
    0x08009b1a   0x08009b1a   0x00000006   Code   RO         4262    i.vListInitialiseItem  list.o
    0x08009b20   0x08009b20   0x00000030   Code   RO         4263    i.vListInsert       list.o
    0x08009b50   0x08009b50   0x00000018   Code   RO         4264    i.vListInsertEnd    list.o
    0x08009b68   0x08009b68   0x00000040   Code   RO         5381    i.vPortEnterCritical  port.o
    0x08009ba8   0x08009ba8   0x00000028   Code   RO         5382    i.vPortExitCritical  port.o
    0x08009bd0   0x08009bd0   0x00000064   Code   RO         5312    i.vPortFree         heap_4.o
    0x08009c34   0x08009c34   0x00000024   Code   RO         5383    i.vPortSetupTimerInterrupt  port.o
    0x08009c58   0x08009c58   0x0000004c   Code   RO         4638    i.vTaskDelay        tasks.o
    0x08009ca4   0x08009ca4   0x0000006c   Code   RO         4651    i.vTaskStartScheduler  tasks.o
    0x08009d10   0x08009d10   0x00000010   Code   RO         4653    i.vTaskSuspendAll   tasks.o
    0x08009d20   0x08009d20   0x0000005c   Code   RO         4654    i.vTaskSwitchContext  tasks.o
    0x08009d7c   0x08009d7c   0x000000f4   Code   RO         5385    i.xPortStartScheduler  port.o
    0x08009e70   0x08009e70   0x0000005a   Code   RO         4657    i.xTaskCreate       tasks.o
    0x08009eca   0x08009eca   0x00000056   Code   RO         4658    i.xTaskCreateStatic  tasks.o
    0x08009f20   0x08009f20   0x000000cc   Code   RO         4665    i.xTaskIncrementTick  tasks.o
    0x08009fec   0x08009fec   0x000000c4   Code   RO         4671    i.xTaskResumeAll    tasks.o
    0x0800a0b0   0x0800a0b0   0x0000002c   Code   RO         7123    locale$$code        c_w.l(lc_numeric_c.o)
    0x0800a0dc   0x0800a0dc   0x0000002c   Code   RO         7144    locale$$code        c_w.l(lc_ctype_c.o)
    0x0800a108   0x0800a108   0x00000018   Code   RO         6805    x$fpl$basic         fz_wm.l(basic.o)
    0x0800a120   0x0800a120   0x00000062   Code   RO         6807    x$fpl$d2f           fz_wm.l(d2f.o)
    0x0800a182   0x0800a182   0x00000002   PAD
    0x0800a184   0x0800a184   0x00000150   Code   RO         6809    x$fpl$dadd          fz_wm.l(daddsub_clz.o)
    0x0800a2d4   0x0800a2d4   0x000002b0   Code   RO         6816    x$fpl$ddiv          fz_wm.l(ddiv.o)
    0x0800a584   0x0800a584   0x00000154   Code   RO         6835    x$fpl$dmul          fz_wm.l(dmul.o)
    0x0800a6d8   0x0800a6d8   0x0000009c   Code   RO         6971    x$fpl$dnaninf       fz_wm.l(dnaninf.o)
    0x0800a774   0x0800a774   0x0000000c   Code   RO         6973    x$fpl$dretinf       fz_wm.l(dretinf.o)
    0x0800a780   0x0800a780   0x00000016   Code   RO         6810    x$fpl$drsb          fz_wm.l(daddsub_clz.o)
    0x0800a796   0x0800a796   0x00000002   PAD
    0x0800a798   0x0800a798   0x00000198   Code   RO         7081    x$fpl$dsqrt         fz_wm.l(dsqrt_umaal.o)
    0x0800a930   0x0800a930   0x000001d4   Code   RO         6811    x$fpl$dsub          fz_wm.l(daddsub_clz.o)
    0x0800ab04   0x0800ab04   0x00000056   Code   RO         6839    x$fpl$f2d           fz_wm.l(f2d.o)
    0x0800ab5a   0x0800ab5a   0x0000008c   Code   RO         6977    x$fpl$fnaninf       fz_wm.l(fnaninf.o)
    0x0800abe6   0x0800abe6   0x0000000a   Code   RO         7212    x$fpl$fpinit        fz_wm.l(fpinit.o)
    0x0800abf0   0x0800abf0   0x0000000a   Code   RO         6979    x$fpl$fretinf       fz_wm.l(fretinf.o)
    0x0800abfa   0x0800abfa   0x00000004   Code   RO         6981    x$fpl$printf1       fz_wm.l(printf1.o)
    0x0800abfe   0x0800abfe   0x00000004   Code   RO         6983    x$fpl$printf2       fz_wm.l(printf2.o)
    0x0800ac02   0x0800ac02   0x00000000   Code   RO         6989    x$fpl$usenofp       fz_wm.l(usenofp.o)
    0x0800ac02   0x0800ac02   0x00000002   PAD
    0x0800ac04   0x0800ac04   0x00000070   Data   RO          312    .constdata          freertos.o
    0x0800ac74   0x0800ac74   0x00000008   Data   RO         2591    .constdata          stm32f4xx_hal_dma.o
    0x0800ac7c   0x0800ac7c   0x00000010   Data   RO         4123    .constdata          system_stm32f4xx.o
    0x0800ac8c   0x0800ac8c   0x00000008   Data   RO         4124    .constdata          system_stm32f4xx.o
    0x0800ac94   0x0800ac94   0x0000001e   Data   RO         5571    .constdata          inv_mpu.o
    0x0800acb2   0x0800acb2   0x0000000c   Data   RO         5572    .constdata          inv_mpu.o
    0x0800acbe   0x0800acbe   0x00000002   PAD
    0x0800acc0   0x0800acc0   0x00000030   Data   RO         5573    .constdata          inv_mpu.o
    0x0800acf0   0x0800acf0   0x00000bf6   Data   RO         5896    .constdata          inv_mpu_dmp_motion_driver.o
    0x0800b8e6   0x0800b8e6   0x000005f0   Data   RO         6319    .constdata          oled_data.o
    0x0800bed6   0x0800bed6   0x0000023a   Data   RO         6320    .constdata          oled_data.o
    0x0800c110   0x0800c110   0x000000e8   Data   RO         6381    .constdata          car.o
    0x0800c1f8   0x0800c1f8   0x00000050   Data   RO         6844    .constdata          m_wm.l(asin.o)
    0x0800c248   0x0800c248   0x00000008   Data   RO         6895    .constdata          c_w.l(_printf_wctomb.o)
    0x0800c250   0x0800c250   0x00000028   Data   RO         6924    .constdata          c_w.l(_printf_hex_int_ll_ptr.o)
    0x0800c278   0x0800c278   0x00000011   Data   RO         6944    .constdata          c_w.l(__printf_flags_ss_wp.o)
    0x0800c289   0x0800c289   0x00000007   PAD
    0x0800c290   0x0800c290   0x00000098   Data   RO         6993    .constdata          m_wm.l(atan.o)
    0x0800c328   0x0800c328   0x00000008   Data   RO         7028    .constdata          m_wm.l(qnan.o)
    0x0800c330   0x0800c330   0x00000026   Data   RO         7070    .constdata          c_w.l(_printf_fp_hex.o)
    0x0800c356   0x0800c356   0x00000002   PAD
    0x0800c358   0x0800c358   0x00000094   Data   RO         7098    .constdata          c_w.l(bigflt0.o)
    0x0800c3ec   0x0800c3ec   0x0000002c   Data   RO          313    .conststring        freertos.o
    0x0800c418   0x0800c418   0x00000020   Data   RO         7268    Region$$Table       anon$$obj.o
    0x0800c438   0x0800c438   0x0000001c   Data   RO         7122    locale$$data        c_w.l(lc_numeric_c.o)
    0x0800c454   0x0800c454   0x00000110   Data   RO         7143    locale$$data        c_w.l(lc_ctype_c.o)


    Execution Region RW_IRAM1 (Exec base: 0x20000000, Load base: 0x0800c564, Size: 0x000052d8, Max: 0x00018000, ABSOLUTE)

    Exec Addr    Load Addr    Size         Type   Attr      Idx    E Section Name        Object

    0x20000000   0x0800c564   0x00000010   Data   RW          314    .data               freertos.o
    0x20000010   0x0800c574   0x0000000c   Data   RW         3060    .data               stm32f4xx_hal.o
    0x2000001c   0x0800c580   0x00000004   Data   RW         4125    .data               system_stm32f4xx.o
    0x20000020   0x0800c584   0x0000003c   Data   RW         4674    .data               tasks.o
    0x2000005c   0x0800c5c0   0x00000020   Data   RW         5318    .data               heap_4.o
    0x2000007c   0x0800c5e0   0x0000000c   Data   RW         5386    .data               port.o
    0x20000088   0x0800c5ec   0x0000002c   Data   RW         5575    .data               inv_mpu.o
    0x200000b4   0x0800c618   0x00000009   Data   RW         6060    .data               mpu6500.o
    0x200000bd   0x0800c621   0x00000003   PAD
    0x200000c0   0x0800c624   0x00000028   Data   RW         6340    .data               pid.o
    0x200000e8   0x0800c64c   0x0000000c   Data   RW         6382    .data               car.o
    0x200000f4   0x0800c658   0x00000002   Data   RW         6425    .data               encoder.o
    0x200000f6   0x0800c65a   0x00000002   PAD
    0x200000f8   0x0800c65c   0x00000018   Data   RW         6457    .data               exti_devices.o
    0x20000110   0x0800c674   0x00000004   Data   RW         6566    .data               potentiometers.o
    0x20000114   0x0800c678   0x00000008   Data   RW         6656    .data               delay.o
    0x2000011c        -       0x00000254   Zero   RW          311    .bss                freertos.o
    0x20000370        -       0x000000a8   Zero   RW          370    .bss                adc.o
    0x20000418        -       0x00000114   Zero   RW          436    .bss                i2c.o
    0x2000052c        -       0x000001b0   Zero   RW          486    .bss                tim.o
    0x200006dc        -       0x00000210   Zero   RW          569    .bss                usart.o
    0x200008ec        -       0x00000048   Zero   RW          806    .bss                stm32f4xx_hal_timebase_tim.o
    0x20000934        -       0x000000f0   Zero   RW         4673    .bss                tasks.o
    0x20000a24        -       0x00003c00   Zero   RW         5317    .bss                heap_4.o
    0x20004624        -       0x00000010   Zero   RW         5895    .bss                inv_mpu_dmp_motion_driver.o
    0x20004634        -       0x00000400   Zero   RW         6121    .bss                oled.o
    0x20004a34        -       0x000000b8   Zero   RW         6380    .bss                car.o
    0x20004aec        -       0x0000000c   Zero   RW         6565    .bss                potentiometers.o
    0x20004af8        -       0x00000180   Zero   RW         6603    .bss                communication.o
    0x20004c78        -       0x00000060   Zero   RW         7084    .bss                c_w.l(libspace.o)
    0x20004cd8        -       0x00000200   Zero   RW            2    HEAP                startup_stm32f401xe.o
    0x20004ed8        -       0x00000400   Zero   RW            1    STACK               startup_stm32f401xe.o


==============================================================================

Image component sizes


      Code (inc. data)   RO Data    RW Data    ZI Data      Debug   Object Name

       332         40          0          0        168       1871   adc.o
       712         78        232         12        184       3076   car.o
        48          8          0          0          0        531   cartask.o
       120          0          0          0          0      24081   cmsis_os.o
       196         32          0          0        384       3252   communication.o
       108         18          0          8          0       1932   delay.o
       156          4          0          0          0        862   dma.o
       104          8          0          2          0       1610   encoder.o
         0          0          0          0          0      17276   event_groups.o
       440         50          0         24          0       2806   exti_devices.o
       132         12        156         16        596       2919   freertos.o
       392         22          0          0          0       1119   gpio.o
       472         24          0         32      15360       7991   heap_4.o
       296         34          0          0        276       1863   i2c.o
        88          8          0          0          0       1713   imu.o
      3188        164         90         44          0      20603   inv_mpu.o
      1994        122       3062          0         16      18749   inv_mpu_dmp_motion_driver.o
       138          0          0          0          0       3998   list.o
       428         56          0          0          0     480184   main.o
       254         10          0          0          0       1742   motor.o
       748         24          0          9          0       3791   mpu6500.o
        12          0          0          0          0        513   multitask.o
      1074         48          0          0       1024      12549   oled.o
         0          0       2090          0          0        629   oled_data.o
       920        382          0          0          0       1192   oledtask.o
       216         20          0         40          0       2369   pid.o
       702         72          0         12          0      11728   port.o
        72         26          0          4         12       1740   potentiometers.o
        64         26        404          0       1536        844   startup_stm32f401xe.o
        80         14          0         12          0       8314   stm32f4xx_hal.o
      1150         58          0          0          0       7542   stm32f4xx_hal_adc.o
       158         14          0          0          0      33534   stm32f4xx_hal_cortex.o
      1090         16          8          0          0       8617   stm32f4xx_hal_dma.o
       540         40          0          0          0       4523   stm32f4xx_hal_gpio.o
      5202         86          0          0          0      33920   stm32f4xx_hal_i2c.o
        56          4          0          0          0        870   stm32f4xx_hal_msp.o
      1408         82          0          0          0       6389   stm32f4xx_hal_rcc.o
      2176         88          0          0          0      21160   stm32f4xx_hal_tim.o
       128         20          0          0          0       2789   stm32f4xx_hal_tim_ex.o
       152         20          0          0         72       1539   stm32f4xx_hal_timebase_tim.o
      1840         30          0          0          0      15121   stm32f4xx_hal_uart.o
       290         96          0          0          0      11594   stm32f4xx_it.o
         0          0          0          0          0        448   stream_buffer.o
        16          4         24          4          0       1183   system_stm32f4xx.o
      1520        112          0         60        240      21026   tasks.o
      1060         92          0          0        432       6463   tim.o
       524         50          0          0        528       2799   usart.o

    ----------------------------------------------------------------------
     30852       2114       6100        284      20828     821364   Object Totals
         0          0         32          0          0          0   (incl. Generated)
        56          0          2          5          0          0   (incl. Padding)

    ----------------------------------------------------------------------

      Code (inc. data)   RO Data    RW Data    ZI Data      Debug   Library Member Name

         8          0          0          0          0         68   __main.o
       392          4         17          0          0         92   __printf_flags_ss_wp.o
        14          0          0          0          0         68   __printf_wp.o
         0          0          0          0          0          0   __rtentry.o
        12          0          0          0          0          0   __rtentry2.o
         6          0          0          0          0          0   __rtentry4.o
        52          8          0          0          0          0   __scatter.o
        26          0          0          0          0          0   __scatter_copy.o
        28          0          0          0          0          0   __scatter_zi.o
         6          0          0          0          0          0   _printf_a.o
         6          0          0          0          0          0   _printf_c.o
        44          0          0          0          0        108   _printf_char.o
        48          6          0          0          0         96   _printf_char_common.o
        40          0          0          0          0         68   _printf_charcount.o
         6          0          0          0          0          0   _printf_d.o
       120         16          0          0          0         92   _printf_dec.o
         6          0          0          0          0          0   _printf_e.o
         6          0          0          0          0          0   _printf_f.o
      1054          0          0          0          0        216   _printf_fp_dec.o
       764          8         38          0          0        100   _printf_fp_hex.o
       128         16          0          0          0         84   _printf_fp_infnan.o
         6          0          0          0          0          0   _printf_g.o
       148          4         40          0          0        160   _printf_hex_int_ll_ptr.o
         6          0          0          0          0          0   _printf_i.o
       178          0          0          0          0         88   _printf_intcommon.o
        10          0          0          0          0          0   _printf_l.o
         6          0          0          0          0          0   _printf_lc.o
        10          0          0          0          0          0   _printf_ll.o
         6          0          0          0          0          0   _printf_lld.o
         6          0          0          0          0          0   _printf_lli.o
         6          0          0          0          0          0   _printf_llo.o
         6          0          0          0          0          0   _printf_llu.o
         6          0          0          0          0          0   _printf_llx.o
       124         16          0          0          0         92   _printf_longlong_dec.o
         6          0          0          0          0          0   _printf_ls.o
         6          0          0          0          0          0   _printf_n.o
         6          0          0          0          0          0   _printf_o.o
       112         10          0          0          0        124   _printf_oct_int_ll.o
         6          0          0          0          0          0   _printf_p.o
        78          0          0          0          0        108   _printf_pad.o
         0          0          0          0          0          0   _printf_percent.o
         4          0          0          0          0          0   _printf_percent_end.o
         6          0          0          0          0          0   _printf_s.o
        82          0          0          0          0         80   _printf_str.o
        36          0          0          0          0         84   _printf_truncate.o
         6          0          0          0          0          0   _printf_u.o
        44          0          0          0          0        108   _printf_wchar.o
       188          6          8          0          0         92   _printf_wctomb.o
         6          0          0          0          0          0   _printf_x.o
        22          0          0          0          0        100   _rserrno.o
        10          0          0          0          0         68   _sputc.o
        64          0          0          0          0         92   _wcrtomb.o
        16          0          0          0          0         68   aeabi_memset.o
       228          4        148          0          0         96   bigflt0.o
      1936        128          0          0          0        672   btod.o
        18          0          0          0          0         80   exit.o
         6          0          0          0          0        152   heapauxi.o
         0          0          0          0          0          0   indicate_semi.o
        44         10        272          0          0         76   lc_ctype_c.o
        44         10         28          0          0         76   lc_numeric_c.o
         2          0          0          0          0          0   libinit.o
        34          0          0          0          0          0   libinit2.o
         2          0          0          0          0          0   libshutdown.o
         2          0          0          0          0          0   libshutdown2.o
         8          4          0          0         96         68   libspace.o
       138          0          0          0          0         80   lludiv10.o
       238          0          0          0          0        100   lludivv7m.o
        88          0          0          0          0         76   memcmp.o
        16          4          0          0          0         76   rt_ctype_table.o
         8          4          0          0          0         68   rt_errno_addr_intlibspace.o
         8          4          0          0          0         68   rt_locale_intlibspace.o
        68          0          0          0          0         68   rt_memclr.o
        78          0          0          0          0         80   rt_memclr_w.o
       100          0          0          0          0         80   rt_memcpy_w.o
         2          0          0          0          0          0   rtexit.o
        10          0          0          0          0          0   rtexit2.o
       128          0          0          0          0         68   strcmpv7m.o
        12          4          0          0          0         68   sys_exit.o
        74          0          0          0          0         80   sys_stackheap_outer.o
         2          0          0          0          0         68   use_no_semi.o
        36          4          0          0          0         76   vsprintf.o
        24          0          0          0          0        164   basic.o
        98          4          0          0          0        140   d2f.o
       826         16          0          0          0        492   daddsub_clz.o
       688        140          0          0          0        256   ddiv.o
       340         12          0          0          0        152   dmul.o
       156          4          0          0          0        140   dnaninf.o
        12          0          0          0          0        116   dretinf.o
       408         56          0          0          0        168   dsqrt_umaal.o
        86          4          0          0          0        132   f2d.o
       140          4          0          0          0        132   fnaninf.o
        10          0          0          0          0        116   fpinit.o
        10          0          0          0          0        116   fretinf.o
         4          0          0          0          0        116   printf1.o
         4          0          0          0          0        116   printf2.o
         0          0          0          0          0          0   usenofp.o
       864         94         80          0          0        280   asin.o
       744        106        152          0          0        352   atan.o
       496         64          0          0          0        192   atan2.o
       104         16          0          0          0        496   dunder.o
        24          0          0          0          0        124   fabs.o
        48          0          0          0          0        124   fpclassify.o
       248          0          0          0          0        152   poly.o
         0          0          8          0          0          0   qnan.o
       110          0          0          0          0        148   sqrt.o

    ----------------------------------------------------------------------
     12780        790        800          0         96       8756   Library Totals
        24          0          9          0          0          0   (incl. Padding)

    ----------------------------------------------------------------------

      Code (inc. data)   RO Data    RW Data    ZI Data      Debug   Library Name

      7312        270        551          0         96       4532   c_w.l
      2806        240          0          0          0       2356   fz_wm.l
      2638        280        240          0          0       1868   m_wm.l

    ----------------------------------------------------------------------
     12780        790        800          0         96       8756   Library Totals

    ----------------------------------------------------------------------

==============================================================================


      Code (inc. data)   RO Data    RW Data    ZI Data      Debug   

     43632       2904       6900        284      20924     797524   Grand Totals
     43632       2904       6900        284      20924     797524   ELF Image Totals
     43632       2904       6900        284          0          0   ROM Totals

==============================================================================

    Total RO  Size (Code + RO Data)                50532 (  49.35kB)
    Total RW  Size (RW Data + ZI Data)             21208 (  20.71kB)
    Total ROM Size (Code + RO Data + RW Data)      50816 (  49.63kB)

==============================================================================

